
> temp_vite@0.0.0 test:coverage
> vitest run --coverage


[1m[46m RUN [49m[22m [36mv4.0.18 [39m[90m/app[39m
      [2mCoverage enabled with [22m[33mv8[39m

[90mstdout[2m | tests/unit/coverage-sweeper.test.tsx[2m > [22m[2mMods Page Full Sweeper Coverage[2m > [22m[2m1. should handle FilterBar onFilterChange
[22m[39m[Browse] Fetching page 1...

[90mstderr[2m | tests/unit/mods-page-final-coverage.test.tsx[2m > [22m[2mMods Page Final Coverage[2m > [22m[2mshould handle Drag and Drop file installation
[22m[39mTypeError: window.electronAPI.getProfiles is not a function
    at loadProfiles [90m(/app/[39msrc/components/ProfileManager.tsx:26:36[90m)[39m
    at [90m/app/[39msrc/components/ProfileManager.tsx:20:9
    at Object.react_stack_bottom_frame [90m(/app/[39mnode_modules/[4m.pnpm[24m/react-dom@19.2.3_react@19.2.3/node_modules/[4mreact-dom[24m/cjs/react-dom-client.development.js:25989:20[90m)[39m
    at runWithFiberInDEV [90m(/app/[39mnode_modules/[4m.pnpm[24m/react-dom@19.2.3_react@19.2.3/node_modules/[4mreact-dom[24m/cjs/react-dom-client.development.js:874:13[90m)[39m
    at commitHookEffectListMount [90m(/app/[39mnode_modules/[4m.pnpm[24m/react-dom@19.2.3_react@19.2.3/node_modules/[4mreact-dom[24m/cjs/react-dom-client.development.js:13249:29[90m)[39m
    at commitHookPassiveMountEffects [90m(/app/[39mnode_modules/[4m.pnpm[24m/react-dom@19.2.3_react@19.2.3/node_modules/[4mreact-dom[24m/cjs/react-dom-client.development.js:13336:11[90m)[39m
    at commitPassiveMountOnFiber [90m(/app/[39mnode_modules/[4m.pnpm[24m/react-dom@19.2.3_react@19.2.3/node_modules/[4mreact-dom[24m/cjs/react-dom-client.development.js:15484:13[90m)[39m
    at recursivelyTraversePassiveMountEffects [90m(/app/[39mnode_modules/[4m.pnpm[24m/react-dom@19.2.3_react@19.2.3/node_modules/[4mreact-dom[24m/cjs/react-dom-client.development.js:15439:11[90m)[39m
    at commitPassiveMountOnFiber [90m(/app/[39mnode_modules/[4m.pnpm[24m/react-dom@19.2.3_react@19.2.3/node_modules/[4mreact-dom[24m/cjs/react-dom-client.development.js:15718:11[90m)[39m
    at recursivelyTraversePassiveMountEffects [90m(/app/[39mnode_modules/[4m.pnpm[24m/react-dom@19.2.3_react@19.2.3/node_modules/[4mreact-dom[24m/cjs/react-dom-client.development.js:15439:11[90m)[39m

[90mstderr[2m | tests/unit/mods-page-final-coverage.test.tsx[2m > [22m[2mMods Page Final Coverage[2m > [22m[2mshould handle batch update partial failures
[22m[39mTypeError: window.electronAPI.getProfiles is not a function
    at loadProfiles [90m(/app/[39msrc/components/ProfileManager.tsx:26:36[90m)[39m
    at [90m/app/[39msrc/components/ProfileManager.tsx:20:9
    at Object.react_stack_bottom_frame [90m(/app/[39mnode_modules/[4m.pnpm[24m/react-dom@19.2.3_react@19.2.3/node_modules/[4mreact-dom[24m/cjs/react-dom-client.development.js:25989:20[90m)[39m
    at runWithFiberInDEV [90m(/app/[39mnode_modules/[4m.pnpm[24m/react-dom@19.2.3_react@19.2.3/node_modules/[4mreact-dom[24m/cjs/react-dom-client.development.js:874:13[90m)[39m
    at commitHookEffectListMount [90m(/app/[39mnode_modules/[4m.pnpm[24m/react-dom@19.2.3_react@19.2.3/node_modules/[4mreact-dom[24m/cjs/react-dom-client.development.js:13249:29[90m)[39m
    at commitHookPassiveMountEffects [90m(/app/[39mnode_modules/[4m.pnpm[24m/react-dom@19.2.3_react@19.2.3/node_modules/[4mreact-dom[24m/cjs/react-dom-client.development.js:13336:11[90m)[39m
    at commitPassiveMountOnFiber [90m(/app/[39mnode_modules/[4m.pnpm[24m/react-dom@19.2.3_react@19.2.3/node_modules/[4mreact-dom[24m/cjs/react-dom-client.development.js:15484:13[90m)[39m
    at recursivelyTraversePassiveMountEffects [90m(/app/[39mnode_modules/[4m.pnpm[24m/react-dom@19.2.3_react@19.2.3/node_modules/[4mreact-dom[24m/cjs/react-dom-client.development.js:15439:11[90m)[39m
    at commitPassiveMountOnFiber [90m(/app/[39mnode_modules/[4m.pnpm[24m/react-dom@19.2.3_react@19.2.3/node_modules/[4mreact-dom[24m/cjs/react-dom-client.development.js:15718:11[90m)[39m
    at recursivelyTraversePassiveMountEffects [90m(/app/[39mnode_modules/[4m.pnpm[24m/react-dom@19.2.3_react@19.2.3/node_modules/[4mreact-dom[24m/cjs/react-dom-client.development.js:15439:11[90m)[39m

[90mstdout[2m | tests/unit/pages/Mods.test.tsx[2m > [22m[2mMods Page[2m > [22m[2mshould switch tabs
[22m[39m[Browse] Fetching page 1...

[90mstderr[2m | tests/unit/mods-page-final-coverage.test.tsx[2m > [22m[2mMods Page Final Coverage[2m > [22m[2mshould handle batch update exception
[22m[39mTypeError: window.electronAPI.getProfiles is not a function
    at loadProfiles [90m(/app/[39msrc/components/ProfileManager.tsx:26:36[90m)[39m
    at [90m/app/[39msrc/components/ProfileManager.tsx:20:9
    at Object.react_stack_bottom_frame [90m(/app/[39mnode_modules/[4m.pnpm[24m/react-dom@19.2.3_react@19.2.3/node_modules/[4mreact-dom[24m/cjs/react-dom-client.development.js:25989:20[90m)[39m
    at runWithFiberInDEV [90m(/app/[39mnode_modules/[4m.pnpm[24m/react-dom@19.2.3_react@19.2.3/node_modules/[4mreact-dom[24m/cjs/react-dom-client.development.js:874:13[90m)[39m
    at commitHookEffectListMount [90m(/app/[39mnode_modules/[4m.pnpm[24m/react-dom@19.2.3_react@19.2.3/node_modules/[4mreact-dom[24m/cjs/react-dom-client.development.js:13249:29[90m)[39m
    at commitHookPassiveMountEffects [90m(/app/[39mnode_modules/[4m.pnpm[24m/react-dom@19.2.3_react@19.2.3/node_modules/[4mreact-dom[24m/cjs/react-dom-client.development.js:13336:11[90m)[39m
    at commitPassiveMountOnFiber [90m(/app/[39mnode_modules/[4m.pnpm[24m/react-dom@19.2.3_react@19.2.3/node_modules/[4mreact-dom[24m/cjs/react-dom-client.development.js:15484:13[90m)[39m
    at recursivelyTraversePassiveMountEffects [90m(/app/[39mnode_modules/[4m.pnpm[24m/react-dom@19.2.3_react@19.2.3/node_modules/[4mreact-dom[24m/cjs/react-dom-client.development.js:15439:11[90m)[39m
    at commitPassiveMountOnFiber [90m(/app/[39mnode_modules/[4m.pnpm[24m/react-dom@19.2.3_react@19.2.3/node_modules/[4mreact-dom[24m/cjs/react-dom-client.development.js:15718:11[90m)[39m
    at recursivelyTraversePassiveMountEffects [90m(/app/[39mnode_modules/[4m.pnpm[24m/react-dom@19.2.3_react@19.2.3/node_modules/[4mreact-dom[24m/cjs/react-dom-client.development.js:15439:11[90m)[39m

[90mstderr[2m | tests/unit/mods-page-final-coverage.test.tsx[2m > [22m[2mMods Page Final Coverage[2m > [22m[2mshould handle batch update exception
[22m[39mBatch update failed Error: Batch fail
    at [90m/app/[39mtests/unit/mods-page-final-coverage.test.tsx:145:57
    at [90mfile:///app/[39mnode_modules/[4m.pnpm[24m/@vitest+runner@4.0.18/node_modules/[4m@vitest/runner[24m/dist/index.js:145:11
    at [90mfile:///app/[39mnode_modules/[4m.pnpm[24m/@vitest+runner@4.0.18/node_modules/[4m@vitest/runner[24m/dist/index.js:915:26
    at [90mfile:///app/[39mnode_modules/[4m.pnpm[24m/@vitest+runner@4.0.18/node_modules/[4m@vitest/runner[24m/dist/index.js:1243:20
    at new Promise (<anonymous>)
    at runWithTimeout [90m(file:///app/[39mnode_modules/[4m.pnpm[24m/@vitest+runner@4.0.18/node_modules/[4m@vitest/runner[24m/dist/index.js:1209:10[90m)[39m
    at [90mfile:///app/[39mnode_modules/[4m.pnpm[24m/@vitest+runner@4.0.18/node_modules/[4m@vitest/runner[24m/dist/index.js:1653:37
    at Traces.$ [90m(file:///app/[39mnode_modules/[4m.pnpm[24m/vitest@4.0.18_@types+node@24.10.9_happy-dom@20.3.3/node_modules/[4mvitest[24m/dist/chunks/traces.CCmnQaNT.js:142:27[90m)[39m
    at trace [90m(file:///app/[39mnode_modules/[4m.pnpm[24m/vitest@4.0.18_@types+node@24.10.9_happy-dom@20.3.3/node_modules/[4mvitest[24m/dist/chunks/test.B8ej_ZHS.js:239:21[90m)[39m
    at runTest [90m(file:///app/[39mnode_modules/[4m.pnpm[24m/@vitest+runner@4.0.18/node_modules/[4m@vitest/runner[24m/dist/index.js:1653:12[90m)[39m

[90mstdout[2m | tests/unit/mods-page-final-coverage.test.tsx[2m > [22m[2mMods Page Final Coverage[2m > [22m[2mshould handle infinite scroll intersection
[22m[39m[Browse] Fetching page 1...

[90mstderr[2m | tests/unit/mods-page-final-coverage.test.tsx[2m > [22m[2mMods Page Final Coverage[2m > [22m[2mshould handle infinite scroll intersection
[22m[39mTypeError: window.electronAPI.getProfiles is not a function
    at loadProfiles [90m(/app/[39msrc/components/ProfileManager.tsx:26:36[90m)[39m
    at [90m/app/[39msrc/components/ProfileManager.tsx:20:9
    at Object.react_stack_bottom_frame [90m(/app/[39mnode_modules/[4m.pnpm[24m/react-dom@19.2.3_react@19.2.3/node_modules/[4mreact-dom[24m/cjs/react-dom-client.development.js:25989:20[90m)[39m
    at runWithFiberInDEV [90m(/app/[39mnode_modules/[4m.pnpm[24m/react-dom@19.2.3_react@19.2.3/node_modules/[4mreact-dom[24m/cjs/react-dom-client.development.js:874:13[90m)[39m
    at commitHookEffectListMount [90m(/app/[39mnode_modules/[4m.pnpm[24m/react-dom@19.2.3_react@19.2.3/node_modules/[4mreact-dom[24m/cjs/react-dom-client.development.js:13249:29[90m)[39m
    at commitHookPassiveMountEffects [90m(/app/[39mnode_modules/[4m.pnpm[24m/react-dom@19.2.3_react@19.2.3/node_modules/[4mreact-dom[24m/cjs/react-dom-client.development.js:13336:11[90m)[39m
    at commitPassiveMountOnFiber [90m(/app/[39mnode_modules/[4m.pnpm[24m/react-dom@19.2.3_react@19.2.3/node_modules/[4mreact-dom[24m/cjs/react-dom-client.development.js:15484:13[90m)[39m
    at recursivelyTraversePassiveMountEffects [90m(/app/[39mnode_modules/[4m.pnpm[24m/react-dom@19.2.3_react@19.2.3/node_modules/[4mreact-dom[24m/cjs/react-dom-client.development.js:15439:11[90m)[39m
    at commitPassiveMountOnFiber [90m(/app/[39mnode_modules/[4m.pnpm[24m/react-dom@19.2.3_react@19.2.3/node_modules/[4mreact-dom[24m/cjs/react-dom-client.development.js:15718:11[90m)[39m
    at recursivelyTraversePassiveMountEffects [90m(/app/[39mnode_modules/[4m.pnpm[24m/react-dom@19.2.3_react@19.2.3/node_modules/[4mreact-dom[24m/cjs/react-dom-client.development.js:15439:11[90m)[39m

[90mstdout[2m | tests/unit/pages/Mods.test.tsx[2m > [22m[2mMods Page[2m > [22m[2mshould filter browse mods with debounce
[22m[39m[Browse] Fetching page 1...

[90mstderr[2m | tests/unit/mods-page-final-coverage.test.tsx[2m > [22m[2mMods Page Final Coverage[2m > [22m[2mshould handle infinite scroll intersection
[22m[39mEncountered two children with the same key, `m`. Keys should be unique so that components maintain their identity across updates. Non-unique keys may cause children to be duplicated and/or omitted — the behavior is unsupported and could change in a future version.
Encountered two children with the same key, `m`. Keys should be unique so that components maintain their identity across updates. Non-unique keys may cause children to be duplicated and/or omitted — the behavior is unsupported and could change in a future version.
Encountered two children with the same key, `m`. Keys should be unique so that components maintain their identity across updates. Non-unique keys may cause children to be duplicated and/or omitted — the behavior is unsupported and could change in a future version.
Encountered two children with the same key, `m`. Keys should be unique so that components maintain their identity across updates. Non-unique keys may cause children to be duplicated and/or omitted — the behavior is unsupported and could change in a future version.
Encountered two children with the same key, `m`. Keys should be unique so that components maintain their identity across updates. Non-unique keys may cause children to be duplicated and/or omitted — the behavior is unsupported and could change in a future version.
Encountered two children with the same key, `m`. Keys should be unique so that components maintain their identity across updates. Non-unique keys may cause children to be duplicated and/or omitted — the behavior is unsupported and could change in a future version.
Encountered two children with the same key, `m`. Keys should be unique so that components maintain their identity across updates. Non-unique keys may cause children to be duplicated and/or omitted — the behavior is unsupported and could change in a future version.
Encountered two children with the same key, `m`. Keys should be unique so that components maintain their identity across updates. Non-unique keys may cause children to be duplicated and/or omitted — the behavior is unsupported and could change in a future version.
Encountered two children with the same key, `m`. Keys should be unique so that components maintain their identity across updates. Non-unique keys may cause children to be duplicated and/or omitted — the behavior is unsupported and could change in a future version.
Encountered two children with the same key, `m`. Keys should be unique so that components maintain their identity across updates. Non-unique keys may cause children to be duplicated and/or omitted — the behavior is unsupported and could change in a future version.
Encountered two children with the same key, `m`. Keys should be unique so that components maintain their identity across updates. Non-unique keys may cause children to be duplicated and/or omitted — the behavior is unsupported and could change in a future version.
Encountered two children with the same key, `m`. Keys should be unique so that components maintain their identity across updates. Non-unique keys may cause children to be duplicated and/or omitted — the behavior is unsupported and could change in a future version.
Encountered two children with the same key, `m`. Keys should be unique so that components maintain their identity across updates. Non-unique keys may cause children to be duplicated and/or omitted — the behavior is unsupported and could change in a future version.
Encountered two children with the same key, `m`. Keys should be unique so that components maintain their identity across updates. Non-unique keys may cause children to be duplicated and/or omitted — the behavior is unsupported and could change in a future version.
Encountered two children with the same key, `m`. Keys should be unique so that components maintain their identity across updates. Non-unique keys may cause children to be duplicated and/or omitted — the behavior is unsupported and could change in a future version.
Encountered two children with the same key, `m`. Keys should be unique so that components maintain their identity across updates. Non-unique keys may cause children to be duplicated and/or omitted — the behavior is unsupported and could change in a future version.
Encountered two children with the same key, `m`. Keys should be unique so that components maintain their identity across updates. Non-unique keys may cause children to be duplicated and/or omitted — the behavior is unsupported and could change in a future version.
Encountered two children with the same key, `m`. Keys should be unique so that components maintain their identity across updates. Non-unique keys may cause children to be duplicated and/or omitted — the behavior is unsupported and could change in a future version.
Encountered two children with the same key, `m`. Keys should be unique so that components maintain their identity across updates. Non-unique keys may cause children to be duplicated and/or omitted — the behavior is unsupported and could change in a future version.

[90mstdout[2m | tests/unit/coverage-sweeper.test.tsx[2m > [22m[2mMods Page Full Sweeper Coverage[2m > [22m[2m1. should handle FilterBar onFilterChange
[22m[39m[Browse] Fetching page 1...

[90mstderr[2m | tests/unit/mods-page-final-coverage.test.tsx[2m > [22m[2mMods Page Final Coverage[2m > [22m[2mshould handle infinite scroll intersection
[22m[39mEncountered two children with the same key, `m`. Keys should be unique so that components maintain their identity across updates. Non-unique keys may cause children to be duplicated and/or omitted — the behavior is unsupported and could change in a future version.
Encountered two children with the same key, `m`. Keys should be unique so that components maintain their identity across updates. Non-unique keys may cause children to be duplicated and/or omitted — the behavior is unsupported and could change in a future version.
Encountered two children with the same key, `m`. Keys should be unique so that components maintain their identity across updates. Non-unique keys may cause children to be duplicated and/or omitted — the behavior is unsupported and could change in a future version.
Encountered two children with the same key, `m`. Keys should be unique so that components maintain their identity across updates. Non-unique keys may cause children to be duplicated and/or omitted — the behavior is unsupported and could change in a future version.
Encountered two children with the same key, `m`. Keys should be unique so that components maintain their identity across updates. Non-unique keys may cause children to be duplicated and/or omitted — the behavior is unsupported and could change in a future version.
Encountered two children with the same key, `m`. Keys should be unique so that components maintain their identity across updates. Non-unique keys may cause children to be duplicated and/or omitted — the behavior is unsupported and could change in a future version.
Encountered two children with the same key, `m`. Keys should be unique so that components maintain their identity across updates. Non-unique keys may cause children to be duplicated and/or omitted — the behavior is unsupported and could change in a future version.
Encountered two children with the same key, `m`. Keys should be unique so that components maintain their identity across updates. Non-unique keys may cause children to be duplicated and/or omitted — the behavior is unsupported and could change in a future version.
Encountered two children with the same key, `m`. Keys should be unique so that components maintain their identity across updates. Non-unique keys may cause children to be duplicated and/or omitted — the behavior is unsupported and could change in a future version.
Encountered two children with the same key, `m`. Keys should be unique so that components maintain their identity across updates. Non-unique keys may cause children to be duplicated and/or omitted — the behavior is unsupported and could change in a future version.
Encountered two children with the same key, `m`. Keys should be unique so that components maintain their identity across updates. Non-unique keys may cause children to be duplicated and/or omitted — the behavior is unsupported and could change in a future version.
Encountered two children with the same key, `m`. Keys should be unique so that components maintain their identity across updates. Non-unique keys may cause children to be duplicated and/or omitted — the behavior is unsupported and could change in a future version.
Encountered two children with the same key, `m`. Keys should be unique so that components maintain their identity across updates. Non-unique keys may cause children to be duplicated and/or omitted — the behavior is unsupported and could change in a future version.
Encountered two children with the same key, `m`. Keys should be unique so that components maintain their identity across updates. Non-unique keys may cause children to be duplicated and/or omitted — the behavior is unsupported and could change in a future version.
Encountered two children with the same key, `m`. Keys should be unique so that components maintain their identity across updates. Non-unique keys may cause children to be duplicated and/or omitted — the behavior is unsupported and could change in a future version.
Encountered two children with the same key, `m`. Keys should be unique so that components maintain their identity across updates. Non-unique keys may cause children to be duplicated and/or omitted — the behavior is unsupported and could change in a future version.
Encountered two children with the same key, `m`. Keys should be unique so that components maintain their identity across updates. Non-unique keys may cause children to be duplicated and/or omitted — the behavior is unsupported and could change in a future version.
Encountered two children with the same key, `m`. Keys should be unique so that components maintain their identity across updates. Non-unique keys may cause children to be duplicated and/or omitted — the behavior is unsupported and could change in a future version.
Encountered two children with the same key, `m`. Keys should be unique so that components maintain their identity across updates. Non-unique keys may cause children to be duplicated and/or omitted — the behavior is unsupported and could change in a future version.
Encountered two children with the same key, `m`. Keys should be unique so that components maintain their identity across updates. Non-unique keys may cause children to be duplicated and/or omitted — the behavior is unsupported and could change in a future version.
Encountered two children with the same key, `m`. Keys should be unique so that components maintain their identity across updates. Non-unique keys may cause children to be duplicated and/or omitted — the behavior is unsupported and could change in a future version.
Encountered two children with the same key, `m`. Keys should be unique so that components maintain their identity across updates. Non-unique keys may cause children to be duplicated and/or omitted — the behavior is unsupported and could change in a future version.
Encountered two children with the same key, `m`. Keys should be unique so that components maintain their identity across updates. Non-unique keys may cause children to be duplicated and/or omitted — the behavior is unsupported and could change in a future version.
Encountered two children with the same key, `m`. Keys should be unique so that components maintain their identity across updates. Non-unique keys may cause children to be duplicated and/or omitted — the behavior is unsupported and could change in a future version.
Encountered two children with the same key, `m`. Keys should be unique so that components maintain their identity across updates. Non-unique keys may cause children to be duplicated and/or omitted — the behavior is unsupported and could change in a future version.
Encountered two children with the same key, `m`. Keys should be unique so that components maintain their identity across updates. Non-unique keys may cause children to be duplicated and/or omitted — the behavior is unsupported and could change in a future version.
Encountered two children with the same key, `m`. Keys should be unique so that components maintain their identity across updates. Non-unique keys may cause children to be duplicated and/or omitted — the behavior is unsupported and could change in a future version.
Encountered two children with the same key, `m`. Keys should be unique so that components maintain their identity across updates. Non-unique keys may cause children to be duplicated and/or omitted — the behavior is unsupported and could change in a future version.
Encountered two children with the same key, `m`. Keys should be unique so that components maintain their identity across updates. Non-unique keys may cause children to be duplicated and/or omitted — the behavior is unsupported and could change in a future version.
Encountered two children with the same key, `m`. Keys should be unique so that components maintain their identity across updates. Non-unique keys may cause children to be duplicated and/or omitted — the behavior is unsupported and could change in a future version.
Encountered two children with the same key, `m`. Keys should be unique so that components maintain their identity across updates. Non-unique keys may cause children to be duplicated and/or omitted — the behavior is unsupported and could change in a future version.
Encountered two children with the same key, `m`. Keys should be unique so that components maintain their identity across updates. Non-unique keys may cause children to be duplicated and/or omitted — the behavior is unsupported and could change in a future version.
Encountered two children with the same key, `m`. Keys should be unique so that components maintain their identity across updates. Non-unique keys may cause children to be duplicated and/or omitted — the behavior is unsupported and could change in a future version.
Encountered two children with the same key, `m`. Keys should be unique so that components maintain their identity across updates. Non-unique keys may cause children to be duplicated and/or omitted — the behavior is unsupported and could change in a future version.
Encountered two children with the same key, `m`. Keys should be unique so that components maintain their identity across updates. Non-unique keys may cause children to be duplicated and/or omitted — the behavior is unsupported and could change in a future version.
Encountered two children with the same key, `m`. Keys should be unique so that components maintain their identity across updates. Non-unique keys may cause children to be duplicated and/or omitted — the behavior is unsupported and could change in a future version.
Encountered two children with the same key, `m`. Keys should be unique so that components maintain their identity across updates. Non-unique keys may cause children to be duplicated and/or omitted — the behavior is unsupported and could change in a future version.
Encountered two children with the same key, `m`. Keys should be unique so that components maintain their identity across updates. Non-unique keys may cause children to be duplicated and/or omitted — the behavior is unsupported and could change in a future version.

[90mstdout[2m | tests/unit/mods-page-final-coverage.test.tsx[2m > [22m[2mMods Page Final Coverage[2m > [22m[2mshould handle infinite scroll intersection
[22m[39m[Browse] Fetching page 2...

[90mstdout[2m | tests/unit/coverage-sweeper.test.tsx[2m > [22m[2mMods Page Full Sweeper Coverage[2m > [22m[2m2. should close ModDetailsModal via prop
[22m[39mSkipping API calls for invalid or local mod ID: [33mNaN[39m

[90mstderr[2m | tests/unit/mods-page-final-coverage.test.tsx[2m > [22m[2mMods Page Final Coverage[2m > [22m[2mshould handle infinite scroll intersection
[22m[39mEncountered two children with the same key, `m`. Keys should be unique so that components maintain their identity across updates. Non-unique keys may cause children to be duplicated and/or omitted — the behavior is unsupported and could change in a future version.
Encountered two children with the same key, `m`. Keys should be unique so that components maintain their identity across updates. Non-unique keys may cause children to be duplicated and/or omitted — the behavior is unsupported and could change in a future version.
Encountered two children with the same key, `m`. Keys should be unique so that components maintain their identity across updates. Non-unique keys may cause children to be duplicated and/or omitted — the behavior is unsupported and could change in a future version.
Encountered two children with the same key, `m`. Keys should be unique so that components maintain their identity across updates. Non-unique keys may cause children to be duplicated and/or omitted — the behavior is unsupported and could change in a future version.
Encountered two children with the same key, `m`. Keys should be unique so that components maintain their identity across updates. Non-unique keys may cause children to be duplicated and/or omitted — the behavior is unsupported and could change in a future version.
Encountered two children with the same key, `m`. Keys should be unique so that components maintain their identity across updates. Non-unique keys may cause children to be duplicated and/or omitted — the behavior is unsupported and could change in a future version.
Encountered two children with the same key, `m`. Keys should be unique so that components maintain their identity across updates. Non-unique keys may cause children to be duplicated and/or omitted — the behavior is unsupported and could change in a future version.
Encountered two children with the same key, `m`. Keys should be unique so that components maintain their identity across updates. Non-unique keys may cause children to be duplicated and/or omitted — the behavior is unsupported and could change in a future version.
Encountered two children with the same key, `m`. Keys should be unique so that components maintain their identity across updates. Non-unique keys may cause children to be duplicated and/or omitted — the behavior is unsupported and could change in a future version.
Encountered two children with the same key, `m`. Keys should be unique so that components maintain their identity across updates. Non-unique keys may cause children to be duplicated and/or omitted — the behavior is unsupported and could change in a future version.
Encountered two children with the same key, `m`. Keys should be unique so that components maintain their identity across updates. Non-unique keys may cause children to be duplicated and/or omitted — the behavior is unsupported and could change in a future version.
Encountered two children with the same key, `m`. Keys should be unique so that components maintain their identity across updates. Non-unique keys may cause children to be duplicated and/or omitted — the behavior is unsupported and could change in a future version.
Encountered two children with the same key, `m`. Keys should be unique so that components maintain their identity across updates. Non-unique keys may cause children to be duplicated and/or omitted — the behavior is unsupported and could change in a future version.
Encountered two children with the same key, `m`. Keys should be unique so that components maintain their identity across updates. Non-unique keys may cause children to be duplicated and/or omitted — the behavior is unsupported and could change in a future version.
Encountered two children with the same key, `m`. Keys should be unique so that components maintain their identity across updates. Non-unique keys may cause children to be duplicated and/or omitted — the behavior is unsupported and could change in a future version.
Encountered two children with the same key, `m`. Keys should be unique so that components maintain their identity across updates. Non-unique keys may cause children to be duplicated and/or omitted — the behavior is unsupported and could change in a future version.
Encountered two children with the same key, `m`. Keys should be unique so that components maintain their identity across updates. Non-unique keys may cause children to be duplicated and/or omitted — the behavior is unsupported and could change in a future version.
Encountered two children with the same key, `m`. Keys should be unique so that components maintain their identity across updates. Non-unique keys may cause children to be duplicated and/or omitted — the behavior is unsupported and could change in a future version.
Encountered two children with the same key, `m`. Keys should be unique so that components maintain their identity across updates. Non-unique keys may cause children to be duplicated and/or omitted — the behavior is unsupported and could change in a future version.
Encountered two children with the same key, `m2`. Keys should be unique so that components maintain their identity across updates. Non-unique keys may cause children to be duplicated and/or omitted — the behavior is unsupported and could change in a future version.
Encountered two children with the same key, `m2`. Keys should be unique so that components maintain their identity across updates. Non-unique keys may cause children to be duplicated and/or omitted — the behavior is unsupported and could change in a future version.
Encountered two children with the same key, `m2`. Keys should be unique so that components maintain their identity across updates. Non-unique keys may cause children to be duplicated and/or omitted — the behavior is unsupported and could change in a future version.
Encountered two children with the same key, `m2`. Keys should be unique so that components maintain their identity across updates. Non-unique keys may cause children to be duplicated and/or omitted — the behavior is unsupported and could change in a future version.

[90mstderr[2m | tests/unit/mods-page-final-coverage.test.tsx[2m > [22m[2mMods Page Final Coverage[2m > [22m[2mshould handle external download trigger (deep link)
[22m[39mTypeError: window.electronAPI.getProfiles is not a function
    at loadProfiles [90m(/app/[39msrc/components/ProfileManager.tsx:26:36[90m)[39m
    at [90m/app/[39msrc/components/ProfileManager.tsx:20:9
    at Object.react_stack_bottom_frame [90m(/app/[39mnode_modules/[4m.pnpm[24m/react-dom@19.2.3_react@19.2.3/node_modules/[4mreact-dom[24m/cjs/react-dom-client.development.js:25989:20[90m)[39m
    at runWithFiberInDEV [90m(/app/[39mnode_modules/[4m.pnpm[24m/react-dom@19.2.3_react@19.2.3/node_modules/[4mreact-dom[24m/cjs/react-dom-client.development.js:874:13[90m)[39m
    at commitHookEffectListMount [90m(/app/[39mnode_modules/[4m.pnpm[24m/react-dom@19.2.3_react@19.2.3/node_modules/[4mreact-dom[24m/cjs/react-dom-client.development.js:13249:29[90m)[39m
    at commitHookPassiveMountEffects [90m(/app/[39mnode_modules/[4m.pnpm[24m/react-dom@19.2.3_react@19.2.3/node_modules/[4mreact-dom[24m/cjs/react-dom-client.development.js:13336:11[90m)[39m
    at commitPassiveMountOnFiber [90m(/app/[39mnode_modules/[4m.pnpm[24m/react-dom@19.2.3_react@19.2.3/node_modules/[4mreact-dom[24m/cjs/react-dom-client.development.js:15484:13[90m)[39m
    at recursivelyTraversePassiveMountEffects [90m(/app/[39mnode_modules/[4m.pnpm[24m/react-dom@19.2.3_react@19.2.3/node_modules/[4mreact-dom[24m/cjs/react-dom-client.development.js:15439:11[90m)[39m
    at commitPassiveMountOnFiber [90m(/app/[39mnode_modules/[4m.pnpm[24m/react-dom@19.2.3_react@19.2.3/node_modules/[4mreact-dom[24m/cjs/react-dom-client.development.js:15718:11[90m)[39m
    at recursivelyTraversePassiveMountEffects [90m(/app/[39mnode_modules/[4m.pnpm[24m/react-dom@19.2.3_react@19.2.3/node_modules/[4mreact-dom[24m/cjs/react-dom-client.development.js:15439:11[90m)[39m

[90mstderr[2m | tests/unit/mods-page-final-coverage.test.tsx[2m > [22m[2mMods Page Final Coverage[2m > [22m[2mshould handle toggle conflict warning
[22m[39mTypeError: window.electronAPI.getProfiles is not a function
    at loadProfiles [90m(/app/[39msrc/components/ProfileManager.tsx:26:36[90m)[39m
    at [90m/app/[39msrc/components/ProfileManager.tsx:20:9
    at Object.react_stack_bottom_frame [90m(/app/[39mnode_modules/[4m.pnpm[24m/react-dom@19.2.3_react@19.2.3/node_modules/[4mreact-dom[24m/cjs/react-dom-client.development.js:25989:20[90m)[39m
    at runWithFiberInDEV [90m(/app/[39mnode_modules/[4m.pnpm[24m/react-dom@19.2.3_react@19.2.3/node_modules/[4mreact-dom[24m/cjs/react-dom-client.development.js:874:13[90m)[39m
    at commitHookEffectListMount [90m(/app/[39mnode_modules/[4m.pnpm[24m/react-dom@19.2.3_react@19.2.3/node_modules/[4mreact-dom[24m/cjs/react-dom-client.development.js:13249:29[90m)[39m
    at commitHookPassiveMountEffects [90m(/app/[39mnode_modules/[4m.pnpm[24m/react-dom@19.2.3_react@19.2.3/node_modules/[4mreact-dom[24m/cjs/react-dom-client.development.js:13336:11[90m)[39m
    at commitPassiveMountOnFiber [90m(/app/[39mnode_modules/[4m.pnpm[24m/react-dom@19.2.3_react@19.2.3/node_modules/[4mreact-dom[24m/cjs/react-dom-client.development.js:15484:13[90m)[39m
    at recursivelyTraversePassiveMountEffects [90m(/app/[39mnode_modules/[4m.pnpm[24m/react-dom@19.2.3_react@19.2.3/node_modules/[4mreact-dom[24m/cjs/react-dom-client.development.js:15439:11[90m)[39m
    at commitPassiveMountOnFiber [90m(/app/[39mnode_modules/[4m.pnpm[24m/react-dom@19.2.3_react@19.2.3/node_modules/[4mreact-dom[24m/cjs/react-dom-client.development.js:15718:11[90m)[39m
    at recursivelyTraversePassiveMountEffects [90m(/app/[39mnode_modules/[4m.pnpm[24m/react-dom@19.2.3_react@19.2.3/node_modules/[4mreact-dom[24m/cjs/react-dom-client.development.js:15439:11[90m)[39m

[90mstderr[2m | tests/unit/mods-page-final-coverage.test.tsx[2m > [22m[2mMods Page Final Coverage[2m > [22m[2mshould handle toggle failure revert
[22m[39mTypeError: window.electronAPI.getProfiles is not a function
    at loadProfiles [90m(/app/[39msrc/components/ProfileManager.tsx:26:36[90m)[39m
    at [90m/app/[39msrc/components/ProfileManager.tsx:20:9
    at Object.react_stack_bottom_frame [90m(/app/[39mnode_modules/[4m.pnpm[24m/react-dom@19.2.3_react@19.2.3/node_modules/[4mreact-dom[24m/cjs/react-dom-client.development.js:25989:20[90m)[39m
    at runWithFiberInDEV [90m(/app/[39mnode_modules/[4m.pnpm[24m/react-dom@19.2.3_react@19.2.3/node_modules/[4mreact-dom[24m/cjs/react-dom-client.development.js:874:13[90m)[39m
    at commitHookEffectListMount [90m(/app/[39mnode_modules/[4m.pnpm[24m/react-dom@19.2.3_react@19.2.3/node_modules/[4mreact-dom[24m/cjs/react-dom-client.development.js:13249:29[90m)[39m
    at commitHookPassiveMountEffects [90m(/app/[39mnode_modules/[4m.pnpm[24m/react-dom@19.2.3_react@19.2.3/node_modules/[4mreact-dom[24m/cjs/react-dom-client.development.js:13336:11[90m)[39m
    at commitPassiveMountOnFiber [90m(/app/[39mnode_modules/[4m.pnpm[24m/react-dom@19.2.3_react@19.2.3/node_modules/[4mreact-dom[24m/cjs/react-dom-client.development.js:15484:13[90m)[39m
    at recursivelyTraversePassiveMountEffects [90m(/app/[39mnode_modules/[4m.pnpm[24m/react-dom@19.2.3_react@19.2.3/node_modules/[4mreact-dom[24m/cjs/react-dom-client.development.js:15439:11[90m)[39m
    at commitPassiveMountOnFiber [90m(/app/[39mnode_modules/[4m.pnpm[24m/react-dom@19.2.3_react@19.2.3/node_modules/[4mreact-dom[24m/cjs/react-dom-client.development.js:15718:11[90m)[39m
    at recursivelyTraversePassiveMountEffects [90m(/app/[39mnode_modules/[4m.pnpm[24m/react-dom@19.2.3_react@19.2.3/node_modules/[4mreact-dom[24m/cjs/react-dom-client.development.js:15439:11[90m)[39m

[90mstdout[2m | tests/unit/coverage-sweeper.test.tsx[2m > [22m[2mMods Page Full Sweeper Coverage[2m > [22m[2m4. should hit catch block for handleInstall
[22m[39m[Browse] Fetching page 1...

[90mstdout[2m | tests/unit/pages/Mods.test.tsx[2m > [22m[2mMods Page[2m > [22m[2mshould filter browse mods with debounce
[22m[39m[Browse] Fetching page 1...

 [32m✓[39m tests/unit/mods-page-final-coverage.test.tsx [2m([22m[2m7 tests[22m[2m)[22m[33m 1029[2mms[22m[39m
     [33m[2m✓[22m[39m should handle infinite scroll intersection [33m 445[2mms[22m[39m
[90mstdout[2m | tests/unit/pages/Mods.test.tsx[2m > [22m[2mMods Page[2m > [22m[2mshould handle browse mods error
[22m[39m[Browse] Fetching page 1...

[90mstderr[2m | tests/unit/coverage-sweeper.test.tsx[2m > [22m[2mMods Page Full Sweeper Coverage[2m > [22m[2m6. should catch error when uninstalling mod
[22m[39mUninstall error: Error: Uninstall failed
    at [90m/app/[39mtests/unit/coverage-sweeper.test.tsx:215:52
    at [90mfile:///app/[39mnode_modules/[4m.pnpm[24m/@vitest+runner@4.0.18/node_modules/[4m@vitest/runner[24m/dist/index.js:145:11
    at [90mfile:///app/[39mnode_modules/[4m.pnpm[24m/@vitest+runner@4.0.18/node_modules/[4m@vitest/runner[24m/dist/index.js:915:26
    at [90mfile:///app/[39mnode_modules/[4m.pnpm[24m/@vitest+runner@4.0.18/node_modules/[4m@vitest/runner[24m/dist/index.js:1243:20
    at new Promise (<anonymous>)
    at runWithTimeout [90m(file:///app/[39mnode_modules/[4m.pnpm[24m/@vitest+runner@4.0.18/node_modules/[4m@vitest/runner[24m/dist/index.js:1209:10[90m)[39m
    at [90mfile:///app/[39mnode_modules/[4m.pnpm[24m/@vitest+runner@4.0.18/node_modules/[4m@vitest/runner[24m/dist/index.js:1653:37
    at Traces.$ [90m(file:///app/[39mnode_modules/[4m.pnpm[24m/vitest@4.0.18_@types+node@24.10.9_happy-dom@20.3.3/node_modules/[4mvitest[24m/dist/chunks/traces.CCmnQaNT.js:142:27[90m)[39m
    at trace [90m(file:///app/[39mnode_modules/[4m.pnpm[24m/vitest@4.0.18_@types+node@24.10.9_happy-dom@20.3.3/node_modules/[4mvitest[24m/dist/chunks/test.B8ej_ZHS.js:239:21[90m)[39m
    at runTest [90m(file:///app/[39mnode_modules/[4m.pnpm[24m/@vitest+runner@4.0.18/node_modules/[4m@vitest/runner[24m/dist/index.js:1653:12[90m)[39m

[90mstderr[2m | tests/unit/coverage-sweeper.test.tsx[2m > [22m[2mMods Page Full Sweeper Coverage[2m > [22m[2m10. should catch error when loadInstalledMods fails
[22m[39mFailed to load installed mods Error: Get Installed Mods Failed
    at [90m/app/[39mtests/unit/coverage-sweeper.test.tsx:266:56
    at [90mfile:///app/[39mnode_modules/[4m.pnpm[24m/@vitest+runner@4.0.18/node_modules/[4m@vitest/runner[24m/dist/index.js:145:11
    at [90mfile:///app/[39mnode_modules/[4m.pnpm[24m/@vitest+runner@4.0.18/node_modules/[4m@vitest/runner[24m/dist/index.js:915:26
    at [90mfile:///app/[39mnode_modules/[4m.pnpm[24m/@vitest+runner@4.0.18/node_modules/[4m@vitest/runner[24m/dist/index.js:1243:20
    at new Promise (<anonymous>)
    at runWithTimeout [90m(file:///app/[39mnode_modules/[4m.pnpm[24m/@vitest+runner@4.0.18/node_modules/[4m@vitest/runner[24m/dist/index.js:1209:10[90m)[39m
    at [90mfile:///app/[39mnode_modules/[4m.pnpm[24m/@vitest+runner@4.0.18/node_modules/[4m@vitest/runner[24m/dist/index.js:1653:37
    at Traces.$ [90m(file:///app/[39mnode_modules/[4m.pnpm[24m/vitest@4.0.18_@types+node@24.10.9_happy-dom@20.3.3/node_modules/[4mvitest[24m/dist/chunks/traces.CCmnQaNT.js:142:27[90m)[39m
    at trace [90m(file:///app/[39mnode_modules/[4m.pnpm[24m/vitest@4.0.18_@types+node@24.10.9_happy-dom@20.3.3/node_modules/[4mvitest[24m/dist/chunks/test.B8ej_ZHS.js:239:21[90m)[39m
    at runTest [90m(file:///app/[39mnode_modules/[4m.pnpm[24m/@vitest+runner@4.0.18/node_modules/[4m@vitest/runner[24m/dist/index.js:1653:12[90m)[39m

[90mstderr[2m | tests/unit/coverage-sweeper.test.tsx[2m > [22m[2mMods Page Full Sweeper Coverage[2m > [22m[2m11. should catch error in updateMod via handlePerformUpdate
[22m[39mError: Update Mock Failed
    at [90m/app/[39mtests/unit/coverage-sweeper.test.tsx:277:49
    at [90mfile:///app/[39mnode_modules/[4m.pnpm[24m/@vitest+runner@4.0.18/node_modules/[4m@vitest/runner[24m/dist/index.js:145:11
    at [90mfile:///app/[39mnode_modules/[4m.pnpm[24m/@vitest+runner@4.0.18/node_modules/[4m@vitest/runner[24m/dist/index.js:915:26
    at [90mfile:///app/[39mnode_modules/[4m.pnpm[24m/@vitest+runner@4.0.18/node_modules/[4m@vitest/runner[24m/dist/index.js:1243:20
    at new Promise (<anonymous>)
    at runWithTimeout [90m(file:///app/[39mnode_modules/[4m.pnpm[24m/@vitest+runner@4.0.18/node_modules/[4m@vitest/runner[24m/dist/index.js:1209:10[90m)[39m
    at [90mfile:///app/[39mnode_modules/[4m.pnpm[24m/@vitest+runner@4.0.18/node_modules/[4m@vitest/runner[24m/dist/index.js:1653:37
    at Traces.$ [90m(file:///app/[39mnode_modules/[4m.pnpm[24m/vitest@4.0.18_@types+node@24.10.9_happy-dom@20.3.3/node_modules/[4mvitest[24m/dist/chunks/traces.CCmnQaNT.js:142:27[90m)[39m
    at trace [90m(file:///app/[39mnode_modules/[4m.pnpm[24m/vitest@4.0.18_@types+node@24.10.9_happy-dom@20.3.3/node_modules/[4mvitest[24m/dist/chunks/test.B8ej_ZHS.js:239:21[90m)[39m
    at runTest [90m(file:///app/[39mnode_modules/[4m.pnpm[24m/@vitest+runner@4.0.18/node_modules/[4m@vitest/runner[24m/dist/index.js:1653:12[90m)[39m

[90mstdout[2m | tests/unit/pages/Mods.test.tsx[2m > [22m[2mMods Page[2m > [22m[2mshould handle browse mods error
[22m[39m[Browse] Fetching page 1...

[90mstdout[2m | tests/unit/coverage-sweeper.test.tsx[2m > [22m[2mMods Page Full Sweeper Coverage[2m > [22m[2m14. should loadBrowseMods when clicking refresh button
[22m[39m[Browse] Fetching page 1...

[90mstdout[2m | tests/unit/coverage-sweeper.test.tsx[2m > [22m[2mMods Page Full Sweeper Coverage[2m > [22m[2m14. should loadBrowseMods when clicking refresh button
[22m[39m[Browse] Fetching page 1...

 [32m✓[39m tests/unit/coverage-sweeper.test.tsx [2m([22m[2m14 tests[22m[2m)[22m[33m 1861[2mms[22m[39m
     [33m[2m✓[22m[39m 1. should handle FilterBar onFilterChange [33m 662[2mms[22m[39m
[90mstdout[2m | tests/unit/pages/Mods.test.tsx[2m > [22m[2mMods Page[2m > [22m[2mshould load more mods on infinite scroll and disconnect observer on unmount
[22m[39m[Browse] Fetching page 1...

[90mstdout[2m | tests/unit/pages/Mods.test.tsx[2m > [22m[2mMods Page[2m > [22m[2mshould load more mods on infinite scroll and disconnect observer on unmount
[22m[39m[Browse] Fetching page 2...

[90mstdout[2m | tests/unit/pages/Mods.test.tsx[2m > [22m[2mMods Page[2m > [22m[2mshould filter by category in browse mode
[22m[39m[Browse] Fetching page 1...

[90mstdout[2m | tests/unit/pages/Mods.test.tsx[2m > [22m[2mMods Page[2m > [22m[2mshould filter by category in browse mode
[22m[39m[Browse] Fetching page 1...

 [32m✓[39m tests/unit/pages/Mods.test.tsx [2m([22m[2m22 tests[22m[2m)[22m[33m 3469[2mms[22m[39m
     [33m[2m✓[22m[39m should filter browse mods with debounce [33m 592[2mms[22m[39m
     [33m[2m✓[22m[39m should handle browse mods error [33m 597[2mms[22m[39m
     [33m[2m✓[22m[39m should filter by category in browse mode [33m 602[2mms[22m[39m
[90mstdout[2m | tests/unit/coverage-frontend.test.tsx[2m > [22m[2mFrontend Coverage Fill[2m > [22m[2mMods Page - Error Handling[2m > [22m[2mhandleInstall should show error toast on failure
[22m[39m[Browse] Fetching page 1...

[90mstdout[2m | tests/unit/coverage-frontend.test.tsx[2m > [22m[2mFrontend Coverage Fill[2m > [22m[2mMods Page - Error Handling[2m > [22m[2mloadCategories should handle API failure
[22m[39m[Browse] Fetching page 1...

 [32m✓[39m tests/unit/coverage-frontend.test.tsx [2m([22m[2m11 tests[22m[2m)[22m[33m 988[2mms[22m[39m
       [33m[2m✓[22m[39m handleInstall should show error toast on failure [33m 314[2mms[22m[39m
[90mstdout[2m | tests/unit/mods-page-final-gaps.test.tsx[2m > [22m[2mMods Page Final Gaps[2m > [22m[2mshould trigger infinite scroll when intersection occurs
[22m[39m[Browse] Fetching page 1...

[90mstdout[2m | tests/unit/mods-page-final-gaps.test.tsx[2m > [22m[2mMods Page Final Gaps[2m > [22m[2mshould trigger infinite scroll when intersection occurs
[22m[39m[Browse] Fetching page 2...

 [32m✓[39m tests/unit/mods-page-final-gaps.test.tsx [2m([22m[2m3 tests[22m[2m)[22m[33m 874[2mms[22m[39m
     [33m[2m✓[22m[39m should trigger infinite scroll when intersection occurs [33m 624[2mms[22m[39m
[90mstderr[2m | tests/unit/final-gaps-frontend.test.tsx[2m > [22m[2mFrontend Final Gaps[2m > [22m[2mMods Page Error Handling[2m > [22m[2mshould handle updateAllMods failure
[22m[39mBatch update failed Error: Update Failed
    at [90m/app/[39mtests/unit/final-gaps-frontend.test.tsx:69:61
    at [90mfile:///app/[39mnode_modules/[4m.pnpm[24m/@vitest+runner@4.0.18/node_modules/[4m@vitest/runner[24m/dist/index.js:145:11
    at [90mfile:///app/[39mnode_modules/[4m.pnpm[24m/@vitest+runner@4.0.18/node_modules/[4m@vitest/runner[24m/dist/index.js:915:26
    at [90mfile:///app/[39mnode_modules/[4m.pnpm[24m/@vitest+runner@4.0.18/node_modules/[4m@vitest/runner[24m/dist/index.js:1243:20
    at new Promise (<anonymous>)
    at runWithTimeout [90m(file:///app/[39mnode_modules/[4m.pnpm[24m/@vitest+runner@4.0.18/node_modules/[4m@vitest/runner[24m/dist/index.js:1209:10[90m)[39m
    at [90mfile:///app/[39mnode_modules/[4m.pnpm[24m/@vitest+runner@4.0.18/node_modules/[4m@vitest/runner[24m/dist/index.js:1653:37
    at Traces.$ [90m(file:///app/[39mnode_modules/[4m.pnpm[24m/vitest@4.0.18_@types+node@24.10.9_happy-dom@20.3.3/node_modules/[4mvitest[24m/dist/chunks/traces.CCmnQaNT.js:142:27[90m)[39m
    at trace [90m(file:///app/[39mnode_modules/[4m.pnpm[24m/vitest@4.0.18_@types+node@24.10.9_happy-dom@20.3.3/node_modules/[4mvitest[24m/dist/chunks/test.B8ej_ZHS.js:239:21[90m)[39m
    at runTest [90m(file:///app/[39mnode_modules/[4m.pnpm[24m/@vitest+runner@4.0.18/node_modules/[4m@vitest/runner[24m/dist/index.js:1653:12[90m)[39m

[90mstdout[2m | tests/unit/final-gaps-frontend.test.tsx[2m > [22m[2mFrontend Final Gaps[2m > [22m[2mMods Page Error Handling[2m > [22m[2mshould handle installOnlineMod failure
[22m[39m[Browse] Fetching page 1...

[90mstdout[2m | tests/unit/final-gaps-frontend.test.tsx[2m > [22m[2mFrontend Final Gaps[2m > [22m[2mMods Page Error Handling[2m > [22m[2mshould handle installOnlineMod exception
[22m[39m[Browse] Fetching page 1...

 [32m✓[39m tests/unit/final-gaps-frontend.test.tsx [2m([22m[2m8 tests[22m[2m)[22m[33m 633[2mms[22m[39m
[90mstderr[2m | tests/unit/components/ModDetailsModal.test.tsx[2m > [22m[2mModDetailsModal[2m > [22m[2mshould handle fetch errors gracefully
[22m[39mFailed to get mod details: Error: Fail
    at [90m/app/[39mtests/unit/components/ModDetailsModal.test.tsx:151:70
    at [90mfile:///app/[39mnode_modules/[4m.pnpm[24m/@vitest+runner@4.0.18/node_modules/[4m@vitest/runner[24m/dist/index.js:145:11
    at [90mfile:///app/[39mnode_modules/[4m.pnpm[24m/@vitest+runner@4.0.18/node_modules/[4m@vitest/runner[24m/dist/index.js:915:26
    at [90mfile:///app/[39mnode_modules/[4m.pnpm[24m/@vitest+runner@4.0.18/node_modules/[4m@vitest/runner[24m/dist/index.js:1243:20
    at new Promise (<anonymous>)
    at runWithTimeout [90m(file:///app/[39mnode_modules/[4m.pnpm[24m/@vitest+runner@4.0.18/node_modules/[4m@vitest/runner[24m/dist/index.js:1209:10[90m)[39m
    at [90mfile:///app/[39mnode_modules/[4m.pnpm[24m/@vitest+runner@4.0.18/node_modules/[4m@vitest/runner[24m/dist/index.js:1653:37
    at Traces.$ [90m(file:///app/[39mnode_modules/[4m.pnpm[24m/vitest@4.0.18_@types+node@24.10.9_happy-dom@20.3.3/node_modules/[4mvitest[24m/dist/chunks/traces.CCmnQaNT.js:142:27[90m)[39m
    at trace [90m(file:///app/[39mnode_modules/[4m.pnpm[24m/vitest@4.0.18_@types+node@24.10.9_happy-dom@20.3.3/node_modules/[4mvitest[24m/dist/chunks/test.B8ej_ZHS.js:239:21[90m)[39m
    at runTest [90m(file:///app/[39mnode_modules/[4m.pnpm[24m/@vitest+runner@4.0.18/node_modules/[4m@vitest/runner[24m/dist/index.js:1653:12[90m)[39m

[90mstderr[2m | tests/unit/components/ModDetailsModal.test.tsx[2m > [22m[2mModDetailsModal[2m > [22m[2mshould handle image error fallback
[22m[39mError loading image: http://localhost:3000/img1.jpg
Error loading image: http://localhost:3000/fallback.png

 [32m✓[39m tests/unit/components/ModDetailsModal.test.tsx [2m([22m[2m13 tests[22m[2m)[22m[33m 440[2mms[22m[39m
[90mstdout[2m | tests/unit/gamebanana-extended.test.ts[2m > [22m[2mGameBanana API Extended[2m > [22m[2mRate Limiting[2m > [22m[2mshould wait if rate limit exceeded
[22m[39m[API] Fetching Item Data: Mod / 1

[90mstdout[2m | tests/unit/gamebanana-extended.test.ts[2m > [22m[2mGameBanana API Extended[2m > [22m[2mRate Limiting[2m > [22m[2mshould wait if rate limit exceeded
[22m[39m[API] Request Info: https://gamebanana.com/apiv11/Mod/1/ProfilePage

[90mstdout[2m | tests/unit/gamebanana-extended.test.ts[2m > [22m[2mGameBanana API Extended[2m > [22m[2mRate Limiting[2m > [22m[2mshould wait if rate limit exceeded
[22m[39m[API] Response Item Data status: undefined

[90mstdout[2m | tests/unit/gamebanana-extended.test.ts[2m > [22m[2mGameBanana API Extended[2m > [22m[2mSorting Logic (via searchBySection)[2m > [22m[2mshould apply correct sort parameters for Search Results
[22m[39m[API] Fetching: https://gamebanana.com/apiv11/Util/Search/Results?_sSearchString=test&_nPage=1&_nPerpage=20&_aFilters[Generic_Game]=21179&_sOrder=popularity

[90mstdout[2m | tests/unit/gamebanana-extended.test.ts[2m > [22m[2mGameBanana API Extended[2m > [22m[2mSorting Logic (via searchBySection)[2m > [22m[2mshould apply correct sort parameters for Search Results
[22m[39m[API] Fetching: https://gamebanana.com/apiv11/Util/Search/Results?_sSearchString=test&_nPage=1&_nPerpage=20&_aFilters[Generic_Game]=21179&_sOrder=newest

[90mstdout[2m | tests/unit/gamebanana-extended.test.ts[2m > [22m[2mGameBanana API Extended[2m > [22m[2mSorting Logic (via searchBySection)[2m > [22m[2mshould apply correct sort parameters for Search Results
[22m[39m[API] Fetching: https://gamebanana.com/apiv11/Util/Search/Results?_sSearchString=test&_nPage=1&_nPerpage=20&_aFilters[Generic_Game]=21179&_sOrder=alphabetical

[90mstdout[2m | tests/unit/gamebanana-extended.test.ts[2m > [22m[2mGameBanana API Extended[2m > [22m[2mSorting Logic (via searchBySection)[2m > [22m[2mshould apply correct sort parameters for Search Results
[22m[39m[API] Fetching: https://gamebanana.com/apiv11/Util/Search/Results?_sSearchString=test&_nPage=1&_nPerpage=20&_aFilters[Generic_Game]=21179&_sOrder=alphabetical&_sOrder=asc

[90mstdout[2m | tests/unit/gamebanana-extended.test.ts[2m > [22m[2mGameBanana API Extended[2m > [22m[2mSorting Logic (via searchBySection)[2m > [22m[2mshould apply correct sort parameters for Subfeed
[22m[39m[API] Fetching: https://gamebanana.com/apiv11/Game/21179/Subfeed?_nPage=1&_nPerpage=20&_aModelFilter[]=Mod&_sSort=new

[90mstdout[2m | tests/unit/gamebanana-extended.test.ts[2m > [22m[2mGameBanana API Extended[2m > [22m[2mSorting Logic (via searchBySection)[2m > [22m[2mshould apply correct sort parameters for Subfeed
[22m[39m[API] Fetching: https://gamebanana.com/apiv11/Game/21179/Subfeed?_nPage=1&_nPerpage=20&_aModelFilter[]=Mod&_sSort=alphabetical

[90mstdout[2m | tests/unit/gamebanana-extended.test.ts[2m > [22m[2mGameBanana API Extended[2m > [22m[2mSorting Logic (via searchBySection)[2m > [22m[2mshould apply correct sort parameters for Subfeed
[22m[39m[API] Fetching: https://gamebanana.com/apiv11/Game/21179/Subfeed?_nPage=1&_nPerpage=20&_aModelFilter[]=Mod

[90mstdout[2m | tests/unit/gamebanana-extended.test.ts[2m > [22m[2mGameBanana API Extended[2m > [22m[2mFetch All Mods Pagination[2m > [22m[2mshould stop if page returns empty or error
[22m[39m[API] Starting Fetch All Mods (Limit: 5 pages)
[API] Fetching batch 1: Pages 1 - 5

[90mstdout[2m | tests/unit/gamebanana-extended.test.ts[2m > [22m[2mGameBanana API Extended[2m > [22m[2mFetch All Mods Pagination[2m > [22m[2mshould stop if page returns empty or error
[22m[39m[API] Fetching: https://gamebanana.com/apiv11/Game/21179/Subfeed?_nPage=1&_nPerpage=40&_aModelFilter[]=Mod
[API] Fetching: https://gamebanana.com/apiv11/Game/21179/Subfeed?_nPage=2&_nPerpage=40&_aModelFilter[]=Mod
[API] Fetching: https://gamebanana.com/apiv11/Game/21179/Subfeed?_nPage=3&_nPerpage=40&_aModelFilter[]=Mod
[API] Fetching: https://gamebanana.com/apiv11/Game/21179/Subfeed?_nPage=4&_nPerpage=40&_aModelFilter[]=Mod
[API] Fetching: https://gamebanana.com/apiv11/Game/21179/Subfeed?_nPage=5&_nPerpage=40&_aModelFilter[]=Mod

[90mstdout[2m | tests/unit/gamebanana-extended.test.ts[2m > [22m[2mGameBanana API Extended[2m > [22m[2mFetch All Mods Pagination[2m > [22m[2mshould stop if page returns empty or error
[22m[39m[API] Found empty page, stopping fetch.
[API] Fetched total 1 mods.

[90mstdout[2m | tests/unit/gamebanana-extended.test.ts[2m > [22m[2mGameBanana API Extended[2m > [22m[2mFetch All Mods Pagination[2m > [22m[2mshould deduplicate mods
[22m[39m[API] Starting Fetch All Mods (Limit: 2 pages)
[API] Fetching batch 1: Pages 1 - 2

[90mstdout[2m | tests/unit/gamebanana-extended.test.ts[2m > [22m[2mGameBanana API Extended[2m > [22m[2mFetch All Mods Pagination[2m > [22m[2mshould deduplicate mods
[22m[39m[API] Fetching: https://gamebanana.com/apiv11/Game/21179/Subfeed?_nPage=1&_nPerpage=40&_aModelFilter[]=Mod
[API] Fetching: https://gamebanana.com/apiv11/Game/21179/Subfeed?_nPage=2&_nPerpage=40&_aModelFilter[]=Mod

 [32m✓[39m tests/unit/components/ProfileManager.test.tsx [2m([22m[2m9 tests[22m[2m)[22m[33m 565[2mms[22m[39m
[90mstderr[2m | tests/unit/mods-page-coverage.test.tsx[2m > [22m[2mMods Page Coverage Gaps[2m > [22m[2mshould not uninstall if user cancels confirmation
[22m[39mTypeError: window.electronAPI.getProfiles is not a function
    at loadProfiles [90m(/app/[39msrc/components/ProfileManager.tsx:26:36[90m)[39m
    at [90m/app/[39msrc/components/ProfileManager.tsx:20:9
    at Object.react_stack_bottom_frame [90m(/app/[39mnode_modules/[4m.pnpm[24m/react-dom@19.2.3_react@19.2.3/node_modules/[4mreact-dom[24m/cjs/react-dom-client.development.js:25989:20[90m)[39m
    at runWithFiberInDEV [90m(/app/[39mnode_modules/[4m.pnpm[24m/react-dom@19.2.3_react@19.2.3/node_modules/[4mreact-dom[24m/cjs/react-dom-client.development.js:874:13[90m)[39m
    at commitHookEffectListMount [90m(/app/[39mnode_modules/[4m.pnpm[24m/react-dom@19.2.3_react@19.2.3/node_modules/[4mreact-dom[24m/cjs/react-dom-client.development.js:13249:29[90m)[39m
    at commitHookPassiveMountEffects [90m(/app/[39mnode_modules/[4m.pnpm[24m/react-dom@19.2.3_react@19.2.3/node_modules/[4mreact-dom[24m/cjs/react-dom-client.development.js:13336:11[90m)[39m
    at commitPassiveMountOnFiber [90m(/app/[39mnode_modules/[4m.pnpm[24m/react-dom@19.2.3_react@19.2.3/node_modules/[4mreact-dom[24m/cjs/react-dom-client.development.js:15484:13[90m)[39m
    at recursivelyTraversePassiveMountEffects [90m(/app/[39mnode_modules/[4m.pnpm[24m/react-dom@19.2.3_react@19.2.3/node_modules/[4mreact-dom[24m/cjs/react-dom-client.development.js:15439:11[90m)[39m
    at commitPassiveMountOnFiber [90m(/app/[39mnode_modules/[4m.pnpm[24m/react-dom@19.2.3_react@19.2.3/node_modules/[4mreact-dom[24m/cjs/react-dom-client.development.js:15718:11[90m)[39m
    at recursivelyTraversePassiveMountEffects [90m(/app/[39mnode_modules/[4m.pnpm[24m/react-dom@19.2.3_react@19.2.3/node_modules/[4mreact-dom[24m/cjs/react-dom-client.development.js:15439:11[90m)[39m

[90mstderr[2m | tests/unit/mods-page-coverage.test.tsx[2m > [22m[2mMods Page Coverage Gaps[2m > [22m[2mshould handle priority change failure
[22m[39mTypeError: window.electronAPI.getProfiles is not a function
    at loadProfiles [90m(/app/[39msrc/components/ProfileManager.tsx:26:36[90m)[39m
    at [90m/app/[39msrc/components/ProfileManager.tsx:20:9
    at Object.react_stack_bottom_frame [90m(/app/[39mnode_modules/[4m.pnpm[24m/react-dom@19.2.3_react@19.2.3/node_modules/[4mreact-dom[24m/cjs/react-dom-client.development.js:25989:20[90m)[39m
    at runWithFiberInDEV [90m(/app/[39mnode_modules/[4m.pnpm[24m/react-dom@19.2.3_react@19.2.3/node_modules/[4mreact-dom[24m/cjs/react-dom-client.development.js:874:13[90m)[39m
    at commitHookEffectListMount [90m(/app/[39mnode_modules/[4m.pnpm[24m/react-dom@19.2.3_react@19.2.3/node_modules/[4mreact-dom[24m/cjs/react-dom-client.development.js:13249:29[90m)[39m
    at commitHookPassiveMountEffects [90m(/app/[39mnode_modules/[4m.pnpm[24m/react-dom@19.2.3_react@19.2.3/node_modules/[4mreact-dom[24m/cjs/react-dom-client.development.js:13336:11[90m)[39m
    at commitPassiveMountOnFiber [90m(/app/[39mnode_modules/[4m.pnpm[24m/react-dom@19.2.3_react@19.2.3/node_modules/[4mreact-dom[24m/cjs/react-dom-client.development.js:15484:13[90m)[39m
    at recursivelyTraversePassiveMountEffects [90m(/app/[39mnode_modules/[4m.pnpm[24m/react-dom@19.2.3_react@19.2.3/node_modules/[4mreact-dom[24m/cjs/react-dom-client.development.js:15439:11[90m)[39m
    at commitPassiveMountOnFiber [90m(/app/[39mnode_modules/[4m.pnpm[24m/react-dom@19.2.3_react@19.2.3/node_modules/[4mreact-dom[24m/cjs/react-dom-client.development.js:15718:11[90m)[39m
    at recursivelyTraversePassiveMountEffects [90m(/app/[39mnode_modules/[4m.pnpm[24m/react-dom@19.2.3_react@19.2.3/node_modules/[4mreact-dom[24m/cjs/react-dom-client.development.js:15439:11[90m)[39m

[90mstdout[2m | tests/unit/gamebanana-extended.test.ts[2m > [22m[2mGameBanana API Extended[2m > [22m[2mFetch All Mods Pagination[2m > [22m[2mshould deduplicate mods
[22m[39m[API] Fetched total 2 mods.

[90mstdout[2m | tests/unit/gamebanana-extended.test.ts[2m > [22m[2mGameBanana API Extended[2m > [22m[2mItem Data[2m > [22m[2mshould include fields parameter
[22m[39m[API] Fetching Item Data: Mod / 1

[90mstdout[2m | tests/unit/gamebanana-extended.test.ts[2m > [22m[2mGameBanana API Extended[2m > [22m[2mItem Data[2m > [22m[2mshould include fields parameter
[22m[39m[API] Request Info: https://gamebanana.com/apiv11/Mod/1/ProfilePage&_aDataSchema=name,date

[90mstdout[2m | tests/unit/gamebanana-extended.test.ts[2m > [22m[2mGameBanana API Extended[2m > [22m[2mItem Data[2m > [22m[2mshould include fields parameter
[22m[39m[API] Response Item Data status: undefined

[90mstdout[2m | tests/unit/gamebanana-extended.test.ts[2m > [22m[2mGameBanana API Extended[2m > [22m[2mItem Data[2m > [22m[2mshould return null on fetch exception
[22m[39m[API] Fetching Item Data: Mod / 1

[90mstdout[2m | tests/unit/gamebanana-extended.test.ts[2m > [22m[2mGameBanana API Extended[2m > [22m[2mItem Data[2m > [22m[2mshould return null on fetch exception
[22m[39m[API] Request Info: https://gamebanana.com/apiv11/Mod/1/ProfilePage

[90mstderr[2m | tests/unit/gamebanana-extended.test.ts[2m > [22m[2mGameBanana API Extended[2m > [22m[2mItem Data[2m > [22m[2mshould return null on fetch exception
[22m[39mError fetching item data: Error: Fail
    at [90m/app/[39mtests/unit/gamebanana-extended.test.ts:106:42
    at [90mfile:///app/[39mnode_modules/[4m.pnpm[24m/@vitest+runner@4.0.18/node_modules/[4m@vitest/runner[24m/dist/index.js:145:11
    at [90mfile:///app/[39mnode_modules/[4m.pnpm[24m/@vitest+runner@4.0.18/node_modules/[4m@vitest/runner[24m/dist/index.js:915:26
    at [90mfile:///app/[39mnode_modules/[4m.pnpm[24m/@vitest+runner@4.0.18/node_modules/[4m@vitest/runner[24m/dist/index.js:1243:20
    at new Promise (<anonymous>)
    at runWithTimeout [90m(file:///app/[39mnode_modules/[4m.pnpm[24m/@vitest+runner@4.0.18/node_modules/[4m@vitest/runner[24m/dist/index.js:1209:10[90m)[39m
    at [90mfile:///app/[39mnode_modules/[4m.pnpm[24m/@vitest+runner@4.0.18/node_modules/[4m@vitest/runner[24m/dist/index.js:1653:37
    at Traces.$ [90m(file:///app/[39mnode_modules/[4m.pnpm[24m/vitest@4.0.18_@types+node@24.10.9_happy-dom@20.3.3/node_modules/[4mvitest[24m/dist/chunks/traces.CCmnQaNT.js:142:27[90m)[39m
    at trace [90m(file:///app/[39mnode_modules/[4m.pnpm[24m/vitest@4.0.18_@types+node@24.10.9_happy-dom@20.3.3/node_modules/[4mvitest[24m/dist/chunks/test.B8ej_ZHS.js:239:21[90m)[39m
    at runTest [90m(file:///app/[39mnode_modules/[4m.pnpm[24m/@vitest+runner@4.0.18/node_modules/[4m@vitest/runner[24m/dist/index.js:1653:12[90m)[39m

 [32m✓[39m tests/unit/gamebanana-extended.test.ts [2m([22m[2m7 tests[22m[2m)[22m[33m 528[2mms[22m[39m
       [33m[2m✓[22m[39m should deduplicate mods [33m 502[2mms[22m[39m
[90mstderr[2m | tests/unit/mods-page-coverage.test.tsx[2m > [22m[2mMods Page Coverage Gaps[2m > [22m[2mshould uninstall mod when user confirms
[22m[39mTypeError: window.electronAPI.getProfiles is not a function
    at loadProfiles [90m(/app/[39msrc/components/ProfileManager.tsx:26:36[90m)[39m
    at [90m/app/[39msrc/components/ProfileManager.tsx:20:9
    at Object.react_stack_bottom_frame [90m(/app/[39mnode_modules/[4m.pnpm[24m/react-dom@19.2.3_react@19.2.3/node_modules/[4mreact-dom[24m/cjs/react-dom-client.development.js:25989:20[90m)[39m
    at runWithFiberInDEV [90m(/app/[39mnode_modules/[4m.pnpm[24m/react-dom@19.2.3_react@19.2.3/node_modules/[4mreact-dom[24m/cjs/react-dom-client.development.js:874:13[90m)[39m
    at commitHookEffectListMount [90m(/app/[39mnode_modules/[4m.pnpm[24m/react-dom@19.2.3_react@19.2.3/node_modules/[4mreact-dom[24m/cjs/react-dom-client.development.js:13249:29[90m)[39m
    at commitHookPassiveMountEffects [90m(/app/[39mnode_modules/[4m.pnpm[24m/react-dom@19.2.3_react@19.2.3/node_modules/[4mreact-dom[24m/cjs/react-dom-client.development.js:13336:11[90m)[39m
    at commitPassiveMountOnFiber [90m(/app/[39mnode_modules/[4m.pnpm[24m/react-dom@19.2.3_react@19.2.3/node_modules/[4mreact-dom[24m/cjs/react-dom-client.development.js:15484:13[90m)[39m
    at recursivelyTraversePassiveMountEffects [90m(/app/[39mnode_modules/[4m.pnpm[24m/react-dom@19.2.3_react@19.2.3/node_modules/[4mreact-dom[24m/cjs/react-dom-client.development.js:15439:11[90m)[39m
    at commitPassiveMountOnFiber [90m(/app/[39mnode_modules/[4m.pnpm[24m/react-dom@19.2.3_react@19.2.3/node_modules/[4mreact-dom[24m/cjs/react-dom-client.development.js:15718:11[90m)[39m
    at recursivelyTraversePassiveMountEffects [90m(/app/[39mnode_modules/[4m.pnpm[24m/react-dom@19.2.3_react@19.2.3/node_modules/[4mreact-dom[24m/cjs/react-dom-client.development.js:15439:11[90m)[39m

[90mstderr[2m | tests/unit/mods-page-coverage.test.tsx[2m > [22m[2mMods Page Coverage Gaps[2m > [22m[2mshould handle mixed results in batch update
[22m[39mTypeError: window.electronAPI.getProfiles is not a function
    at loadProfiles [90m(/app/[39msrc/components/ProfileManager.tsx:26:36[90m)[39m
    at [90m/app/[39msrc/components/ProfileManager.tsx:20:9
    at Object.react_stack_bottom_frame [90m(/app/[39mnode_modules/[4m.pnpm[24m/react-dom@19.2.3_react@19.2.3/node_modules/[4mreact-dom[24m/cjs/react-dom-client.development.js:25989:20[90m)[39m
    at runWithFiberInDEV [90m(/app/[39mnode_modules/[4m.pnpm[24m/react-dom@19.2.3_react@19.2.3/node_modules/[4mreact-dom[24m/cjs/react-dom-client.development.js:874:13[90m)[39m
    at commitHookEffectListMount [90m(/app/[39mnode_modules/[4m.pnpm[24m/react-dom@19.2.3_react@19.2.3/node_modules/[4mreact-dom[24m/cjs/react-dom-client.development.js:13249:29[90m)[39m
    at commitHookPassiveMountEffects [90m(/app/[39mnode_modules/[4m.pnpm[24m/react-dom@19.2.3_react@19.2.3/node_modules/[4mreact-dom[24m/cjs/react-dom-client.development.js:13336:11[90m)[39m
    at commitPassiveMountOnFiber [90m(/app/[39mnode_modules/[4m.pnpm[24m/react-dom@19.2.3_react@19.2.3/node_modules/[4mreact-dom[24m/cjs/react-dom-client.development.js:15484:13[90m)[39m
    at recursivelyTraversePassiveMountEffects [90m(/app/[39mnode_modules/[4m.pnpm[24m/react-dom@19.2.3_react@19.2.3/node_modules/[4mreact-dom[24m/cjs/react-dom-client.development.js:15439:11[90m)[39m
    at commitPassiveMountOnFiber [90m(/app/[39mnode_modules/[4m.pnpm[24m/react-dom@19.2.3_react@19.2.3/node_modules/[4mreact-dom[24m/cjs/react-dom-client.development.js:15718:11[90m)[39m
    at recursivelyTraversePassiveMountEffects [90m(/app/[39mnode_modules/[4m.pnpm[24m/react-dom@19.2.3_react@19.2.3/node_modules/[4mreact-dom[24m/cjs/react-dom-client.development.js:15439:11[90m)[39m

 [32m✓[39m tests/unit/mods-page-coverage.test.tsx [2m([22m[2m4 tests[22m[2m)[22m[33m 432[2mms[22m[39m
[90mstdout[2m | tests/unit/backend-sweep.test.ts[2m > [22m[2mBackend Sweep - ModManager[2m > [22m[2minstallOnlineMod should handle successful download completion event
[22m[39mInstalling mod: 123

[90mstdout[2m | tests/unit/backend-sweep.test.ts[2m > [22m[2mBackend Sweep - ModManager[2m > [22m[2minstallOnlineMod should ignore irrelevant download completion events
[22m[39mInstalling mod: 123

[90mstdout[2m | tests/unit/backend-sweep.test.ts[2m > [22m[2mBackend Sweep - ModManager[2m > [22m[2minstallOnlineMod should handle extraction failure in callback
[22m[39mInstalling mod: 123

[90mstderr[2m | tests/unit/backend-sweep.test.ts[2m > [22m[2mBackend Sweep - ModManager[2m > [22m[2minstallOnlineMod should handle extraction failure in callback
[22m[39mZip extraction failed Error: Zip Fail
    at [90m/app/[39mtests/unit/backend-sweep.test.ts:217:68
    at [90mfile:///app/[39mnode_modules/[4m.pnpm[24m/@vitest+runner@4.0.18/node_modules/[4m@vitest/runner[24m/dist/index.js:145:11
    at [90mfile:///app/[39mnode_modules/[4m.pnpm[24m/@vitest+runner@4.0.18/node_modules/[4m@vitest/runner[24m/dist/index.js:915:26
    at [90mfile:///app/[39mnode_modules/[4m.pnpm[24m/@vitest+runner@4.0.18/node_modules/[4m@vitest/runner[24m/dist/index.js:1243:20
    at new Promise (<anonymous>)
    at runWithTimeout [90m(file:///app/[39mnode_modules/[4m.pnpm[24m/@vitest+runner@4.0.18/node_modules/[4m@vitest/runner[24m/dist/index.js:1209:10[90m)[39m
    at [90mfile:///app/[39mnode_modules/[4m.pnpm[24m/@vitest+runner@4.0.18/node_modules/[4m@vitest/runner[24m/dist/index.js:1653:37
    at Traces.$ [90m(file:///app/[39mnode_modules/[4m.pnpm[24m/vitest@4.0.18_@types+node@24.10.9_happy-dom@20.3.3/node_modules/[4mvitest[24m/dist/chunks/traces.CCmnQaNT.js:142:27[90m)[39m
    at trace [90m(file:///app/[39mnode_modules/[4m.pnpm[24m/vitest@4.0.18_@types+node@24.10.9_happy-dom@20.3.3/node_modules/[4mvitest[24m/dist/chunks/test.B8ej_ZHS.js:239:21[90m)[39m
    at runTest [90m(file:///app/[39mnode_modules/[4m.pnpm[24m/@vitest+runner@4.0.18/node_modules/[4m@vitest/runner[24m/dist/index.js:1653:12[90m)[39m

[90mstdout[2m | tests/unit/backend-sweep.test.ts[2m > [22m[2mBackend Sweep - ModManager[2m > [22m[2minstallOnlineMod should handle extraction failure in callback
[22m[39mDeploying mod (Non-destructive): TestMod

[90mstderr[2m | tests/unit/backend-sweep.test.ts[2m > [22m[2mBackend Sweep - ModManager[2m > [22m[2minstallOnlineMod should handle extraction failure in callback
[22m[39mGame path not set

[90mstdout[2m | tests/unit/backend-sweep.test.ts[2m > [22m[2mBackend Sweep - ModManager[2m > [22m[2minstallUE4SS should handle download completion via DownloadManager
[22m[39mInstalling UE4SS...

[90mstdout[2m | tests/unit/backend-sweep.test.ts[2m > [22m[2mBackend Sweep - ModManager[2m > [22m[2minstallUE4SS should ignore irrelevant download events
[22m[39mInstalling UE4SS...

[90mstderr[2m | tests/unit/final-gaps-profile.test.tsx[2m > [22m[2mProfileManager Gaps[2m > [22m[2mshould handle create profile empty name
[22m[39mAn update to ProfileManager inside a test was not wrapped in act(...).

When testing, code that causes React state updates should be wrapped into act(...):

act(() => {
  /* fire events that update state */
});
/* assert on the output */

This ensures that you're testing the behavior the user would see in the browser. Learn more at https://react.dev/link/wrap-tests-with-act

[90mstderr[2m | tests/unit/backend-sweep.test.ts[2m > [22m[2mBackend Sweep - ModManager[2m > [22m[2mcheckForUpdates should handle mixed results
[22m[39mError: API Error
    at [90m/app/[39mtests/unit/backend-sweep.test.ts:283:36
    at [90mfile:///app/[39mnode_modules/[4m.pnpm[24m/@vitest+runner@4.0.18/node_modules/[4m@vitest/runner[24m/dist/index.js:145:11
    at [90mfile:///app/[39mnode_modules/[4m.pnpm[24m/@vitest+runner@4.0.18/node_modules/[4m@vitest/runner[24m/dist/index.js:915:26
    at [90mfile:///app/[39mnode_modules/[4m.pnpm[24m/@vitest+runner@4.0.18/node_modules/[4m@vitest/runner[24m/dist/index.js:1243:20
    at new Promise (<anonymous>)
    at runWithTimeout [90m(file:///app/[39mnode_modules/[4m.pnpm[24m/@vitest+runner@4.0.18/node_modules/[4m@vitest/runner[24m/dist/index.js:1209:10[90m)[39m
    at [90mfile:///app/[39mnode_modules/[4m.pnpm[24m/@vitest+runner@4.0.18/node_modules/[4m@vitest/runner[24m/dist/index.js:1653:37
    at Traces.$ [90m(file:///app/[39mnode_modules/[4m.pnpm[24m/vitest@4.0.18_@types+node@24.10.9_happy-dom@20.3.3/node_modules/[4mvitest[24m/dist/chunks/traces.CCmnQaNT.js:142:27[90m)[39m
    at trace [90m(file:///app/[39mnode_modules/[4m.pnpm[24m/vitest@4.0.18_@types+node@24.10.9_happy-dom@20.3.3/node_modules/[4mvitest[24m/dist/chunks/test.B8ej_ZHS.js:239:21[90m)[39m
    at runTest [90m(file:///app/[39mnode_modules/[4m.pnpm[24m/@vitest+runner@4.0.18/node_modules/[4m@vitest/runner[24m/dist/index.js:1653:12[90m)[39m

 [32m✓[39m tests/unit/backend-sweep.test.ts [2m([22m[2m12 tests[22m[2m)[22m[33m 472[2mms[22m[39m
 [32m✓[39m tests/unit/final-gaps-profile.test.tsx [2m([22m[2m7 tests[22m[2m)[22m[33m 519[2mms[22m[39m
 [32m✓[39m tests/unit/components/SettingsContext.test.tsx [2m([22m[2m11 tests[22m[2m)[22m[33m 406[2mms[22m[39m
[90mstderr[2m | tests/unit/final-coverage-frontend.test.tsx[2m > [22m[2mFrontend Final Coverage[2m > [22m[2mDashboard Edge Cases[2m > [22m[2mshould handle API errors during load
[22m[39mDashboard data load error: Error: Failed
    at [90m/app/[39mtests/unit/final-coverage-frontend.test.tsx:71:65
    at [90mfile:///app/[39mnode_modules/[4m.pnpm[24m/@vitest+runner@4.0.18/node_modules/[4m@vitest/runner[24m/dist/index.js:145:11
    at [90mfile:///app/[39mnode_modules/[4m.pnpm[24m/@vitest+runner@4.0.18/node_modules/[4m@vitest/runner[24m/dist/index.js:915:26
    at [90mfile:///app/[39mnode_modules/[4m.pnpm[24m/@vitest+runner@4.0.18/node_modules/[4m@vitest/runner[24m/dist/index.js:1243:20
    at new Promise (<anonymous>)
    at runWithTimeout [90m(file:///app/[39mnode_modules/[4m.pnpm[24m/@vitest+runner@4.0.18/node_modules/[4m@vitest/runner[24m/dist/index.js:1209:10[90m)[39m
    at [90mfile:///app/[39mnode_modules/[4m.pnpm[24m/@vitest+runner@4.0.18/node_modules/[4m@vitest/runner[24m/dist/index.js:1653:37
    at Traces.$ [90m(file:///app/[39mnode_modules/[4m.pnpm[24m/vitest@4.0.18_@types+node@24.10.9_happy-dom@20.3.3/node_modules/[4mvitest[24m/dist/chunks/traces.CCmnQaNT.js:142:27[90m)[39m
    at trace [90m(file:///app/[39mnode_modules/[4m.pnpm[24m/vitest@4.0.18_@types+node@24.10.9_happy-dom@20.3.3/node_modules/[4mvitest[24m/dist/chunks/test.B8ej_ZHS.js:239:21[90m)[39m
    at runTest [90m(file:///app/[39mnode_modules/[4m.pnpm[24m/@vitest+runner@4.0.18/node_modules/[4m@vitest/runner[24m/dist/index.js:1653:12[90m)[39m

[90mstderr[2m | tests/unit/final-coverage-frontend.test.tsx[2m > [22m[2mFrontend Final Coverage[2m > [22m[2mModDetailsModal Edge Cases[2m > [22m[2mshould handle image error and fallback
[22m[39mError loading image: http://broken.com/image.png

[90mstderr[2m | tests/unit/final-coverage-frontend.test.tsx[2m > [22m[2mFrontend Final Coverage[2m > [22m[2mModDetailsModal Edge Cases[2m > [22m[2mshould handle image error and fallback
[22m[39mError loading image: http://fallback.com/icon.png

[90mstderr[2m | tests/unit/final-coverage-frontend.test.tsx[2m > [22m[2mFrontend Final Coverage[2m > [22m[2mModDetailsModal Edge Cases[2m > [22m[2mshould handle missing mod details from API
[22m[39mFailed to get mod details: Error: API Error
    at [90m/app/[39mtests/unit/final-coverage-frontend.test.tsx:128:61
    at [90mfile:///app/[39mnode_modules/[4m.pnpm[24m/@vitest+runner@4.0.18/node_modules/[4m@vitest/runner[24m/dist/index.js:145:11
    at [90mfile:///app/[39mnode_modules/[4m.pnpm[24m/@vitest+runner@4.0.18/node_modules/[4m@vitest/runner[24m/dist/index.js:915:26
    at [90mfile:///app/[39mnode_modules/[4m.pnpm[24m/@vitest+runner@4.0.18/node_modules/[4m@vitest/runner[24m/dist/index.js:1243:20
    at new Promise (<anonymous>)
    at runWithTimeout [90m(file:///app/[39mnode_modules/[4m.pnpm[24m/@vitest+runner@4.0.18/node_modules/[4m@vitest/runner[24m/dist/index.js:1209:10[90m)[39m
    at [90mfile:///app/[39mnode_modules/[4m.pnpm[24m/@vitest+runner@4.0.18/node_modules/[4m@vitest/runner[24m/dist/index.js:1653:37
    at Traces.$ [90m(file:///app/[39mnode_modules/[4m.pnpm[24m/vitest@4.0.18_@types+node@24.10.9_happy-dom@20.3.3/node_modules/[4mvitest[24m/dist/chunks/traces.CCmnQaNT.js:142:27[90m)[39m
    at trace [90m(file:///app/[39mnode_modules/[4m.pnpm[24m/vitest@4.0.18_@types+node@24.10.9_happy-dom@20.3.3/node_modules/[4mvitest[24m/dist/chunks/test.B8ej_ZHS.js:239:21[90m)[39m
    at runTest [90m(file:///app/[39mnode_modules/[4m.pnpm[24m/@vitest+runner@4.0.18/node_modules/[4m@vitest/runner[24m/dist/index.js:1653:12[90m)[39m

 [32m✓[39m tests/unit/final-coverage-frontend.test.tsx [2m([22m[2m6 tests[22m[2m)[22m[33m 474[2mms[22m[39m
 [32m✓[39m tests/unit/components/CategorySidebar-interactions.test.tsx [2m([22m[2m6 tests[22m[2m)[22m[33m 397[2mms[22m[39m
[90mstderr[2m | tests/unit/frontend-sweep.test.tsx[2m > [22m[2mFrontend Sweep[2m > [22m[2mMods - should handle Drag and Drop events
[22m[39mTypeError: window.electronAPI.getProfiles is not a function
    at loadProfiles [90m(/app/[39msrc/components/ProfileManager.tsx:26:36[90m)[39m
    at [90m/app/[39msrc/components/ProfileManager.tsx:20:9
    at Object.react_stack_bottom_frame [90m(/app/[39mnode_modules/[4m.pnpm[24m/react-dom@19.2.3_react@19.2.3/node_modules/[4mreact-dom[24m/cjs/react-dom-client.development.js:25989:20[90m)[39m
    at runWithFiberInDEV [90m(/app/[39mnode_modules/[4m.pnpm[24m/react-dom@19.2.3_react@19.2.3/node_modules/[4mreact-dom[24m/cjs/react-dom-client.development.js:874:13[90m)[39m
    at commitHookEffectListMount [90m(/app/[39mnode_modules/[4m.pnpm[24m/react-dom@19.2.3_react@19.2.3/node_modules/[4mreact-dom[24m/cjs/react-dom-client.development.js:13249:29[90m)[39m
    at commitHookPassiveMountEffects [90m(/app/[39mnode_modules/[4m.pnpm[24m/react-dom@19.2.3_react@19.2.3/node_modules/[4mreact-dom[24m/cjs/react-dom-client.development.js:13336:11[90m)[39m
    at commitPassiveMountOnFiber [90m(/app/[39mnode_modules/[4m.pnpm[24m/react-dom@19.2.3_react@19.2.3/node_modules/[4mreact-dom[24m/cjs/react-dom-client.development.js:15484:13[90m)[39m
    at recursivelyTraversePassiveMountEffects [90m(/app/[39mnode_modules/[4m.pnpm[24m/react-dom@19.2.3_react@19.2.3/node_modules/[4mreact-dom[24m/cjs/react-dom-client.development.js:15439:11[90m)[39m
    at commitPassiveMountOnFiber [90m(/app/[39mnode_modules/[4m.pnpm[24m/react-dom@19.2.3_react@19.2.3/node_modules/[4mreact-dom[24m/cjs/react-dom-client.development.js:15718:11[90m)[39m
    at recursivelyTraversePassiveMountEffects [90m(/app/[39mnode_modules/[4m.pnpm[24m/react-dom@19.2.3_react@19.2.3/node_modules/[4mreact-dom[24m/cjs/react-dom-client.development.js:15439:11[90m)[39m

[90mstderr[2m | tests/unit/frontend-sweep.test.tsx[2m > [22m[2mFrontend Sweep[2m > [22m[2mMods - should handle Deep Link event
[22m[39mTypeError: window.electronAPI.getProfiles is not a function
    at loadProfiles [90m(/app/[39msrc/components/ProfileManager.tsx:26:36[90m)[39m
    at [90m/app/[39msrc/components/ProfileManager.tsx:20:9
    at Object.react_stack_bottom_frame [90m(/app/[39mnode_modules/[4m.pnpm[24m/react-dom@19.2.3_react@19.2.3/node_modules/[4mreact-dom[24m/cjs/react-dom-client.development.js:25989:20[90m)[39m
    at runWithFiberInDEV [90m(/app/[39mnode_modules/[4m.pnpm[24m/react-dom@19.2.3_react@19.2.3/node_modules/[4mreact-dom[24m/cjs/react-dom-client.development.js:874:13[90m)[39m
    at commitHookEffectListMount [90m(/app/[39mnode_modules/[4m.pnpm[24m/react-dom@19.2.3_react@19.2.3/node_modules/[4mreact-dom[24m/cjs/react-dom-client.development.js:13249:29[90m)[39m
    at commitHookPassiveMountEffects [90m(/app/[39mnode_modules/[4m.pnpm[24m/react-dom@19.2.3_react@19.2.3/node_modules/[4mreact-dom[24m/cjs/react-dom-client.development.js:13336:11[90m)[39m
    at commitPassiveMountOnFiber [90m(/app/[39mnode_modules/[4m.pnpm[24m/react-dom@19.2.3_react@19.2.3/node_modules/[4mreact-dom[24m/cjs/react-dom-client.development.js:15484:13[90m)[39m
    at recursivelyTraversePassiveMountEffects [90m(/app/[39mnode_modules/[4m.pnpm[24m/react-dom@19.2.3_react@19.2.3/node_modules/[4mreact-dom[24m/cjs/react-dom-client.development.js:15439:11[90m)[39m
    at commitPassiveMountOnFiber [90m(/app/[39mnode_modules/[4m.pnpm[24m/react-dom@19.2.3_react@19.2.3/node_modules/[4mreact-dom[24m/cjs/react-dom-client.development.js:15718:11[90m)[39m
    at recursivelyTraversePassiveMountEffects [90m(/app/[39mnode_modules/[4m.pnpm[24m/react-dom@19.2.3_react@19.2.3/node_modules/[4mreact-dom[24m/cjs/react-dom-client.development.js:15439:11[90m)[39m

[90mstderr[2m | tests/unit/frontend-sweep.test.tsx[2m > [22m[2mFrontend Sweep[2m > [22m[2mMods - should filter local mods (Enabled/Disabled/Updates)
[22m[39mTypeError: window.electronAPI.getProfiles is not a function
    at loadProfiles [90m(/app/[39msrc/components/ProfileManager.tsx:26:36[90m)[39m
    at [90m/app/[39msrc/components/ProfileManager.tsx:20:9
    at Object.react_stack_bottom_frame [90m(/app/[39mnode_modules/[4m.pnpm[24m/react-dom@19.2.3_react@19.2.3/node_modules/[4mreact-dom[24m/cjs/react-dom-client.development.js:25989:20[90m)[39m
    at runWithFiberInDEV [90m(/app/[39mnode_modules/[4m.pnpm[24m/react-dom@19.2.3_react@19.2.3/node_modules/[4mreact-dom[24m/cjs/react-dom-client.development.js:874:13[90m)[39m
    at commitHookEffectListMount [90m(/app/[39mnode_modules/[4m.pnpm[24m/react-dom@19.2.3_react@19.2.3/node_modules/[4mreact-dom[24m/cjs/react-dom-client.development.js:13249:29[90m)[39m
    at commitHookPassiveMountEffects [90m(/app/[39mnode_modules/[4m.pnpm[24m/react-dom@19.2.3_react@19.2.3/node_modules/[4mreact-dom[24m/cjs/react-dom-client.development.js:13336:11[90m)[39m
    at commitPassiveMountOnFiber [90m(/app/[39mnode_modules/[4m.pnpm[24m/react-dom@19.2.3_react@19.2.3/node_modules/[4mreact-dom[24m/cjs/react-dom-client.development.js:15484:13[90m)[39m
    at recursivelyTraversePassiveMountEffects [90m(/app/[39mnode_modules/[4m.pnpm[24m/react-dom@19.2.3_react@19.2.3/node_modules/[4mreact-dom[24m/cjs/react-dom-client.development.js:15439:11[90m)[39m
    at commitPassiveMountOnFiber [90m(/app/[39mnode_modules/[4m.pnpm[24m/react-dom@19.2.3_react@19.2.3/node_modules/[4mreact-dom[24m/cjs/react-dom-client.development.js:15718:11[90m)[39m
    at recursivelyTraversePassiveMountEffects [90m(/app/[39mnode_modules/[4m.pnpm[24m/react-dom@19.2.3_react@19.2.3/node_modules/[4mreact-dom[24m/cjs/react-dom-client.development.js:15439:11[90m)[39m

[90mstderr[2m | tests/unit/frontend-sweep.test.tsx[2m > [22m[2mFrontend Sweep[2m > [22m[2mModDetailsModal - should handle image loading error fallback
[22m[39mError loading image: http://localhost:3000/fallback.jpg
Error loading image: http://localhost:3000/fallback.jpg
An update to ModDetailsModal inside a test was not wrapped in act(...).

When testing, code that causes React state updates should be wrapped into act(...):

act(() => {
  /* fire events that update state */
});
/* assert on the output */

This ensures that you're testing the behavior the user would see in the browser. Learn more at https://react.dev/link/wrap-tests-with-act

[90mstderr[2m | tests/unit/frontend-sweep.test.tsx[2m > [22m[2mFrontend Sweep[2m > [22m[2mModDetailsModal - should handle fetchModDetails failure
[22m[39mFailed to get mod details: Error: API Fail
    at [90m/app/[39mtests/unit/frontend-sweep.test.tsx:209:76
    at [90mfile:///app/[39mnode_modules/[4m.pnpm[24m/@vitest+runner@4.0.18/node_modules/[4m@vitest/runner[24m/dist/index.js:145:11
    at [90mfile:///app/[39mnode_modules/[4m.pnpm[24m/@vitest+runner@4.0.18/node_modules/[4m@vitest/runner[24m/dist/index.js:915:26
    at [90mfile:///app/[39mnode_modules/[4m.pnpm[24m/@vitest+runner@4.0.18/node_modules/[4m@vitest/runner[24m/dist/index.js:1243:20
    at new Promise (<anonymous>)
    at runWithTimeout [90m(file:///app/[39mnode_modules/[4m.pnpm[24m/@vitest+runner@4.0.18/node_modules/[4m@vitest/runner[24m/dist/index.js:1209:10[90m)[39m
    at [90mfile:///app/[39mnode_modules/[4m.pnpm[24m/@vitest+runner@4.0.18/node_modules/[4m@vitest/runner[24m/dist/index.js:1653:37
    at Traces.$ [90m(file:///app/[39mnode_modules/[4m.pnpm[24m/vitest@4.0.18_@types+node@24.10.9_happy-dom@20.3.3/node_modules/[4mvitest[24m/dist/chunks/traces.CCmnQaNT.js:142:27[90m)[39m
    at trace [90m(file:///app/[39mnode_modules/[4m.pnpm[24m/vitest@4.0.18_@types+node@24.10.9_happy-dom@20.3.3/node_modules/[4mvitest[24m/dist/chunks/test.B8ej_ZHS.js:239:21[90m)[39m
    at runTest [90m(file:///app/[39mnode_modules/[4m.pnpm[24m/@vitest+runner@4.0.18/node_modules/[4m@vitest/runner[24m/dist/index.js:1653:12[90m)[39m

 [32m✓[39m tests/unit/frontend-sweep.test.tsx [2m([22m[2m6 tests[22m[2m)[22m[33m 402[2mms[22m[39m
 [32m✓[39m tests/unit/pages/Settings.test.tsx [2m([22m[2m13 tests[22m[2m)[22m[33m 358[2mms[22m[39m
[90mstderr[2m | tests/unit/coverage-frontend-final-v2.test.tsx[2m > [22m[2mFrontend Final Coverage[2m > [22m[2mModDetailsModal[2m > [22m[2mshould handle image error and fallback
[22m[39mError loading image: http://localhost:3000/img1.jpg
Error loading image: http://localhost:3000/icon.jpg
An update to ModDetailsModal inside a test was not wrapped in act(...).

When testing, code that causes React state updates should be wrapped into act(...):

act(() => {
  /* fire events that update state */
});
/* assert on the output */

This ensures that you're testing the behavior the user would see in the browser. Learn more at https://react.dev/link/wrap-tests-with-act

[90mstderr[2m | tests/unit/coverage-frontend-final-v2.test.tsx[2m > [22m[2mFrontend Final Coverage[2m > [22m[2mModDetailsModal[2m > [22m[2mshould navigate carousel
[22m[39mAn update to ModDetailsModal inside a test was not wrapped in act(...).

When testing, code that causes React state updates should be wrapped into act(...):

act(() => {
  /* fire events that update state */
});
/* assert on the output */

This ensures that you're testing the behavior the user would see in the browser. Learn more at https://react.dev/link/wrap-tests-with-act

[90mstdout[2m | tests/unit/coverage-frontend-final-v2.test.tsx[2m > [22m[2mFrontend Final Coverage[2m > [22m[2mModDetailsModal[2m > [22m[2mshould handle null/invalid ID gracefully
[22m[39mSkipping API calls for invalid or local mod ID: [33mNaN[39m

[90mstderr[2m | tests/unit/coverage-frontend-final-v2.test.tsx[2m > [22m[2mFrontend Final Coverage[2m > [22m[2mProfileManager[2m > [22m[2mshould handle loadProfiles failure
[22m[39mError: Fail
    at [90m/app/[39mtests/unit/coverage-frontend-final-v2.test.tsx:181:56
    at [90mfile:///app/[39mnode_modules/[4m.pnpm[24m/@vitest+runner@4.0.18/node_modules/[4m@vitest/runner[24m/dist/index.js:145:11
    at [90mfile:///app/[39mnode_modules/[4m.pnpm[24m/@vitest+runner@4.0.18/node_modules/[4m@vitest/runner[24m/dist/index.js:915:26
    at [90mfile:///app/[39mnode_modules/[4m.pnpm[24m/@vitest+runner@4.0.18/node_modules/[4m@vitest/runner[24m/dist/index.js:1243:20
    at new Promise (<anonymous>)
    at runWithTimeout [90m(file:///app/[39mnode_modules/[4m.pnpm[24m/@vitest+runner@4.0.18/node_modules/[4m@vitest/runner[24m/dist/index.js:1209:10[90m)[39m
    at [90mfile:///app/[39mnode_modules/[4m.pnpm[24m/@vitest+runner@4.0.18/node_modules/[4m@vitest/runner[24m/dist/index.js:1653:37
    at Traces.$ [90m(file:///app/[39mnode_modules/[4m.pnpm[24m/vitest@4.0.18_@types+node@24.10.9_happy-dom@20.3.3/node_modules/[4mvitest[24m/dist/chunks/traces.CCmnQaNT.js:142:27[90m)[39m
    at trace [90m(file:///app/[39mnode_modules/[4m.pnpm[24m/vitest@4.0.18_@types+node@24.10.9_happy-dom@20.3.3/node_modules/[4mvitest[24m/dist/chunks/test.B8ej_ZHS.js:239:21[90m)[39m
    at runTest [90m(file:///app/[39mnode_modules/[4m.pnpm[24m/@vitest+runner@4.0.18/node_modules/[4m@vitest/runner[24m/dist/index.js:1653:12[90m)[39m

 [32m✓[39m tests/unit/coverage-frontend-final-v2.test.tsx [2m([22m[2m10 tests[22m[2m)[22m[33m 316[2mms[22m[39m
 [32m✓[39m tests/unit/pages/Dashboard.test.tsx [2m([22m[2m6 tests[22m[2m)[22m[33m 363[2mms[22m[39m
 [32m✓[39m tests/unit/pages/Dashboard-final.test.tsx [2m([22m[2m8 tests[22m[2m)[22m[33m 362[2mms[22m[39m
 [32m✓[39m tests/unit/coverage-frontend-extended.test.tsx [2m([22m[2m4 tests[22m[2m)[22m[33m 357[2mms[22m[39m
[90mstdout[2m | tests/integration.spec.ts[2m > [22m[2mReal API Integration Tests[2m > [22m[2msearchOnlineMods fetches real data from GameBanana
[22m[39m[Cache] Loaded 0 entries from disk

[90mstdout[2m | tests/integration.spec.ts[2m > [22m[2mReal API Integration Tests[2m > [22m[2msearchOnlineMods fetches real data from GameBanana
[22m[39m[Cache] Miss for key: search_{"page":1,"search":""}

[90mstdout[2m | tests/integration.spec.ts[2m > [22m[2mReal API Integration Tests[2m > [22m[2msearchOnlineMods fetches real data from GameBanana
[22m[39m[API] Fetching: https://gamebanana.com/apiv11/Game/21179/Subfeed?_nPage=1&_nPerpage=20&_aModelFilter[]=Mod

[90mstdout[2m | tests/integration.spec.ts[2m > [22m[2mReal API Integration Tests[2m > [22m[2msearchOnlineMods fetches real data from GameBanana
[22m[39m[Cache] Set key: search_{"page":1,"search":""} with TTL: 300000ms

[90mstdout[2m | tests/integration.spec.ts[2m > [22m[2mReal API Integration Tests[2m > [22m[2msearchOnlineMods fetches real data from GameBanana
[22m[39mFetched 15 mods from real API.
Sample Mod: BT3 Death Incinerate by Swissylion

[90mstdout[2m | tests/integration.spec.ts[2m > [22m[2mReal API Integration Tests[2m > [22m[2msearchOnlineMods handles pagination (fetching page 2)
[22m[39m[Cache] Hit (memory) for key: search_{"page":1,"search":""}

[90mstdout[2m | tests/integration.spec.ts[2m > [22m[2mReal API Integration Tests[2m > [22m[2msearchOnlineMods handles pagination (fetching page 2)
[22m[39m[API] Cache hit for search

[90mstdout[2m | tests/integration.spec.ts[2m > [22m[2mReal API Integration Tests[2m > [22m[2msearchOnlineMods handles pagination (fetching page 2)
[22m[39m[Cache] Miss for key: search_{"page":2,"search":""}

 [32m✓[39m tests/unit/components/ProfileManager-final.test.tsx [2m([22m[2m3 tests[22m[2m)[22m[32m 300[2mms[22m[39m
[90mstdout[2m | tests/integration.spec.ts[2m > [22m[2mReal API Integration Tests[2m > [22m[2msearchOnlineMods handles pagination (fetching page 2)
[22m[39m[API] Fetching: https://gamebanana.com/apiv11/Game/21179/Subfeed?_nPage=2&_nPerpage=20&_aModelFilter[]=Mod

[90mstdout[2m | tests/integration.spec.ts[2m > [22m[2mReal API Integration Tests[2m > [22m[2msearchOnlineMods handles pagination (fetching page 2)
[22m[39m[Cache] Set key: search_{"page":2,"search":""} with TTL: 300000ms

[90mstdout[2m | tests/integration.spec.ts[2m > [22m[2mReal API Integration Tests[2m > [22m[2mfetchModProfile fetches update info for a specific mod
[22m[39m[Cache] Hit (memory) for key: search_{"page":1,"search":""}

[90mstdout[2m | tests/integration.spec.ts[2m > [22m[2mReal API Integration Tests[2m > [22m[2mfetchModProfile fetches update info for a specific mod
[22m[39m[API] Cache hit for search

[90mstdout[2m | tests/integration.spec.ts[2m > [22m[2mReal API Integration Tests[2m > [22m[2mfetchModProfile fetches update info for a specific mod
[22m[39m[API] Fetching Mod Profile ID: 668017
[API] Profile URL: https://gamebanana.com/apiv11/Mod/668017/ProfilePage

[90mstdout[2m | tests/integration.spec.ts[2m > [22m[2mReal API Integration Tests[2m > [22m[2mfetchModProfile fetches update info for a specific mod
[22m[39m[API] Mod Profile Status: 200

[90mstdout[2m | tests/integration.spec.ts[2m > [22m[2mReal API Integration Tests[2m > [22m[2mfetchModProfile fetches update info for a specific mod
[22m[39m[API] Successfully fetched mod profile for 668017

[90mstdout[2m | tests/integration.spec.ts[2m > [22m[2mReal API Integration Tests[2m > [22m[2mfetchModProfile fetches update info for a specific mod
[22m[39mDownload URL found: https://gamebanana.com/dl/1701177

 [32m✓[39m tests/integration.spec.ts [2m([22m[2m3 tests[22m[2m)[22m[33m 494[2mms[22m[39m
 [32m✓[39m tests/unit/components/DownloadsList.test.tsx [2m([22m[2m11 tests[22m[2m)[22m[32m 285[2mms[22m[39m
 [32m✓[39m tests/unit/components/FilterBar-final.test.tsx [2m([22m[2m9 tests[22m[2m)[22m[33m 320[2mms[22m[39m
 [32m✓[39m tests/unit/coverage-frontend-gaps.test.tsx [2m([22m[2m9 tests[22m[2m)[22m[33m 326[2mms[22m[39m
 [32m✓[39m tests/unit/pages/Settings-gaps.test.tsx [2m([22m[2m4 tests[22m[2m)[22m[32m 230[2mms[22m[39m
 [32m✓[39m tests/unit/components/FilterBar.test.tsx [2m([22m[2m7 tests[22m[2m)[22m[32m 205[2mms[22m[39m
 [32m✓[39m tests/unit/coverage-gaps-frontend.test.tsx [2m([22m[2m8 tests[22m[2m)[22m[33m 301[2mms[22m[39m
 [32m✓[39m tests/unit/final-push-frontend.test.tsx [2m([22m[2m2 tests[22m[2m)[22m[32m 267[2mms[22m[39m
[90mstderr[2m | tests/unit/final-gaps.test.tsx[2m > [22m[2mFinal Coverage Gaps[2m > [22m[2mDashboard.tsx[2m > [22m[2mshould handle API errors gracefully during load
[22m[39mDashboard data load error: Error: Fail
    at [90m/app/[39mtests/unit/final-gaps.test.tsx:59:76
    at [90mfile:///app/[39mnode_modules/[4m.pnpm[24m/@vitest+runner@4.0.18/node_modules/[4m@vitest/runner[24m/dist/index.js:145:11
    at [90mfile:///app/[39mnode_modules/[4m.pnpm[24m/@vitest+runner@4.0.18/node_modules/[4m@vitest/runner[24m/dist/index.js:915:26
    at [90mfile:///app/[39mnode_modules/[4m.pnpm[24m/@vitest+runner@4.0.18/node_modules/[4m@vitest/runner[24m/dist/index.js:1243:20
    at new Promise (<anonymous>)
    at runWithTimeout [90m(file:///app/[39mnode_modules/[4m.pnpm[24m/@vitest+runner@4.0.18/node_modules/[4m@vitest/runner[24m/dist/index.js:1209:10[90m)[39m
    at [90mfile:///app/[39mnode_modules/[4m.pnpm[24m/@vitest+runner@4.0.18/node_modules/[4m@vitest/runner[24m/dist/index.js:1653:37
    at Traces.$ [90m(file:///app/[39mnode_modules/[4m.pnpm[24m/vitest@4.0.18_@types+node@24.10.9_happy-dom@20.3.3/node_modules/[4mvitest[24m/dist/chunks/traces.CCmnQaNT.js:142:27[90m)[39m
    at trace [90m(file:///app/[39mnode_modules/[4m.pnpm[24m/vitest@4.0.18_@types+node@24.10.9_happy-dom@20.3.3/node_modules/[4mvitest[24m/dist/chunks/test.B8ej_ZHS.js:239:21[90m)[39m
    at runTest [90m(file:///app/[39mnode_modules/[4m.pnpm[24m/@vitest+runner@4.0.18/node_modules/[4m@vitest/runner[24m/dist/index.js:1653:12[90m)[39m

[90mstdout[2m | tests/unit/final-gaps.test.tsx[2m > [22m[2mFinal Coverage Gaps[2m > [22m[2mModManager.ts Gaps[2m > [22m[2mshould launch game with launch args
[22m[39mLaunching game with 0 mods enabled
Launching game at: /game.exe

 [32m✓[39m tests/unit/final-gaps.test.tsx [2m([22m[2m8 tests[22m[2m)[22m[33m 364[2mms[22m[39m
 [32m✓[39m tests/unit/coverage-frontend-final.test.tsx [2m([22m[2m7 tests[22m[2m)[22m[33m 364[2mms[22m[39m
[90mstderr[2m | tests/unit/final-gaps-frontend-v4.test.tsx[2m > [22m[2mFrontend Final Gaps V4[2m > [22m[2mDashboard.tsx[2m > [22m[2mshould handle character image error (Line 116)
[22m[39mAn update to SettingsProvider inside a test was not wrapped in act(...).

When testing, code that causes React state updates should be wrapped into act(...):

act(() => {
  /* fire events that update state */
});
/* assert on the output */

This ensures that you're testing the behavior the user would see in the browser. Learn more at https://react.dev/link/wrap-tests-with-act
An update to SettingsProvider inside a test was not wrapped in act(...).

When testing, code that causes React state updates should be wrapped into act(...):

act(() => {
  /* fire events that update state */
});
/* assert on the output */

This ensures that you're testing the behavior the user would see in the browser. Learn more at https://react.dev/link/wrap-tests-with-act
An update to Dashboard inside a test was not wrapped in act(...).

When testing, code that causes React state updates should be wrapped into act(...):

act(() => {
  /* fire events that update state */
});
/* assert on the output */

This ensures that you're testing the behavior the user would see in the browser. Learn more at https://react.dev/link/wrap-tests-with-act
An update to Dashboard inside a test was not wrapped in act(...).

When testing, code that causes React state updates should be wrapped into act(...):

act(() => {
  /* fire events that update state */
});
/* assert on the output */

This ensures that you're testing the behavior the user would see in the browser. Learn more at https://react.dev/link/wrap-tests-with-act

[90mstderr[2m | tests/unit/final-gaps-frontend-v4.test.tsx[2m > [22m[2mFrontend Final Gaps V4[2m > [22m[2mDashboard.tsx[2m > [22m[2mshould handle character image error (Line 116)
[22m[39mAn update to Dashboard inside a test was not wrapped in act(...).

When testing, code that causes React state updates should be wrapped into act(...):

act(() => {
  /* fire events that update state */
});
/* assert on the output */

This ensures that you're testing the behavior the user would see in the browser. Learn more at https://react.dev/link/wrap-tests-with-act
An update to Dashboard inside a test was not wrapped in act(...).

When testing, code that causes React state updates should be wrapped into act(...):

act(() => {
  /* fire events that update state */
});
/* assert on the output */

This ensures that you're testing the behavior the user would see in the browser. Learn more at https://react.dev/link/wrap-tests-with-act

 [32m✓[39m tests/unit/final-gaps-frontend-v4.test.tsx [2m([22m[2m3 tests[22m[2m)[22m[32m 172[2mms[22m[39m
[90mstdout[2m | tests/unit/components/ModDetailsModal-final.test.tsx[2m > [22m[2mModDetailsModal Final Gaps[2m > [22m[2mshould skip API calls for invalid gameBananaId
[22m[39mSkipping API calls for invalid or local mod ID: [33m-1[39m

[90mstderr[2m | tests/unit/components/ModDetailsModal-final.test.tsx[2m > [22m[2mModDetailsModal Final Gaps[2m > [22m[2mshould handle image load error
[22m[39mError loading image: http://broken.com/image.png

[90mstderr[2m | tests/unit/components/ModDetailsModal-final.test.tsx[2m > [22m[2mModDetailsModal Final Gaps[2m > [22m[2mshould hide image if error occurs and no fallback/already fallback
[22m[39mError loading image: http://broken.com/image.png

 [32m✓[39m tests/unit/components/ModDetailsModal-final.test.tsx [2m([22m[2m4 tests[22m[2m)[22m[32m 150[2mms[22m[39m
[90mstdout[2m | tests/unit/coverage-backend-final-v3.test.ts[2m > [22m[2mModManager getModChangelog Coverage[2m > [22m[2mshould return null and log error if exception occurs during getModChangelog
[22m[39m[ModManager] Getting changelog for modId: mod1

[90mstdout[2m | tests/unit/coverage-backend-final-v3.test.ts[2m > [22m[2mModManager getModChangelog Coverage[2m > [22m[2mshould successfully get changelog from local mod mapping
[22m[39m[ModManager] Getting changelog for modId: mod1

[90mstdout[2m | tests/unit/coverage-backend-final-v3.test.ts[2m > [22m[2mModManager getModChangelog Coverage[2m > [22m[2mshould successfully get changelog from local mod mapping
[22m[39m[ModManager] Found gameBananaId: 123 for modId: mod1

[90mstdout[2m | tests/unit/coverage-backend-final-v3.test.ts[2m > [22m[2mModManager getModChangelog Coverage[2m > [22m[2mshould successfully get changelog from local mod mapping
[22m[39m[API] Fetching Mod Updates ID: 123

[90mstdout[2m | tests/unit/coverage-backend-final-v3.test.ts[2m > [22m[2mModManager getModChangelog Coverage[2m > [22m[2mshould successfully get changelog from local mod mapping
[22m[39m[API] Update Info Status: 200

[90mstdout[2m | tests/unit/coverage-backend-final-v3.test.ts[2m > [22m[2mModManager getModChangelog Coverage[2m > [22m[2mshould successfully get changelog from local mod mapping
[22m[39m[API] No updates found for mod 123

 [32m✓[39m tests/unit/coverage-backend-final-v3.test.ts [2m([22m[2m3 tests[22m[2m)[22m[32m 190[2mms[22m[39m
[90mstdout[2m | tests/unit/api-cache.test.ts[2m > [22m[2mAPICache[2m > [22m[2mshould initialize with default config
[22m[39m[Cache] No persistent cache found, starting fresh

[90mstdout[2m | tests/unit/api-cache.test.ts[2m > [22m[2mAPICache[2m > [22m[2mshould set and get from memory
[22m[39m[Cache] No persistent cache found, starting fresh

[90mstdout[2m | tests/unit/api-cache.test.ts[2m > [22m[2mAPICache[2m > [22m[2mshould set and get from memory
[22m[39m[Cache] Set key: key1 with TTL: 300000ms

[90mstdout[2m | tests/unit/api-cache.test.ts[2m > [22m[2mAPICache[2m > [22m[2mshould set and get from memory
[22m[39m[Cache] Hit (memory) for key: key1

[90mstdout[2m | tests/unit/api-cache.test.ts[2m > [22m[2mAPICache[2m > [22m[2mshould return null for missing key
[22m[39m[Cache] No persistent cache found, starting fresh

[90mstdout[2m | tests/unit/api-cache.test.ts[2m > [22m[2mAPICache[2m > [22m[2mshould return null for missing key
[22m[39m[Cache] Miss for key: missing

[90mstdout[2m | tests/unit/api-cache.test.ts[2m > [22m[2mAPICache[2m > [22m[2mshould expire keys in memory
[22m[39m[Cache] No persistent cache found, starting fresh

[90mstdout[2m | tests/unit/api-cache.test.ts[2m > [22m[2mAPICache[2m > [22m[2mshould expire keys in memory
[22m[39m[Cache] Set key: expired with TTL: -100ms

[90mstdout[2m | tests/unit/api-cache.test.ts[2m > [22m[2mAPICache[2m > [22m[2mshould expire keys in memory
[22m[39m[Cache] Memory cache expired for key: expired

[90mstdout[2m | tests/unit/api-cache.test.ts[2m > [22m[2mAPICache[2m > [22m[2mshould expire keys in memory
[22m[39m[Cache] Miss for key: expired

[90mstdout[2m | tests/unit/api-cache.test.ts[2m > [22m[2mAPICache[2m > [22m[2mshould persist to disk
[22m[39m[Cache] No persistent cache found, starting fresh

[90mstdout[2m | tests/unit/api-cache.test.ts[2m > [22m[2mAPICache[2m > [22m[2mshould persist to disk
[22m[39m[Cache] Set key: persist with TTL: 300000ms

 [32m✓[39m tests/unit/components/ModCard.test.tsx [2m([22m[2m14 tests[22m[2m)[22m[32m 255[2mms[22m[39m
[90mstdout[2m | tests/unit/api-cache.test.ts[2m > [22m[2mAPICache[2m > [22m[2mshould handle persist write errors gracefully
[22m[39m[Cache] Loaded 0 entries from disk

[90mstdout[2m | tests/unit/api-cache.test.ts[2m > [22m[2mAPICache[2m > [22m[2mshould handle persist write errors gracefully
[22m[39m[Cache] Set key: persist_fail with TTL: 300000ms

[90mstdout[2m | tests/unit/api-cache.test.ts[2m > [22m[2mAPICache[2m > [22m[2mshould load from disk if memory miss
[22m[39m[Cache] Loaded 0 entries from disk

[90mstdout[2m | tests/unit/api-cache.test.ts[2m > [22m[2mAPICache[2m > [22m[2mshould load from disk if memory miss
[22m[39m[Cache] Hit (disk) for key: diskKey

[90mstdout[2m | tests/unit/api-cache.test.ts[2m > [22m[2mAPICache[2m > [22m[2mshould handle expired items on disk
[22m[39m[Cache] Loaded 1 entries from disk

[90mstdout[2m | tests/unit/api-cache.test.ts[2m > [22m[2mAPICache[2m > [22m[2mshould handle expired items on disk
[22m[39m[Cache] Miss for key: expiredDisk

[90mstdout[2m | tests/unit/api-cache.test.ts[2m > [22m[2mAPICache[2m > [22m[2mshould handle corrupt disk cache during load
[22m[39m[Cache] Loaded 0 entries from disk

[90mstdout[2m | tests/unit/api-cache.test.ts[2m > [22m[2mAPICache[2m > [22m[2mshould handle corrupt disk cache during load
[22m[39m[Cache] Miss for key: corruptKey

[90mstdout[2m | tests/unit/api-cache.test.ts[2m > [22m[2mAPICache[2m > [22m[2mshould invalidate keys
[22m[39m[Cache] No persistent cache found, starting fresh

[90mstdout[2m | tests/unit/api-cache.test.ts[2m > [22m[2mAPICache[2m > [22m[2mshould invalidate keys
[22m[39m[Cache] Set key: test_1 with TTL: 300000ms

[90mstdout[2m | tests/unit/api-cache.test.ts[2m > [22m[2mAPICache[2m > [22m[2mshould invalidate keys
[22m[39m[Cache] Set key: test_2 with TTL: 300000ms

[90mstdout[2m | tests/unit/api-cache.test.ts[2m > [22m[2mAPICache[2m > [22m[2mshould invalidate keys
[22m[39m[Cache] Set key: other with TTL: 300000ms

[90mstdout[2m | tests/unit/api-cache.test.ts[2m > [22m[2mAPICache[2m > [22m[2mshould invalidate keys
[22m[39m[Cache] Invalidated (memory): test_1
[Cache] Invalidated (memory): test_2

[90mstdout[2m | tests/unit/api-cache.test.ts[2m > [22m[2mAPICache[2m > [22m[2mshould invalidate keys
[22m[39m[Cache] Miss for key: test_1

[90mstdout[2m | tests/unit/api-cache.test.ts[2m > [22m[2mAPICache[2m > [22m[2mshould invalidate keys
[22m[39m[Cache] Miss for key: test_2

[90mstdout[2m | tests/unit/api-cache.test.ts[2m > [22m[2mAPICache[2m > [22m[2mshould invalidate keys
[22m[39m[Cache] Hit (memory) for key: other

[90mstdout[2m | tests/unit/api-cache.test.ts[2m > [22m[2mAPICache[2m > [22m[2mshould handle invalidate disk errors
[22m[39m[Cache] Loaded 0 entries from disk

[90mstdout[2m | tests/unit/api-cache.test.ts[2m > [22m[2mAPICache[2m > [22m[2mshould clear all cache
[22m[39m[Cache] No persistent cache found, starting fresh

[90mstdout[2m | tests/unit/api-cache.test.ts[2m > [22m[2mAPICache[2m > [22m[2mshould clear all cache
[22m[39m[Cache] Set key: a with TTL: 300000ms

[90mstdout[2m | tests/unit/api-cache.test.ts[2m > [22m[2mAPICache[2m > [22m[2mshould clear all cache
[22m[39m[Cache] Cleared all cache

[90mstdout[2m | tests/unit/api-cache.test.ts[2m > [22m[2mAPICache[2m > [22m[2mshould clear all cache
[22m[39m[Cache] Miss for key: a

[90mstdout[2m | tests/unit/api-cache.test.ts[2m > [22m[2mAPICache[2m > [22m[2mshould handle clear cache file error (ignore if not found)
[22m[39m[Cache] No persistent cache found, starting fresh

[90mstdout[2m | tests/unit/api-cache.test.ts[2m > [22m[2mAPICache[2m > [22m[2mshould evict oldest memory entry when max size reached
[22m[39m[Cache] No persistent cache found, starting fresh

[90mstdout[2m | tests/unit/api-cache.test.ts[2m > [22m[2mAPICache[2m > [22m[2mshould evict oldest memory entry when max size reached
[22m[39m[Cache] Set key: 1 with TTL: 300000ms
[Cache] No persistent cache found, starting fresh
[Cache] Set key: 2 with TTL: 300000ms

[90mstdout[2m | tests/unit/api-cache.test.ts[2m > [22m[2mAPICache[2m > [22m[2mshould evict oldest memory entry when max size reached
[22m[39m[Cache] Evicted oldest entry: 1
[Cache] Set key: 3 with TTL: 300000ms

[90mstdout[2m | tests/unit/api-cache.test.ts[2m > [22m[2mAPICache[2m > [22m[2mshould evict oldest memory entry when max size reached
[22m[39m[Cache] Miss for key: 1

[90mstdout[2m | tests/unit/api-cache.test.ts[2m > [22m[2mAPICache[2m > [22m[2mshould evict oldest memory entry when max size reached
[22m[39m[Cache] Miss for key: 1

[90mstdout[2m | tests/unit/api-cache.test.ts[2m > [22m[2mAPICache[2m > [22m[2mshould evict oldest memory entry when max size reached
[22m[39m[Cache] Hit (memory) for key: 2

[90mstdout[2m | tests/unit/api-cache.test.ts[2m > [22m[2mAPICache[2m > [22m[2mshould evict oldest memory entry when max size reached
[22m[39m[Cache] Hit (memory) for key: 3

[90mstdout[2m | tests/unit/api-cache.test.ts[2m > [22m[2mAPICache[2m > [22m[2mshould load persistent cache on init and ignore expired items
[22m[39m[Cache] Loaded 0 entries from disk

[90mstdout[2m | tests/unit/api-cache.test.ts[2m > [22m[2mAPICache[2m > [22m[2mshould load persistent cache on init and ignore expired items
[22m[39m[Cache] Loaded 1 entries from disk

[90mstdout[2m | tests/unit/api-cache.test.ts[2m > [22m[2mAPICache[2m > [22m[2mshould load persistent cache on init and ignore expired items
[22m[39m[Cache] Hit (memory) for key: valid

[90mstdout[2m | tests/unit/api-cache.test.ts[2m > [22m[2mAPICache[2m > [22m[2mshould clean up expired entries during setPersistent
[22m[39m[Cache] Loaded 1 entries from disk

[90mstdout[2m | tests/unit/api-cache.test.ts[2m > [22m[2mAPICache[2m > [22m[2mshould clean up expired entries during setPersistent
[22m[39m[Cache] Set key: new with TTL: 300000ms

[90mstdout[2m | tests/unit/api-cache.test.ts[2m > [22m[2mAPICache[2m > [22m[2mshould handle setPersistent when file does not exist yet
[22m[39m[Cache] Loaded 0 entries from disk

[90mstdout[2m | tests/unit/api-cache.test.ts[2m > [22m[2mAPICache[2m > [22m[2mshould handle setPersistent when file does not exist yet
[22m[39m[Cache] Set key: first with TTL: 300000ms

 [32m✓[39m tests/unit/api-cache.test.ts [2m([22m[2m17 tests[22m[2m)[22m[32m 161[2mms[22m[39m
 [32m✓[39m tests/unit/frontend-drag.test.tsx [2m([22m[2m3 tests[22m[2m)[22m[32m 193[2mms[22m[39m
 [32m✓[39m tests/unit/coverage-catchall.test.tsx [2m([22m[2m10 tests[22m[2m)[22m[32m 139[2mms[22m[39m
 [32m✓[39m tests/unit/components/CategorySidebar.test.tsx [2m([22m[2m4 tests[22m[2m)[22m[32m 143[2mms[22m[39m
 [32m✓[39m tests/unit/pages/Dashboard-strict.test.tsx [2m([22m[2m2 tests[22m[2m)[22m[32m 136[2mms[22m[39m
 [32m✓[39m tests/unit/final-gaps-mods.test.tsx [2m([22m[2m2 tests[22m[2m)[22m[32m 159[2mms[22m[39m
[90mstderr[2m | tests/unit/mod-manager.test.ts[2m > [22m[2mModManager[2m > [22m[2mCore Functionality[2m > [22m[2mensureModsDir should handle error
[22m[39mFailed to create Mods directory: Error: Fail
    at [90m/app/[39mtests/unit/mod-manager.test.ts:128:49
    at [90mfile:///app/[39mnode_modules/[4m.pnpm[24m/@vitest+runner@4.0.18/node_modules/[4m@vitest/runner[24m/dist/index.js:145:11
    at [90mfile:///app/[39mnode_modules/[4m.pnpm[24m/@vitest+runner@4.0.18/node_modules/[4m@vitest/runner[24m/dist/index.js:915:26
    at [90mfile:///app/[39mnode_modules/[4m.pnpm[24m/@vitest+runner@4.0.18/node_modules/[4m@vitest/runner[24m/dist/index.js:1243:20
    at new Promise (<anonymous>)
    at runWithTimeout [90m(file:///app/[39mnode_modules/[4m.pnpm[24m/@vitest+runner@4.0.18/node_modules/[4m@vitest/runner[24m/dist/index.js:1209:10[90m)[39m
    at [90mfile:///app/[39mnode_modules/[4m.pnpm[24m/@vitest+runner@4.0.18/node_modules/[4m@vitest/runner[24m/dist/index.js:1653:37
    at Traces.$ [90m(file:///app/[39mnode_modules/[4m.pnpm[24m/vitest@4.0.18_@types+node@24.10.9_happy-dom@20.3.3/node_modules/[4mvitest[24m/dist/chunks/traces.CCmnQaNT.js:142:27[90m)[39m
    at trace [90m(file:///app/[39mnode_modules/[4m.pnpm[24m/vitest@4.0.18_@types+node@24.10.9_happy-dom@20.3.3/node_modules/[4mvitest[24m/dist/chunks/test.B8ej_ZHS.js:239:21[90m)[39m
    at runTest [90m(file:///app/[39mnode_modules/[4m.pnpm[24m/@vitest+runner@4.0.18/node_modules/[4m@vitest/runner[24m/dist/index.js:1653:12[90m)[39m

[90mstderr[2m | tests/unit/mod-manager.test.ts[2m > [22m[2mModManager[2m > [22m[2mCore Functionality[2m > [22m[2mopenModsDirectory should handle errors
[22m[39mFailed to open mods directory Error: Fail
    at [90m/app/[39mtests/unit/mod-manager.test.ts:170:64
[90m    at processTicksAndRejections (node:internal/process/task_queues:103:5)[39m
    at [90mfile:///app/[39mnode_modules/[4m.pnpm[24m/@vitest+runner@4.0.18/node_modules/[4m@vitest/runner[24m/dist/index.js:915:20

[90mstdout[2m | tests/unit/mod-manager.test.ts[2m > [22m[2mModManager[2m > [22m[2mCore Functionality[2m > [22m[2msyncActiveProfile should handle error
[22m[39mDeploying mod (Non-destructive): undefined

[90mstdout[2m | tests/unit/mod-manager.test.ts[2m > [22m[2mModManager[2m > [22m[2mProfile Management[2m > [22m[2mshould load a profile
[22m[39mLoading Profile: Disabling 1, Enabling 1

[90mstdout[2m | tests/unit/mod-manager.test.ts[2m > [22m[2mModManager[2m > [22m[2mUE4SS[2m > [22m[2mshould install UE4SS
[22m[39mInstalling UE4SS...

[90mstdout[2m | tests/unit/coverage-gaps-backend.test.ts[2m > [22m[2mBackend Coverage Gaps[2m > [22m[2mGameBanana API Error Handling[2m > [22m[2mfetchItemData should return null on 404 response
[22m[39m[API] Fetching Item Data: Mod / 123

[90mstdout[2m | tests/unit/coverage-gaps-backend.test.ts[2m > [22m[2mBackend Coverage Gaps[2m > [22m[2mGameBanana API Error Handling[2m > [22m[2mfetchItemData should return null on 404 response
[22m[39m[Cache] No persistent cache found, starting fresh

[90mstdout[2m | tests/unit/coverage-gaps-backend.test.ts[2m > [22m[2mBackend Coverage Gaps[2m > [22m[2mGameBanana API Error Handling[2m > [22m[2mfetchItemData should return null on 404 response
[22m[39m[Cache] Miss for key: item_Mod_123_

[90mstdout[2m | tests/unit/coverage-gaps-backend.test.ts[2m > [22m[2mBackend Coverage Gaps[2m > [22m[2mGameBanana API Error Handling[2m > [22m[2mfetchItemData should return null on 404 response
[22m[39m[API] Request Info: https://gamebanana.com/apiv11/Mod/123/ProfilePage

[90mstdout[2m | tests/unit/mod-manager.test.ts[2m > [22m[2mModManager[2m > [22m[2mUE4SS[2m > [22m[2mshould fail install UE4SS if game path missing
[22m[39mInstalling UE4SS...

[90mstderr[2m | tests/unit/coverage-gaps-backend.test.ts[2m > [22m[2mBackend Coverage Gaps[2m > [22m[2mGameBanana API Error Handling[2m > [22m[2mfetchItemData should return null on 404 response
[22m[39m[API] Failed to fetch item data: 404

[90mstdout[2m | tests/unit/coverage-gaps-backend.test.ts[2m > [22m[2mBackend Coverage Gaps[2m > [22m[2mGameBanana API Error Handling[2m > [22m[2mfetchItemData should return null on 404 response
[22m[39m[API] Response Item Data status: 404

[90mstdout[2m | tests/unit/coverage-gaps-backend.test.ts[2m > [22m[2mBackend Coverage Gaps[2m > [22m[2mGameBanana API Error Handling[2m > [22m[2mfetchItemData should return null on network error
[22m[39m[API] Fetching Item Data: Mod / 123

[90mstdout[2m | tests/unit/coverage-gaps-backend.test.ts[2m > [22m[2mBackend Coverage Gaps[2m > [22m[2mGameBanana API Error Handling[2m > [22m[2mfetchItemData should return null on network error
[22m[39m[Cache] Miss for key: item_Mod_123_

[90mstdout[2m | tests/unit/coverage-gaps-backend.test.ts[2m > [22m[2mBackend Coverage Gaps[2m > [22m[2mGameBanana API Error Handling[2m > [22m[2mfetchItemData should return null on network error
[22m[39m[API] Request Info: https://gamebanana.com/apiv11/Mod/123/ProfilePage

[90mstderr[2m | tests/unit/coverage-gaps-backend.test.ts[2m > [22m[2mBackend Coverage Gaps[2m > [22m[2mGameBanana API Error Handling[2m > [22m[2mfetchItemData should return null on network error
[22m[39mError fetching item data: Error: Network Error
    at [90m/app/[39mtests/unit/coverage-gaps-backend.test.ts:61:54
    at [90mfile:///app/[39mnode_modules/[4m.pnpm[24m/@vitest+runner@4.0.18/node_modules/[4m@vitest/runner[24m/dist/index.js:145:11
    at [90mfile:///app/[39mnode_modules/[4m.pnpm[24m/@vitest+runner@4.0.18/node_modules/[4m@vitest/runner[24m/dist/index.js:915:26
    at [90mfile:///app/[39mnode_modules/[4m.pnpm[24m/@vitest+runner@4.0.18/node_modules/[4m@vitest/runner[24m/dist/index.js:1243:20
    at new Promise (<anonymous>)
    at runWithTimeout [90m(file:///app/[39mnode_modules/[4m.pnpm[24m/@vitest+runner@4.0.18/node_modules/[4m@vitest/runner[24m/dist/index.js:1209:10[90m)[39m
    at [90mfile:///app/[39mnode_modules/[4m.pnpm[24m/@vitest+runner@4.0.18/node_modules/[4m@vitest/runner[24m/dist/index.js:1653:37
    at Traces.$ [90m(file:///app/[39mnode_modules/[4m.pnpm[24m/vitest@4.0.18_@types+node@24.10.9_happy-dom@20.3.3/node_modules/[4mvitest[24m/dist/chunks/traces.CCmnQaNT.js:142:27[90m)[39m
    at trace [90m(file:///app/[39mnode_modules/[4m.pnpm[24m/vitest@4.0.18_@types+node@24.10.9_happy-dom@20.3.3/node_modules/[4mvitest[24m/dist/chunks/test.B8ej_ZHS.js:239:21[90m)[39m
    at runTest [90m(file:///app/[39mnode_modules/[4m.pnpm[24m/@vitest+runner@4.0.18/node_modules/[4m@vitest/runner[24m/dist/index.js:1653:12[90m)[39m

[90mstdout[2m | tests/unit/coverage-gaps-backend.test.ts[2m > [22m[2mBackend Coverage Gaps[2m > [22m[2mGameBanana API Error Handling[2m > [22m[2msearchBySection should handle 500 server error gracefully
[22m[39m[Cache] Miss for key: search_{}

[90mstdout[2m | tests/unit/coverage-gaps-backend.test.ts[2m > [22m[2mBackend Coverage Gaps[2m > [22m[2mGameBanana API Error Handling[2m > [22m[2msearchBySection should handle 500 server error gracefully
[22m[39m[API] Fetching: https://gamebanana.com/apiv11/Game/21179/Subfeed?_nPage=1&_nPerpage=20&_aModelFilter[]=Mod

[90mstderr[2m | tests/unit/coverage-gaps-backend.test.ts[2m > [22m[2mBackend Coverage Gaps[2m > [22m[2mGameBanana API Error Handling[2m > [22m[2msearchBySection should handle 500 server error gracefully
[22m[39m[API] Search failed: 500 - Server Error

[90mstderr[2m | tests/unit/coverage-gaps-backend.test.ts[2m > [22m[2mBackend Coverage Gaps[2m > [22m[2mGameBanana API Error Handling[2m > [22m[2msearchBySection should handle 500 server error gracefully
[22m[39m[API] Error body: Internal Server Error

[90mstdout[2m | tests/unit/coverage-gaps-backend.test.ts[2m > [22m[2mBackend Coverage Gaps[2m > [22m[2mGameBanana API Error Handling[2m > [22m[2mfetchCategories should return empty array on 404
[22m[39m[Cache] Miss for key: categories_21179

[90mstdout[2m | tests/unit/coverage-gaps-backend.test.ts[2m > [22m[2mBackend Coverage Gaps[2m > [22m[2mGameBanana API Error Handling[2m > [22m[2mfetchCategories should return empty array on 404
[22m[39m[API] Fetching Categories URL: https://gamebanana.com/apiv11/Game/21179/ProfilePage

[90mstdout[2m | tests/unit/coverage-gaps-backend.test.ts[2m > [22m[2mBackend Coverage Gaps[2m > [22m[2mGameBanana API Error Handling[2m > [22m[2mfetchCategories should return empty array on 404
[22m[39m[API] Fetch Categories Status: 404

[90mstdout[2m | tests/unit/coverage-gaps-backend.test.ts[2m > [22m[2mBackend Coverage Gaps[2m > [22m[2mGameBanana API Error Handling[2m > [22m[2mfetchModProfile should return null on 500
[22m[39m[API] Fetching Mod Profile ID: 1
[API] Profile URL: https://gamebanana.com/apiv11/Mod/1/ProfilePage

[90mstdout[2m | tests/unit/coverage-gaps-backend.test.ts[2m > [22m[2mBackend Coverage Gaps[2m > [22m[2mGameBanana API Error Handling[2m > [22m[2mfetchModProfile should return null on 500
[22m[39m[API] Mod Profile Status: 500

[90mstderr[2m | tests/unit/coverage-gaps-backend.test.ts[2m > [22m[2mBackend Coverage Gaps[2m > [22m[2mGameBanana API Error Handling[2m > [22m[2mfetchModProfile should return null on 500
[22m[39m[API] Failed to fetch mod profile: 500 - undefined

[90mstdout[2m | tests/unit/coverage-gaps-backend.test.ts[2m > [22m[2mBackend Coverage Gaps[2m > [22m[2mGameBanana API Error Handling[2m > [22m[2mfetchModUpdates should return null on 404
[22m[39m[API] Fetching Mod Updates ID: 1

[90mstdout[2m | tests/unit/coverage-gaps-backend.test.ts[2m > [22m[2mBackend Coverage Gaps[2m > [22m[2mGameBanana API Error Handling[2m > [22m[2mfetchModUpdates should return null on 404
[22m[39m[API] Update Info Status: 404

[90mstderr[2m | tests/unit/coverage-gaps-backend.test.ts[2m > [22m[2mBackend Coverage Gaps[2m > [22m[2mGameBanana API Error Handling[2m > [22m[2mfetchModUpdates should return null on 404
[22m[39m[API] Failed to fetch mod updates: 404 - undefined

[90mstdout[2m | tests/unit/coverage-gaps-backend.test.ts[2m > [22m[2mBackend Coverage Gaps[2m > [22m[2mAPICache Robustness[2m > [22m[2mshould handle EACCES when saving persistent cache
[22m[39m[Cache] No persistent cache found, starting fresh

[90mstdout[2m | tests/unit/coverage-gaps-backend.test.ts[2m > [22m[2mBackend Coverage Gaps[2m > [22m[2mAPICache Robustness[2m > [22m[2mshould handle EACCES when saving persistent cache
[22m[39m[Cache] Set key: test-key with TTL: 300000ms

[90mstdout[2m | tests/unit/mod-manager.test.ts[2m > [22m[2mModManager[2m > [22m[2mPriority & Deploy[2m > [22m[2mfixPriorities should normalize priorities
[22m[39m[ModManager] Fixed/Normalized mod priorities.

[90mstdout[2m | tests/unit/mod-manager.test.ts[2m > [22m[2mModManager[2m > [22m[2mPriority & Deploy[2m > [22m[2mdeployMod should deploy files
[22m[39mDeploying mod (Non-destructive): M

[90mstdout[2m | tests/unit/mod-manager.test.ts[2m > [22m[2mModManager[2m > [22m[2mPriority & Deploy[2m > [22m[2mdeployMod should handle various file types and errors
[22m[39mDeploying mod (Non-destructive): M

[90mstdout[2m | tests/unit/mod-manager.test.ts[2m > [22m[2mModManager[2m > [22m[2mPriority & Deploy[2m > [22m[2mshould deploy Movies (audio/video) correctly
[22m[39mDeploying mod (Non-destructive): MovieMod

[90mstdout[2m | tests/unit/mod-manager.test.ts[2m > [22m[2mModManager[2m > [22m[2mDeploy Fallbacks and Errors[2m > [22m[2mshould fallback to copy if link fails
[22m[39mDeploying mod (Non-destructive): M

[90mstdout[2m | tests/unit/mod-manager.test.ts[2m > [22m[2mModManager[2m > [22m[2mDeploy Fallbacks and Errors[2m > [22m[2mshould fallback to copy if link fails
[22m[39m[Deploy] Linking failed, falling back to copy for: file.pak

[90mstdout[2m | tests/unit/mod-manager.test.ts[2m > [22m[2mModManager[2m > [22m[2mDeploy Fallbacks and Errors[2m > [22m[2mshould log error if copy also fails
[22m[39mDeploying mod (Non-destructive): M

[90mstdout[2m | tests/unit/mod-manager.test.ts[2m > [22m[2mModManager[2m > [22m[2mDeploy Fallbacks and Errors[2m > [22m[2mshould log error if copy also fails
[22m[39m[Deploy] Linking failed, falling back to copy for: file.pak

[90mstdout[2m | tests/unit/mod-manager.test.ts[2m > [22m[2mModManager[2m > [22m[2mDeploy Fallbacks and Errors[2m > [22m[2mshould handle undeploy errors
[22m[39mUndeploying mod: undefined

[90mstderr[2m | tests/unit/mod-manager.test.ts[2m > [22m[2mModManager[2m > [22m[2mDeploy Fallbacks and Errors[2m > [22m[2mshould handle undeploy errors
[22m[39mFailed to delete file: /path/file.pak Error: Fail
    at [90m/app/[39mtests/unit/mod-manager.test.ts:493:50
    at [90mfile:///app/[39mnode_modules/[4m.pnpm[24m/@vitest+runner@4.0.18/node_modules/[4m@vitest/runner[24m/dist/index.js:145:11
    at [90mfile:///app/[39mnode_modules/[4m.pnpm[24m/@vitest+runner@4.0.18/node_modules/[4m@vitest/runner[24m/dist/index.js:915:26
    at [90mfile:///app/[39mnode_modules/[4m.pnpm[24m/@vitest+runner@4.0.18/node_modules/[4m@vitest/runner[24m/dist/index.js:1243:20
    at new Promise (<anonymous>)
    at runWithTimeout [90m(file:///app/[39mnode_modules/[4m.pnpm[24m/@vitest+runner@4.0.18/node_modules/[4m@vitest/runner[24m/dist/index.js:1209:10[90m)[39m
    at [90mfile:///app/[39mnode_modules/[4m.pnpm[24m/@vitest+runner@4.0.18/node_modules/[4m@vitest/runner[24m/dist/index.js:1653:37
    at Traces.$ [90m(file:///app/[39mnode_modules/[4m.pnpm[24m/vitest@4.0.18_@types+node@24.10.9_happy-dom@20.3.3/node_modules/[4mvitest[24m/dist/chunks/traces.CCmnQaNT.js:142:27[90m)[39m
    at trace [90m(file:///app/[39mnode_modules/[4m.pnpm[24m/vitest@4.0.18_@types+node@24.10.9_happy-dom@20.3.3/node_modules/[4mvitest[24m/dist/chunks/test.B8ej_ZHS.js:239:21[90m)[39m
    at runTest [90m(file:///app/[39mnode_modules/[4m.pnpm[24m/@vitest+runner@4.0.18/node_modules/[4m@vitest/runner[24m/dist/index.js:1653:12[90m)[39m

[90mstdout[2m | tests/unit/mod-manager.test.ts[2m > [22m[2mModManager[2m > [22m[2mInstall Online Mod[2m > [22m[2mshould start download and install on complete
[22m[39mInstalling mod: 1

[90mstdout[2m | tests/unit/mod-manager.test.ts[2m > [22m[2mModManager[2m > [22m[2mInstall Online Mod[2m > [22m[2mshould start download and install on complete
[22m[39mDeploying mod (Non-destructive): Mod

[90mstdout[2m | tests/unit/mod-manager.test.ts[2m > [22m[2mModManager[2m > [22m[2mInstall Online Mod[2m > [22m[2mshould fail install online mod if missing download manager
[22m[39mInstalling mod: 1

[90mstdout[2m | tests/unit/mod-manager.test.ts[2m > [22m[2mModManager[2m > [22m[2mInstall Online Mod[2m > [22m[2mshould fail install online mod if no files found
[22m[39mInstalling mod: 1

[90mstdout[2m | tests/unit/mod-manager.test.ts[2m > [22m[2mModManager[2m > [22m[2mGame Launch & Misc[2m > [22m[2mshould launch game
[22m[39mLaunching game with 0 mods enabled
Launching game at: /game/SparkingZERO.exe

[90mstdout[2m | tests/unit/mod-manager.test.ts[2m > [22m[2mModManager[2m > [22m[2mGame Launch & Misc[2m > [22m[2mshould resolve game executable from directory
[22m[39mLaunching game with 0 mods enabled
Launching game at: /game/SparkingZERO.exe

[90mstdout[2m | tests/unit/mod-manager.test.ts[2m > [22m[2mModManager[2m > [22m[2mGame Launch & Misc[2m > [22m[2mshould fallback to binary search if root exe missing
[22m[39mLaunching game with 0 mods enabled
Launching game at: /game/SparkingZERO/Binaries/Win64/SparkingZERO-Win64-Shipping.exe

[90mstdout[2m | tests/unit/mod-manager.test.ts[2m > [22m[2mModManager[2m > [22m[2mGame Launch & Misc[2m > [22m[2mshould handle launch execution error
[22m[39mLaunching game with 0 mods enabled
Launching game at: /game/SparkingZERO.exe

[90mstdout[2m | tests/unit/mod-manager.test.ts[2m > [22m[2mModManager[2m > [22m[2mAdvanced Deployment Logic[2m > [22m[2mshould deploy UE4SS mods correctly
[22m[39mDeploying mod (Non-destructive): UE4SSMod

[90mstdout[2m | tests/unit/mod-manager.test.ts[2m > [22m[2mModManager[2m > [22m[2mAdvanced Deployment Logic[2m > [22m[2mshould handle UE4SS mods.txt update failure gracefully
[22m[39mDeploying mod (Non-destructive): UE4SSMod

[90mstdout[2m | tests/unit/mod-manager.test.ts[2m > [22m[2mModManager[2m > [22m[2mAdvanced Deployment Logic[2m > [22m[2mshould deploy LogicMods correctly
[22m[39mDeploying mod (Non-destructive): Logic

[90mstdout[2m | tests/unit/mod-manager.test.ts[2m > [22m[2mModManager[2m > [22m[2mNon-destructive Deployment[2m > [22m[2mshould NOT wipe the destination directory on deploy
[22m[39mDeploying mod (Non-destructive): SafeMod

[90mstdout[2m | tests/unit/mod-manager.test.ts[2m > [22m[2mModManager[2m > [22m[2mInstall Local Mod[2m > [22m[2mshould install zip
[22m[39mDeploying mod (Non-destructive): mod

[90mstdout[2m | tests/unit/mod-manager.test.ts[2m > [22m[2mModManager[2m > [22m[2mInstall Local Mod[2m > [22m[2mshould install non-zip
[22m[39mDeploying mod (Non-destructive): mod

[90mstdout[2m | tests/unit/mod-manager.test.ts[2m > [22m[2mModManager[2m > [22m[2mAdditional Coverage[2m > [22m[2mupdateAllMods should handle partial failures
[22m[39m[ModManager] Updating 2 mods...

[90mstdout[2m | tests/unit/mod-manager.test.ts[2m > [22m[2mModManager[2m > [22m[2mAdditional Coverage[2m > [22m[2minstallUE4SS should use fallback if download manager is not present
[22m[39mInstalling UE4SS...

[90mstdout[2m | tests/unit/mod-manager.test.ts[2m > [22m[2mModManager[2m > [22m[2mAdditional Coverage[2m > [22m[2mlaunchGame should catch execFile errors (callback)
[22m[39mLaunching game with 0 mods enabled
Launching game at: /game.exe

[90mstdout[2m | tests/unit/coverage-gaps-backend.test.ts[2m > [22m[2mBackend Coverage Gaps[2m > [22m[2mAPICache Robustness[2m > [22m[2mshould handle corrupt cache file gracefully
[22m[39m[Cache] No persistent cache found, starting fresh

[90mstdout[2m | tests/unit/coverage-gaps-backend.test.ts[2m > [22m[2mBackend Coverage Gaps[2m > [22m[2mAPICache Robustness[2m > [22m[2mshould handle corrupt cache file gracefully
[22m[39m[Cache] Miss for key: some-key

[90mstdout[2m | tests/unit/coverage-gaps-backend.test.ts[2m > [22m[2mBackend Coverage Gaps[2m > [22m[2mModManager Deployment Gaps[2m > [22m[2mshould throw if getSettings fails in deployMod (current behavior)
[22m[39mDeploying mod (Non-destructive): Test

[90mstdout[2m | tests/unit/coverage-gaps-backend.test.ts[2m > [22m[2mBackend Coverage Gaps[2m > [22m[2mModManager Deployment Gaps[2m > [22m[2mshould handle fs.link failure generic error (not EXDEV/EPERM) by failing deployment
[22m[39mDeploying mod (Non-destructive): Test

[90mstderr[2m | tests/unit/coverage-gaps-backend.test.ts[2m > [22m[2mBackend Coverage Gaps[2m > [22m[2mModManager Deployment Gaps[2m > [22m[2mshould handle fs.link failure generic error (not EXDEV/EPERM) by failing deployment
[22m[39mFailed to deploy file /mods/Test/file.pak to /game/SparkingZERO/Content/Paks/~mods/000_file.pak Error: Unknown Error
    at [90m/app/[39mtests/unit/coverage-gaps-backend.test.ts:192:49
    at [90mfile:///app/[39mnode_modules/[4m.pnpm[24m/@vitest+runner@4.0.18/node_modules/[4m@vitest/runner[24m/dist/index.js:145:11
    at [90mfile:///app/[39mnode_modules/[4m.pnpm[24m/@vitest+runner@4.0.18/node_modules/[4m@vitest/runner[24m/dist/index.js:915:26
    at [90mfile:///app/[39mnode_modules/[4m.pnpm[24m/@vitest+runner@4.0.18/node_modules/[4m@vitest/runner[24m/dist/index.js:1243:20
    at new Promise (<anonymous>)
    at runWithTimeout [90m(file:///app/[39mnode_modules/[4m.pnpm[24m/@vitest+runner@4.0.18/node_modules/[4m@vitest/runner[24m/dist/index.js:1209:10[90m)[39m
    at [90mfile:///app/[39mnode_modules/[4m.pnpm[24m/@vitest+runner@4.0.18/node_modules/[4m@vitest/runner[24m/dist/index.js:1653:37
    at Traces.$ [90m(file:///app/[39mnode_modules/[4m.pnpm[24m/vitest@4.0.18_@types+node@24.10.9_happy-dom@20.3.3/node_modules/[4mvitest[24m/dist/chunks/traces.CCmnQaNT.js:142:27[90m)[39m
    at trace [90m(file:///app/[39mnode_modules/[4m.pnpm[24m/vitest@4.0.18_@types+node@24.10.9_happy-dom@20.3.3/node_modules/[4mvitest[24m/dist/chunks/test.B8ej_ZHS.js:239:21[90m)[39m
    at runTest [90m(file:///app/[39mnode_modules/[4m.pnpm[24m/@vitest+runner@4.0.18/node_modules/[4m@vitest/runner[24m/dist/index.js:1653:12[90m)[39m

 [32m✓[39m tests/unit/mod-manager.test.ts [2m([22m[2m59 tests[22m[2m)[22m[32m 115[2mms[22m[39m
 [32m✓[39m tests/unit/coverage-gaps-backend.test.ts [2m([22m[2m10 tests[22m[2m)[22m[32m 89[2mms[22m[39m
[90mstdout[2m | tests/unit/final-gaps-v4.test.ts[2m > [22m[2mModManager Final Gaps V4 (Backend)[2m > [22m[2mshould handle extractZip failure during UE4SS install (finalizeUE4SSInstall)
[22m[39mInstalling UE4SS...

[90mstderr[2m | tests/unit/final-gaps-v4.test.ts[2m > [22m[2mModManager Final Gaps V4 (Backend)[2m > [22m[2mshould handle extractZip failure during UE4SS install (finalizeUE4SSInstall)
[22m[39mError: Extraction Failed
    at [90m/app/[39mtests/unit/final-gaps-v4.test.ts:86:62
[90m    at processTicksAndRejections (node:internal/process/task_queues:103:5)[39m
    at [90mfile:///app/[39mnode_modules/[4m.pnpm[24m/@vitest+runner@4.0.18/node_modules/[4m@vitest/runner[24m/dist/index.js:915:20

[90mstdout[2m | tests/unit/final-gaps-v4.test.ts[2m > [22m[2mModManager Final Gaps V4 (Backend)[2m > [22m[2mshould handle execFile error callback in launchGame
[22m[39mLaunching game with 0 mods enabled
Launching game at: /games/SparkingZERO/SparkingZERO.exe

[90mstdout[2m | tests/unit/final-gaps-v4.test.ts[2m > [22m[2mModManager Final Gaps V4 (Backend)[2m > [22m[2mshould handle downloadFile network error (fallback path)
[22m[39mInstalling UE4SS...

[90mstdout[2m | tests/unit/final-gaps-v4.test.ts[2m > [22m[2mModManager Final Gaps V4 (Backend)[2m > [22m[2mshould handle downloadFile non-200 response
[22m[39mInstalling UE4SS...

[90mstdout[2m | tests/unit/final-gaps-v4.test.ts[2m > [22m[2mModManager Final Gaps V4 (Backend)[2m > [22m[2mshould handle downloadFile redirect (302)
[22m[39mInstalling UE4SS...

 [32m✓[39m tests/unit/final-gaps-v4.test.ts [2m([22m[2m5 tests[22m[2m)[22m[32m 106[2mms[22m[39m
 [32m✓[39m tests/unit/layouts/MainLayout.test.tsx [2m([22m[2m4 tests[22m[2m)[22m[32m 143[2mms[22m[39m
 [32m✓[39m tests/unit/background-layout.test.tsx [2m([22m[2m2 tests[22m[2m)[22m[32m 95[2mms[22m[39m
 [32m✓[39m tests/unit/components/UpdateDialog.test.tsx [2m([22m[2m4 tests[22m[2m)[22m[32m 92[2mms[22m[39m
 [32m✓[39m tests/unit/components/ToastContext.test.tsx [2m([22m[2m4 tests[22m[2m)[22m[32m 94[2mms[22m[39m
 [32m✓[39m tests/unit/components/Switch.test.tsx [2m([22m[2m5 tests[22m[2m)[22m[32m 87[2mms[22m[39m
 [32m✓[39m tests/unit/components/UpdateDialog-final.test.tsx [2m([22m[2m2 tests[22m[2m)[22m[32m 73[2mms[22m[39m
 [32m✓[39m tests/unit/components/Layout.test.tsx [2m([22m[2m2 tests[22m[2m)[22m[32m 89[2mms[22m[39m
 [32m✓[39m tests/unit/layout-gap.test.tsx [2m([22m[2m3 tests[22m[2m)[22m[32m 84[2mms[22m[39m
[90mstdout[2m | tests/unit/mod-manager-edge-cases.test.ts[2m > [22m[2mModManager Edge Cases[2m > [22m[2mfixPriorities[2m > [22m[2mshould tie-break by name if priorities are equal
[22m[39m[ModManager] Fixed/Normalized mod priorities.
[ModManager] Redeploying 2 mods due to priority fix...
Undeploying mod: A_Mod

[90mstdout[2m | tests/unit/mod-manager-edge-cases.test.ts[2m > [22m[2mModManager Edge Cases[2m > [22m[2mfixPriorities[2m > [22m[2mshould tie-break by name if priorities are equal
[22m[39mDeploying mod (Non-destructive): A_Mod

[90mstderr[2m | tests/unit/mod-manager-edge-cases.test.ts[2m > [22m[2mModManager Edge Cases[2m > [22m[2mfixPriorities[2m > [22m[2mshould tie-break by name if priorities are equal
[22m[39mError in deployModFiles internal loop TypeError: Cannot read properties of undefined (reading 'includes')
    at ModManager.isPosixLikePath [90m(/app/[39melectron/mod-manager.ts:222:22[90m)[39m
    at ModManager.joinPath [90m(/app/[39melectron/mod-manager.ts:226:21[90m)[39m
    at ModManager.deployModFiles [90m(/app/[39melectron/mod-manager.ts:485:35[90m)[39m
[90m    at processTicksAndRejections (node:internal/process/task_queues:103:5)[39m
    at ModManager.deployMod [90m(/app/[39melectron/mod-manager.ts:572:53[90m)[39m
    at ModManager.fixPriorities [90m(/app/[39melectron/mod-manager.ts:334:26[90m)[39m
    at [90m/app/[39mtests/unit/mod-manager-edge-cases.test.ts:57:13
    at [90mfile:///app/[39mnode_modules/[4m.pnpm[24m/@vitest+runner@4.0.18/node_modules/[4m@vitest/runner[24m/dist/index.js:915:20

[90mstdout[2m | tests/unit/mod-manager-edge-cases.test.ts[2m > [22m[2mModManager Edge Cases[2m > [22m[2mfixPriorities[2m > [22m[2mshould tie-break by name if priorities are equal
[22m[39mUndeploying mod: B_Mod

[90mstdout[2m | tests/unit/mod-manager-edge-cases.test.ts[2m > [22m[2mModManager Edge Cases[2m > [22m[2mfixPriorities[2m > [22m[2mshould tie-break by name if priorities are equal
[22m[39mDeploying mod (Non-destructive): B_Mod

[90mstderr[2m | tests/unit/mod-manager-edge-cases.test.ts[2m > [22m[2mModManager Edge Cases[2m > [22m[2mfixPriorities[2m > [22m[2mshould tie-break by name if priorities are equal
[22m[39mError in deployModFiles internal loop TypeError: Cannot read properties of undefined (reading 'includes')
    at ModManager.isPosixLikePath [90m(/app/[39melectron/mod-manager.ts:222:22[90m)[39m
    at ModManager.joinPath [90m(/app/[39melectron/mod-manager.ts:226:21[90m)[39m
    at ModManager.deployModFiles [90m(/app/[39melectron/mod-manager.ts:485:35[90m)[39m
[90m    at processTicksAndRejections (node:internal/process/task_queues:103:5)[39m
    at ModManager.deployMod [90m(/app/[39melectron/mod-manager.ts:572:53[90m)[39m
    at ModManager.fixPriorities [90m(/app/[39melectron/mod-manager.ts:334:26[90m)[39m
    at [90m/app/[39mtests/unit/mod-manager-edge-cases.test.ts:57:13
    at [90mfile:///app/[39mnode_modules/[4m.pnpm[24m/@vitest+runner@4.0.18/node_modules/[4m@vitest/runner[24m/dist/index.js:915:20

[90mstdout[2m | tests/unit/mod-manager-edge-cases.test.ts[2m > [22m[2mModManager Edge Cases[2m > [22m[2mdeployModFiles Edge Cases[2m > [22m[2mshould deploy LogicMods and Movies correctly
[22m[39mDeploying mod (Non-destructive): Complex

[90mstdout[2m | tests/unit/mod-manager-edge-cases.test.ts[2m > [22m[2mModManager Edge Cases[2m > [22m[2mdeployModFiles Edge Cases[2m > [22m[2mshould deploy UE4SS mods with deep structure
[22m[39mDeploying mod (Non-destructive): UEM

[90mstdout[2m | tests/unit/mod-manager-edge-cases.test.ts[2m > [22m[2mModManager Edge Cases[2m > [22m[2mupdateUE4SSModsTxt[2m > [22m[2mshould update existing entry in mods.txt
[22m[39mDeploying mod (Non-destructive): Existing

[90mstdout[2m | tests/unit/mod-manager-edge-cases.test.ts[2m > [22m[2mModManager Edge Cases[2m > [22m[2mupdateUE4SSModsTxt[2m > [22m[2mshould append new entry if not found
[22m[39mDeploying mod (Non-destructive): New

 [32m✓[39m tests/unit/mod-manager-edge-cases.test.ts [2m([22m[2m8 tests[22m[2m)[22m[32m 53[2mms[22m[39m
 [32m✓[39m tests/unit/components/App.test.tsx [2m([22m[2m6 tests[22m[2m)[22m[32m 117[2mms[22m[39m
[90mstderr[2m | tests/unit/mod-manager-final-coverage.test.ts[2m > [22m[2mModManager Final Coverage[2m > [22m[2mshould handle fs.mkdir failure in ensureModsDir
[22m[39mFailed to create Mods directory: Error: Permission denied
    at [90m/app/[39mtests/unit/mod-manager-final-coverage.test.ts:54:49
    at [90mfile:///app/[39mnode_modules/[4m.pnpm[24m/@vitest+runner@4.0.18/node_modules/[4m@vitest/runner[24m/dist/index.js:145:11
    at [90mfile:///app/[39mnode_modules/[4m.pnpm[24m/@vitest+runner@4.0.18/node_modules/[4m@vitest/runner[24m/dist/index.js:915:26
    at [90mfile:///app/[39mnode_modules/[4m.pnpm[24m/@vitest+runner@4.0.18/node_modules/[4m@vitest/runner[24m/dist/index.js:1243:20
    at new Promise (<anonymous>)
    at runWithTimeout [90m(file:///app/[39mnode_modules/[4m.pnpm[24m/@vitest+runner@4.0.18/node_modules/[4m@vitest/runner[24m/dist/index.js:1209:10[90m)[39m
    at [90mfile:///app/[39mnode_modules/[4m.pnpm[24m/@vitest+runner@4.0.18/node_modules/[4m@vitest/runner[24m/dist/index.js:1653:37
    at Traces.$ [90m(file:///app/[39mnode_modules/[4m.pnpm[24m/vitest@4.0.18_@types+node@24.10.9_happy-dom@20.3.3/node_modules/[4mvitest[24m/dist/chunks/traces.CCmnQaNT.js:142:27[90m)[39m
    at trace [90m(file:///app/[39mnode_modules/[4m.pnpm[24m/vitest@4.0.18_@types+node@24.10.9_happy-dom@20.3.3/node_modules/[4mvitest[24m/dist/chunks/test.B8ej_ZHS.js:239:21[90m)[39m
    at runTest [90m(file:///app/[39mnode_modules/[4m.pnpm[24m/@vitest+runner@4.0.18/node_modules/[4m@vitest/runner[24m/dist/index.js:1653:12[90m)[39m

[90mstdout[2m | tests/unit/mod-manager-final-coverage.test.ts[2m > [22m[2mModManager Final Coverage[2m > [22m[2mshould handle deployMod failure when fs.mkdir fails
[22m[39mDeploying mod (Non-destructive): TestMod

[90mstderr[2m | tests/unit/mod-manager-final-coverage.test.ts[2m > [22m[2mModManager Final Coverage[2m > [22m[2mshould handle deployMod failure when fs.mkdir fails
[22m[39mDeployment failed Error: Mkdir failed
    at [90m/app/[39mtests/unit/mod-manager-final-coverage.test.ts:75:36
    at [90mfile:///app/[39mnode_modules/[4m.pnpm[24m/@vitest+runner@4.0.18/node_modules/[4m@vitest/runner[24m/dist/index.js:145:11
    at [90mfile:///app/[39mnode_modules/[4m.pnpm[24m/@vitest+runner@4.0.18/node_modules/[4m@vitest/runner[24m/dist/index.js:915:26
    at [90mfile:///app/[39mnode_modules/[4m.pnpm[24m/@vitest+runner@4.0.18/node_modules/[4m@vitest/runner[24m/dist/index.js:1243:20
    at new Promise (<anonymous>)
    at runWithTimeout [90m(file:///app/[39mnode_modules/[4m.pnpm[24m/@vitest+runner@4.0.18/node_modules/[4m@vitest/runner[24m/dist/index.js:1209:10[90m)[39m
    at [90mfile:///app/[39mnode_modules/[4m.pnpm[24m/@vitest+runner@4.0.18/node_modules/[4m@vitest/runner[24m/dist/index.js:1653:37
    at Traces.$ [90m(file:///app/[39mnode_modules/[4m.pnpm[24m/vitest@4.0.18_@types+node@24.10.9_happy-dom@20.3.3/node_modules/[4mvitest[24m/dist/chunks/traces.CCmnQaNT.js:142:27[90m)[39m
    at trace [90m(file:///app/[39mnode_modules/[4m.pnpm[24m/vitest@4.0.18_@types+node@24.10.9_happy-dom@20.3.3/node_modules/[4mvitest[24m/dist/chunks/test.B8ej_ZHS.js:239:21[90m)[39m
    at runTest [90m(file:///app/[39mnode_modules/[4m.pnpm[24m/@vitest+runner@4.0.18/node_modules/[4m@vitest/runner[24m/dist/index.js:1653:12[90m)[39m

[90mstdout[2m | tests/unit/mod-manager-final-coverage.test.ts[2m > [22m[2mModManager Final Coverage[2m > [22m[2mshould fall back to fs.copyFile if fs.link fails with EXDEV
[22m[39mDeploying mod (Non-destructive): TestMod

[90mstdout[2m | tests/unit/mod-manager-final-coverage.test.ts[2m > [22m[2mModManager Final Coverage[2m > [22m[2mshould fall back to fs.copyFile if fs.link fails with EXDEV
[22m[39m[Deploy] Linking failed, falling back to copy for: file.pak

[90mstdout[2m | tests/unit/mod-manager-final-coverage.test.ts[2m > [22m[2mModManager Final Coverage[2m > [22m[2mshould return false if fs.copyFile also fails after EXDEV
[22m[39mDeploying mod (Non-destructive): TestMod

[90mstdout[2m | tests/unit/mod-manager-final-coverage.test.ts[2m > [22m[2mModManager Final Coverage[2m > [22m[2mshould return false if fs.copyFile also fails after EXDEV
[22m[39m[Deploy] Linking failed, falling back to copy for: file.pak

[90mstderr[2m | tests/unit/mod-manager-final-coverage.test.ts[2m > [22m[2mModManager Final Coverage[2m > [22m[2mshould return false if fs.copyFile also fails after EXDEV
[22m[39mFailed to copy file /mods/TestMod/file.pak to /game/SparkingZERO/Content/Paks/~mods/001_file.pak Error: Copy failed
    at [90m/app/[39mtests/unit/mod-manager-final-coverage.test.ts:127:52
    at [90mfile:///app/[39mnode_modules/[4m.pnpm[24m/@vitest+runner@4.0.18/node_modules/[4m@vitest/runner[24m/dist/index.js:145:11
    at [90mfile:///app/[39mnode_modules/[4m.pnpm[24m/@vitest+runner@4.0.18/node_modules/[4m@vitest/runner[24m/dist/index.js:915:26
    at [90mfile:///app/[39mnode_modules/[4m.pnpm[24m/@vitest+runner@4.0.18/node_modules/[4m@vitest/runner[24m/dist/index.js:1243:20
    at new Promise (<anonymous>)
    at runWithTimeout [90m(file:///app/[39mnode_modules/[4m.pnpm[24m/@vitest+runner@4.0.18/node_modules/[4m@vitest/runner[24m/dist/index.js:1209:10[90m)[39m
    at [90mfile:///app/[39mnode_modules/[4m.pnpm[24m/@vitest+runner@4.0.18/node_modules/[4m@vitest/runner[24m/dist/index.js:1653:37
    at Traces.$ [90m(file:///app/[39mnode_modules/[4m.pnpm[24m/vitest@4.0.18_@types+node@24.10.9_happy-dom@20.3.3/node_modules/[4mvitest[24m/dist/chunks/traces.CCmnQaNT.js:142:27[90m)[39m
    at trace [90m(file:///app/[39mnode_modules/[4m.pnpm[24m/vitest@4.0.18_@types+node@24.10.9_happy-dom@20.3.3/node_modules/[4mvitest[24m/dist/chunks/test.B8ej_ZHS.js:239:21[90m)[39m
    at runTest [90m(file:///app/[39mnode_modules/[4m.pnpm[24m/@vitest+runner@4.0.18/node_modules/[4m@vitest/runner[24m/dist/index.js:1653:12[90m)[39m

[90mstdout[2m | tests/unit/mod-manager-final-coverage.test.ts[2m > [22m[2mModManager Final Coverage[2m > [22m[2mshould handle fs.link generic failure (non-EXDEV)
[22m[39mDeploying mod (Non-destructive): TestMod

[90mstderr[2m | tests/unit/mod-manager-final-coverage.test.ts[2m > [22m[2mModManager Final Coverage[2m > [22m[2mshould handle fs.link generic failure (non-EXDEV)
[22m[39mFailed to deploy file /mods/TestMod/file.pak to /game/SparkingZERO/Content/Paks/~mods/001_file.pak Error: Generic Link Error
    at [90m/app/[39mtests/unit/mod-manager-final-coverage.test.ts:153:48
    at [90mfile:///app/[39mnode_modules/[4m.pnpm[24m/@vitest+runner@4.0.18/node_modules/[4m@vitest/runner[24m/dist/index.js:145:11
    at [90mfile:///app/[39mnode_modules/[4m.pnpm[24m/@vitest+runner@4.0.18/node_modules/[4m@vitest/runner[24m/dist/index.js:915:26
    at [90mfile:///app/[39mnode_modules/[4m.pnpm[24m/@vitest+runner@4.0.18/node_modules/[4m@vitest/runner[24m/dist/index.js:1243:20
    at new Promise (<anonymous>)
    at runWithTimeout [90m(file:///app/[39mnode_modules/[4m.pnpm[24m/@vitest+runner@4.0.18/node_modules/[4m@vitest/runner[24m/dist/index.js:1209:10[90m)[39m
    at [90mfile:///app/[39mnode_modules/[4m.pnpm[24m/@vitest+runner@4.0.18/node_modules/[4m@vitest/runner[24m/dist/index.js:1653:37
    at Traces.$ [90m(file:///app/[39mnode_modules/[4m.pnpm[24m/vitest@4.0.18_@types+node@24.10.9_happy-dom@20.3.3/node_modules/[4mvitest[24m/dist/chunks/traces.CCmnQaNT.js:142:27[90m)[39m
    at trace [90m(file:///app/[39mnode_modules/[4m.pnpm[24m/vitest@4.0.18_@types+node@24.10.9_happy-dom@20.3.3/node_modules/[4mvitest[24m/dist/chunks/test.B8ej_ZHS.js:239:21[90m)[39m
    at runTest [90m(file:///app/[39mnode_modules/[4m.pnpm[24m/@vitest+runner@4.0.18/node_modules/[4m@vitest/runner[24m/dist/index.js:1653:12[90m)[39m

[90mstdout[2m | tests/unit/mod-manager-final-coverage.test.ts[2m > [22m[2mModManager Final Coverage[2m > [22m[2mshould deploy UE4SS mods correctly
[22m[39mDeploying mod (Non-destructive): UE4SSMod

[90mstdout[2m | tests/unit/mod-manager-final-coverage.test.ts[2m > [22m[2mModManager Final Coverage[2m > [22m[2mshould handle updateUE4SSModsTxt file read failure (graceful)
[22m[39mDeploying mod (Non-destructive): M

[90mstdout[2m | tests/unit/mod-manager-final-coverage.test.ts[2m > [22m[2mModManager Final Coverage[2m > [22m[2mshould uninstallMod handle fs.rm failure
[22m[39mUndeploying mod: undefined

[90mstderr[2m | tests/unit/mod-manager-final-coverage.test.ts[2m > [22m[2mModManager Final Coverage[2m > [22m[2mshould uninstallMod handle fs.rm failure
[22m[39mError: Delete failed
    at [90m/app/[39mtests/unit/mod-manager-final-coverage.test.ts:239:46
    at [90mfile:///app/[39mnode_modules/[4m.pnpm[24m/@vitest+runner@4.0.18/node_modules/[4m@vitest/runner[24m/dist/index.js:145:11
    at [90mfile:///app/[39mnode_modules/[4m.pnpm[24m/@vitest+runner@4.0.18/node_modules/[4m@vitest/runner[24m/dist/index.js:915:26
    at [90mfile:///app/[39mnode_modules/[4m.pnpm[24m/@vitest+runner@4.0.18/node_modules/[4m@vitest/runner[24m/dist/index.js:1243:20
    at new Promise (<anonymous>)
    at runWithTimeout [90m(file:///app/[39mnode_modules/[4m.pnpm[24m/@vitest+runner@4.0.18/node_modules/[4m@vitest/runner[24m/dist/index.js:1209:10[90m)[39m
    at [90mfile:///app/[39mnode_modules/[4m.pnpm[24m/@vitest+runner@4.0.18/node_modules/[4m@vitest/runner[24m/dist/index.js:1653:37
    at Traces.$ [90m(file:///app/[39mnode_modules/[4m.pnpm[24m/vitest@4.0.18_@types+node@24.10.9_happy-dom@20.3.3/node_modules/[4mvitest[24m/dist/chunks/traces.CCmnQaNT.js:142:27[90m)[39m
    at trace [90m(file:///app/[39mnode_modules/[4m.pnpm[24m/vitest@4.0.18_@types+node@24.10.9_happy-dom@20.3.3/node_modules/[4mvitest[24m/dist/chunks/test.B8ej_ZHS.js:239:21[90m)[39m
    at runTest [90m(file:///app/[39mnode_modules/[4m.pnpm[24m/@vitest+runner@4.0.18/node_modules/[4m@vitest/runner[24m/dist/index.js:1653:12[90m)[39m

[90mstderr[2m | tests/unit/mod-manager-final-coverage.test.ts[2m > [22m[2mModManager Final Coverage[2m > [22m[2mshould installMod handle zip extraction failure
[22m[39mError: File not found
    at [90m/app/[39mtests/unit/mod-manager-final-coverage.test.ts:42:48
    at [90mfile:///app/[39mnode_modules/[4m.pnpm[24m/@vitest+runner@4.0.18/node_modules/[4m@vitest/runner[24m/dist/index.js:145:11
    at [90mfile:///app/[39mnode_modules/[4m.pnpm[24m/@vitest+runner@4.0.18/node_modules/[4m@vitest/runner[24m/dist/index.js:1243:20
    at new Promise (<anonymous>)
    at runWithTimeout [90m(file:///app/[39mnode_modules/[4m.pnpm[24m/@vitest+runner@4.0.18/node_modules/[4m@vitest/runner[24m/dist/index.js:1209:10[90m)[39m
    at runHook [90m(file:///app/[39mnode_modules/[4m.pnpm[24m/@vitest+runner@4.0.18/node_modules/[4m@vitest/runner[24m/dist/index.js:1514:51[90m)[39m
    at callSuiteHook [90m(file:///app/[39mnode_modules/[4m.pnpm[24m/@vitest+runner@4.0.18/node_modules/[4m@vitest/runner[24m/dist/index.js:1520:25[90m)[39m
[90m    at processTicksAndRejections (node:internal/process/task_queues:103:5)[39m
    at runTest [90m(file:///app/[39mnode_modules/[4m.pnpm[24m/@vitest+runner@4.0.18/node_modules/[4m@vitest/runner[24m/dist/index.js:1645:26[90m)[39m
    at runSuite [90m(file:///app/[39mnode_modules/[4m.pnpm[24m/@vitest+runner@4.0.18/node_modules/[4m@vitest/runner[24m/dist/index.js:1817:8[90m)[39m

[90mstderr[2m | tests/unit/mod-manager-final-coverage.test.ts[2m > [22m[2mModManager Final Coverage[2m > [22m[2mshould installMod handle direct file copy failure
[22m[39mError: Copy failed
    at [90m/app/[39mtests/unit/mod-manager-final-coverage.test.ts:257:53
    at [90mfile:///app/[39mnode_modules/[4m.pnpm[24m/@vitest+runner@4.0.18/node_modules/[4m@vitest/runner[24m/dist/index.js:145:11
    at [90mfile:///app/[39mnode_modules/[4m.pnpm[24m/@vitest+runner@4.0.18/node_modules/[4m@vitest/runner[24m/dist/index.js:915:26
    at [90mfile:///app/[39mnode_modules/[4m.pnpm[24m/@vitest+runner@4.0.18/node_modules/[4m@vitest/runner[24m/dist/index.js:1243:20
    at new Promise (<anonymous>)
    at runWithTimeout [90m(file:///app/[39mnode_modules/[4m.pnpm[24m/@vitest+runner@4.0.18/node_modules/[4m@vitest/runner[24m/dist/index.js:1209:10[90m)[39m
    at [90mfile:///app/[39mnode_modules/[4m.pnpm[24m/@vitest+runner@4.0.18/node_modules/[4m@vitest/runner[24m/dist/index.js:1653:37
    at Traces.$ [90m(file:///app/[39mnode_modules/[4m.pnpm[24m/vitest@4.0.18_@types+node@24.10.9_happy-dom@20.3.3/node_modules/[4mvitest[24m/dist/chunks/traces.CCmnQaNT.js:142:27[90m)[39m
    at trace [90m(file:///app/[39mnode_modules/[4m.pnpm[24m/vitest@4.0.18_@types+node@24.10.9_happy-dom@20.3.3/node_modules/[4mvitest[24m/dist/chunks/test.B8ej_ZHS.js:239:21[90m)[39m
    at runTest [90m(file:///app/[39mnode_modules/[4m.pnpm[24m/@vitest+runner@4.0.18/node_modules/[4m@vitest/runner[24m/dist/index.js:1653:12[90m)[39m

[90mstderr[2m | tests/unit/mod-manager-final-coverage.test.ts[2m > [22m[2mModManager Final Coverage[2m > [22m[2mshould handle openModsDirectory failure
[22m[39mFailed to open mods directory Error: Open failed
    at [90m/app/[39mtests/unit/mod-manager-final-coverage.test.ts:273:55
    at [90mfile:///app/[39mnode_modules/[4m.pnpm[24m/@vitest+runner@4.0.18/node_modules/[4m@vitest/runner[24m/dist/index.js:145:11
    at [90mfile:///app/[39mnode_modules/[4m.pnpm[24m/@vitest+runner@4.0.18/node_modules/[4m@vitest/runner[24m/dist/index.js:915:26
    at [90mfile:///app/[39mnode_modules/[4m.pnpm[24m/@vitest+runner@4.0.18/node_modules/[4m@vitest/runner[24m/dist/index.js:1243:20
    at new Promise (<anonymous>)
    at runWithTimeout [90m(file:///app/[39mnode_modules/[4m.pnpm[24m/@vitest+runner@4.0.18/node_modules/[4m@vitest/runner[24m/dist/index.js:1209:10[90m)[39m
    at [90mfile:///app/[39mnode_modules/[4m.pnpm[24m/@vitest+runner@4.0.18/node_modules/[4m@vitest/runner[24m/dist/index.js:1653:37
    at Traces.$ [90m(file:///app/[39mnode_modules/[4m.pnpm[24m/vitest@4.0.18_@types+node@24.10.9_happy-dom@20.3.3/node_modules/[4mvitest[24m/dist/chunks/traces.CCmnQaNT.js:142:27[90m)[39m
    at trace [90m(file:///app/[39mnode_modules/[4m.pnpm[24m/vitest@4.0.18_@types+node@24.10.9_happy-dom@20.3.3/node_modules/[4mvitest[24m/dist/chunks/test.B8ej_ZHS.js:239:21[90m)[39m
    at runTest [90m(file:///app/[39mnode_modules/[4m.pnpm[24m/@vitest+runner@4.0.18/node_modules/[4m@vitest/runner[24m/dist/index.js:1653:12[90m)[39m

[90mstdout[2m | tests/unit/mod-manager-final-coverage.test.ts[2m > [22m[2mModManager Final Coverage[2m > [22m[2mshould syncActiveProfile when toggling mod with active profile
[22m[39mDeploying mod (Non-destructive): undefined

[90mstderr[2m | tests/unit/mod-manager-final-coverage.test.ts[2m > [22m[2mModManager Final Coverage[2m > [22m[2mshould syncActiveProfile when toggling mod with active profile
[22m[39mError in deployModFiles internal loop TypeError: files is not iterable
    at ModManager.getAllFiles [90m(/app/[39melectron/mod-manager.ts:467:28[90m)[39m
[90m    at processTicksAndRejections (node:internal/process/task_queues:103:5)[39m
    at ModManager.deployModFiles [90m(/app/[39melectron/mod-manager.ts:484:27[90m)[39m
    at ModManager.deployMod [90m(/app/[39melectron/mod-manager.ts:572:53[90m)[39m
    at ModManager.toggleMod [90m(/app/[39melectron/mod-manager.ts:745:21[90m)[39m
    at [90m/app/[39mtests/unit/mod-manager-final-coverage.test.ts:305:9
    at [90mfile:///app/[39mnode_modules/[4m.pnpm[24m/@vitest+runner@4.0.18/node_modules/[4m@vitest/runner[24m/dist/index.js:915:20

[90mstderr[2m | tests/unit/mod-manager-final-coverage.test.ts[2m > [22m[2mModManager Final Coverage[2m > [22m[2mshould handle saveSettings failure
[22m[39mFailed to save settings: Error: Write failed
    at [90m/app/[39mtests/unit/mod-manager-final-coverage.test.ts:318:53
    at [90mfile:///app/[39mnode_modules/[4m.pnpm[24m/@vitest+runner@4.0.18/node_modules/[4m@vitest/runner[24m/dist/index.js:145:11
    at [90mfile:///app/[39mnode_modules/[4m.pnpm[24m/@vitest+runner@4.0.18/node_modules/[4m@vitest/runner[24m/dist/index.js:915:26
    at [90mfile:///app/[39mnode_modules/[4m.pnpm[24m/@vitest+runner@4.0.18/node_modules/[4m@vitest/runner[24m/dist/index.js:1243:20
    at new Promise (<anonymous>)
    at runWithTimeout [90m(file:///app/[39mnode_modules/[4m.pnpm[24m/@vitest+runner@4.0.18/node_modules/[4m@vitest/runner[24m/dist/index.js:1209:10[90m)[39m
    at [90mfile:///app/[39mnode_modules/[4m.pnpm[24m/@vitest+runner@4.0.18/node_modules/[4m@vitest/runner[24m/dist/index.js:1653:37
    at Traces.$ [90m(file:///app/[39mnode_modules/[4m.pnpm[24m/vitest@4.0.18_@types+node@24.10.9_happy-dom@20.3.3/node_modules/[4mvitest[24m/dist/chunks/traces.CCmnQaNT.js:142:27[90m)[39m
    at trace [90m(file:///app/[39mnode_modules/[4m.pnpm[24m/vitest@4.0.18_@types+node@24.10.9_happy-dom@20.3.3/node_modules/[4mvitest[24m/dist/chunks/test.B8ej_ZHS.js:239:21[90m)[39m
    at runTest [90m(file:///app/[39mnode_modules/[4m.pnpm[24m/@vitest+runner@4.0.18/node_modules/[4m@vitest/runner[24m/dist/index.js:1653:12[90m)[39m

 [32m✓[39m tests/unit/mod-manager-final-coverage.test.ts [2m([22m[2m16 tests[22m[2m)[22m[32m 59[2mms[22m[39m
 [32m✓[39m tests/unit/components/Card.test.tsx [2m([22m[2m6 tests[22m[2m)[22m[32m 64[2mms[22m[39m
[90mstdout[2m | tests/unit/mod-manager-extended.test.ts[2m > [22m[2mModManager Extended Coverage[2m > [22m[2mDeployment Fallback[2m > [22m[2mshould fallback to copyFile if link fails with EXDEV
[22m[39mDeploying mod (Non-destructive): Test Mod

[90mstdout[2m | tests/unit/mod-manager-extended.test.ts[2m > [22m[2mModManager Extended Coverage[2m > [22m[2mDeployment Fallback[2m > [22m[2mshould fallback to copyFile if link fails with EXDEV
[22m[39m[Deploy] Linking failed, falling back to copy for: test.pak

[90mstdout[2m | tests/unit/mod-manager-extended.test.ts[2m > [22m[2mModManager Extended Coverage[2m > [22m[2mDeployment Fallback[2m > [22m[2mshould return false if both link and copy fail
[22m[39mDeploying mod (Non-destructive): Test Mod

[90mstdout[2m | tests/unit/mod-manager-extended.test.ts[2m > [22m[2mModManager Extended Coverage[2m > [22m[2mDeployment Fallback[2m > [22m[2mshould return false if both link and copy fail
[22m[39m[Deploy] Linking failed, falling back to copy for: test.pak

[90mstderr[2m | tests/unit/mod-manager-extended.test.ts[2m > [22m[2mModManager Extended Coverage[2m > [22m[2mDeployment Fallback[2m > [22m[2mshould return false if both link and copy fail
[22m[39mFailed to copy file /mock/mods/TestMod/test.pak to /mock/game/SparkingZERO/Content/Paks/~mods/001_test.pak Error: Copy failed
    at [90m/app/[39mtests/unit/mod-manager-extended.test.ts:125:52
    at [90mfile:///app/[39mnode_modules/[4m.pnpm[24m/@vitest+runner@4.0.18/node_modules/[4m@vitest/runner[24m/dist/index.js:145:11
    at [90mfile:///app/[39mnode_modules/[4m.pnpm[24m/@vitest+runner@4.0.18/node_modules/[4m@vitest/runner[24m/dist/index.js:915:26
    at [90mfile:///app/[39mnode_modules/[4m.pnpm[24m/@vitest+runner@4.0.18/node_modules/[4m@vitest/runner[24m/dist/index.js:1243:20
    at new Promise (<anonymous>)
    at runWithTimeout [90m(file:///app/[39mnode_modules/[4m.pnpm[24m/@vitest+runner@4.0.18/node_modules/[4m@vitest/runner[24m/dist/index.js:1209:10[90m)[39m
    at [90mfile:///app/[39mnode_modules/[4m.pnpm[24m/@vitest+runner@4.0.18/node_modules/[4m@vitest/runner[24m/dist/index.js:1653:37
    at Traces.$ [90m(file:///app/[39mnode_modules/[4m.pnpm[24m/vitest@4.0.18_@types+node@24.10.9_happy-dom@20.3.3/node_modules/[4mvitest[24m/dist/chunks/traces.CCmnQaNT.js:142:27[90m)[39m
    at trace [90m(file:///app/[39mnode_modules/[4m.pnpm[24m/vitest@4.0.18_@types+node@24.10.9_happy-dom@20.3.3/node_modules/[4mvitest[24m/dist/chunks/test.B8ej_ZHS.js:239:21[90m)[39m
    at runTest [90m(file:///app/[39mnode_modules/[4m.pnpm[24m/@vitest+runner@4.0.18/node_modules/[4m@vitest/runner[24m/dist/index.js:1653:12[90m)[39m

[90mstdout[2m | tests/unit/mod-manager-extended.test.ts[2m > [22m[2mModManager Extended Coverage[2m > [22m[2mUE4SS Installation[2m > [22m[2mshould install UE4SS using fallback download if DownloadManager is missing
[22m[39mInstalling UE4SS...

[90mstdout[2m | tests/unit/mod-manager-extended.test.ts[2m > [22m[2mModManager Extended Coverage[2m > [22m[2mUE4SS Installation[2m > [22m[2mshould fail if fetchLatestRelease returns null
[22m[39mInstalling UE4SS...

[90mstdout[2m | tests/unit/mod-manager-extended.test.ts[2m > [22m[2mModManager Extended Coverage[2m > [22m[2mUE4SS Installation[2m > [22m[2mshould fail if download fails
[22m[39mInstalling UE4SS...

[90mstderr[2m | tests/unit/mod-manager-extended.test.ts[2m > [22m[2mModManager Extended Coverage[2m > [22m[2mUE4SS Installation[2m > [22m[2mshould fail if download fails
[22m[39mUE4SS Install failed Error: Network error
    at Object.<anonymous> [90m(/app/[39mtests/unit/mod-manager-extended.test.ts:191:47[90m)[39m
    at Object.Mock [as on] [90m(file:///app/[39mnode_modules/[4m.pnpm[24m/@vitest+spy@4.0.18/node_modules/[4m@vitest/spy[24m/dist/index.js:285:34[90m)[39m
    at [90m/app/[39melectron/mod-manager.ts:832:21
    at new Promise (<anonymous>)
    at ModManager.downloadFile [90m(/app/[39melectron/mod-manager.ts:805:16[90m)[39m
    at ModManager.installUE4SS [90m(/app/[39melectron/mod-manager.ts:1226:28[90m)[39m
[90m    at processTicksAndRejections (node:internal/process/task_queues:103:5)[39m
    at [90m/app/[39mtests/unit/mod-manager-extended.test.ts:197:28
    at [90mfile:///app/[39mnode_modules/[4m.pnpm[24m/@vitest+runner@4.0.18/node_modules/[4m@vitest/runner[24m/dist/index.js:915:20

[90mstdout[2m | tests/unit/mod-manager-extended.test.ts[2m > [22m[2mModManager Extended Coverage[2m > [22m[2mFix Priorities[2m > [22m[2mshould reassign priorities and redeploy if needed
[22m[39m[ModManager] Fixed/Normalized mod priorities.
[ModManager] Redeploying 2 mods due to priority fix...

[90mstdout[2m | tests/unit/mod-manager-extended.test.ts[2m > [22m[2mModManager Extended Coverage[2m > [22m[2mAdditional Coverage[2m > [22m[2muninstallMod should handle errors gracefully
[22m[39mUndeploying mod: undefined

[90mstderr[2m | tests/unit/mod-manager-extended.test.ts[2m > [22m[2mModManager Extended Coverage[2m > [22m[2mAdditional Coverage[2m > [22m[2muninstallMod should handle errors gracefully
[22m[39mError: Rm Fail
    at [90m/app/[39mtests/unit/mod-manager-extended.test.ts:279:47
    at [90mfile:///app/[39mnode_modules/[4m.pnpm[24m/@vitest+runner@4.0.18/node_modules/[4m@vitest/runner[24m/dist/index.js:145:11
    at [90mfile:///app/[39mnode_modules/[4m.pnpm[24m/@vitest+runner@4.0.18/node_modules/[4m@vitest/runner[24m/dist/index.js:915:26
    at [90mfile:///app/[39mnode_modules/[4m.pnpm[24m/@vitest+runner@4.0.18/node_modules/[4m@vitest/runner[24m/dist/index.js:1243:20
    at new Promise (<anonymous>)
    at runWithTimeout [90m(file:///app/[39mnode_modules/[4m.pnpm[24m/@vitest+runner@4.0.18/node_modules/[4m@vitest/runner[24m/dist/index.js:1209:10[90m)[39m
    at [90mfile:///app/[39mnode_modules/[4m.pnpm[24m/@vitest+runner@4.0.18/node_modules/[4m@vitest/runner[24m/dist/index.js:1653:37
    at Traces.$ [90m(file:///app/[39mnode_modules/[4m.pnpm[24m/vitest@4.0.18_@types+node@24.10.9_happy-dom@20.3.3/node_modules/[4mvitest[24m/dist/chunks/traces.CCmnQaNT.js:142:27[90m)[39m
    at trace [90m(file:///app/[39mnode_modules/[4m.pnpm[24m/vitest@4.0.18_@types+node@24.10.9_happy-dom@20.3.3/node_modules/[4mvitest[24m/dist/chunks/test.B8ej_ZHS.js:239:21[90m)[39m
    at runTest [90m(file:///app/[39mnode_modules/[4m.pnpm[24m/@vitest+runner@4.0.18/node_modules/[4m@vitest/runner[24m/dist/index.js:1653:12[90m)[39m

[90mstderr[2m | tests/unit/mod-manager-extended.test.ts[2m > [22m[2mModManager Extended Coverage[2m > [22m[2mAdditional Coverage[2m > [22m[2mgetModsFilePath should handle ensureModsDir failure
[22m[39mFailed to create Mods directory: Error: Fail
    at [90m/app/[39mtests/unit/mod-manager-extended.test.ts:287:50
    at [90mfile:///app/[39mnode_modules/[4m.pnpm[24m/@vitest+runner@4.0.18/node_modules/[4m@vitest/runner[24m/dist/index.js:145:11
    at [90mfile:///app/[39mnode_modules/[4m.pnpm[24m/@vitest+runner@4.0.18/node_modules/[4m@vitest/runner[24m/dist/index.js:915:26
    at [90mfile:///app/[39mnode_modules/[4m.pnpm[24m/@vitest+runner@4.0.18/node_modules/[4m@vitest/runner[24m/dist/index.js:1243:20
    at new Promise (<anonymous>)
    at runWithTimeout [90m(file:///app/[39mnode_modules/[4m.pnpm[24m/@vitest+runner@4.0.18/node_modules/[4m@vitest/runner[24m/dist/index.js:1209:10[90m)[39m
    at [90mfile:///app/[39mnode_modules/[4m.pnpm[24m/@vitest+runner@4.0.18/node_modules/[4m@vitest/runner[24m/dist/index.js:1653:37
    at Traces.$ [90m(file:///app/[39mnode_modules/[4m.pnpm[24m/vitest@4.0.18_@types+node@24.10.9_happy-dom@20.3.3/node_modules/[4mvitest[24m/dist/chunks/traces.CCmnQaNT.js:142:27[90m)[39m
    at trace [90m(file:///app/[39mnode_modules/[4m.pnpm[24m/vitest@4.0.18_@types+node@24.10.9_happy-dom@20.3.3/node_modules/[4mvitest[24m/dist/chunks/test.B8ej_ZHS.js:239:21[90m)[39m
    at runTest [90m(file:///app/[39mnode_modules/[4m.pnpm[24m/@vitest+runner@4.0.18/node_modules/[4m@vitest/runner[24m/dist/index.js:1653:12[90m)[39m

 [32m✓[39m tests/unit/mod-manager-extended.test.ts [2m([22m[2m12 tests[22m[2m)[22m[32m 58[2mms[22m[39m
 [32m✓[39m tests/unit/coverage-sweeper-final-layout.test.tsx [2m([22m[2m1 test[22m[2m)[22m[32m 70[2mms[22m[39m
 [32m✓[39m tests/unit/coverage-sweeper-final-category-2.test.tsx [2m([22m[2m1 test[22m[2m)[22m[32m 60[2mms[22m[39m
[90mstdout[2m | tests/unit/gamebanana-complete.test.ts[2m > [22m[2mGameBanana Complete Coverage[2m > [22m[2msearchBySection URL Construction[2m > [22m[2mshould use Search Results endpoint when search term is present
[22m[39m[API] Fetching: https://gamebanana.com/apiv11/Util/Search/Results?_sSearchString=Goku&_nPage=1&_nPerpage=20&_aFilters[Generic_Game]=21179&_sOrder=popularity

[90mstdout[2m | tests/unit/gamebanana-complete.test.ts[2m > [22m[2mGameBanana Complete Coverage[2m > [22m[2msearchBySection URL Construction[2m > [22m[2mshould use Subfeed endpoint when NO search term is present
[22m[39m[API] Fetching: https://gamebanana.com/apiv11/Game/21179/Subfeed?_nPage=1&_nPerpage=20&_aModelFilter[]=Mod&_sSort=new

[90mstdout[2m | tests/unit/gamebanana-complete.test.ts[2m > [22m[2mGameBanana Complete Coverage[2m > [22m[2msearchBySection URL Construction[2m > [22m[2mshould NOT apply sort parameter on Subfeed if sort is popularity (downloads/likes)
[22m[39m[API] Fetching: https://gamebanana.com/apiv11/Game/21179/Subfeed?_nPage=1&_nPerpage=20&_aModelFilter[]=Mod

[90mstdout[2m | tests/unit/gamebanana-complete.test.ts[2m > [22m[2mGameBanana Complete Coverage[2m > [22m[2msearchBySection URL Construction[2m > [22m[2mshould apply alphabet sort on Subfeed
[22m[39m[API] Fetching: https://gamebanana.com/apiv11/Game/21179/Subfeed?_nPage=1&_nPerpage=20&_aModelFilter[]=Mod&_sSort=alphabetical&_sOrder=asc

[90mstdout[2m | tests/unit/gamebanana-complete.test.ts[2m > [22m[2mGameBanana Complete Coverage[2m > [22m[2msearchBySection URL Construction[2m > [22m[2mshould handle date ranges
[22m[39m[API] Fetching: https://gamebanana.com/apiv11/Game/21179/Subfeed?_nPage=1&_nPerpage=20&_aModelFilter[]=Mod&_aFilters[Generic_DateAdded_Min]=1778159994

[90mstdout[2m | tests/unit/gamebanana-complete.test.ts[2m > [22m[2mGameBanana Complete Coverage[2m > [22m[2mRate Limiting[2m > [22m[2mshould wait if rate limit exceeded
[22m[39m[API] Rate limit reached, waiting 59973ms
[API] Rate limit reached, waiting 59973ms
[API] Rate limit reached, waiting 59973ms
[API] Rate limit reached, waiting 59973ms
[API] Rate limit reached, waiting 59973ms
[API] Rate limit reached, waiting 59973ms
[API] Rate limit reached, waiting 59973ms
[API] Rate limit reached, waiting 59973ms
[API] Rate limit reached, waiting 59973ms
[API] Rate limit reached, waiting 59973ms
[API] Fetching Categories URL: https://gamebanana.com/apiv11/Game/21179/ProfilePage
[API] Fetching Categories URL: https://gamebanana.com/apiv11/Game/21179/ProfilePage
[API] Fetching Categories URL: https://gamebanana.com/apiv11/Game/21179/ProfilePage
[API] Fetching Categories URL: https://gamebanana.com/apiv11/Game/21179/ProfilePage
[API] Fetching Categories URL: https://gamebanana.com/apiv11/Game/21179/ProfilePage
[API] Fetching Categories URL: https://gamebanana.com/apiv11/Game/21179/ProfilePage
[API] Fetching Categories URL: https://gamebanana.com/apiv11/Game/21179/ProfilePage
[API] Fetching Categories URL: https://gamebanana.com/apiv11/Game/21179/ProfilePage
[API] Fetching Categories URL: https://gamebanana.com/apiv11/Game/21179/ProfilePage
[API] Fetching Categories URL: https://gamebanana.com/apiv11/Game/21179/ProfilePage
[API] Fetching Categories URL: https://gamebanana.com/apiv11/Game/21179/ProfilePage
[API] Fetching Categories URL: https://gamebanana.com/apiv11/Game/21179/ProfilePage
[API] Fetching Categories URL: https://gamebanana.com/apiv11/Game/21179/ProfilePage
[API] Fetching Categories URL: https://gamebanana.com/apiv11/Game/21179/ProfilePage
[API] Fetching Categories URL: https://gamebanana.com/apiv11/Game/21179/ProfilePage
[API] Fetching Categories URL: https://gamebanana.com/apiv11/Game/21179/ProfilePage
[API] Fetching Categories URL: https://gamebanana.com/apiv11/Game/21179/ProfilePage
[API] Fetching Categories URL: https://gamebanana.com/apiv11/Game/21179/ProfilePage
[API] Fetching Categories URL: https://gamebanana.com/apiv11/Game/21179/ProfilePage
[API] Fetching Categories URL: https://gamebanana.com/apiv11/Game/21179/ProfilePage
[API] Fetching Categories URL: https://gamebanana.com/apiv11/Game/21179/ProfilePage
[API] Fetching Categories URL: https://gamebanana.com/apiv11/Game/21179/ProfilePage
[API] Fetching Categories URL: https://gamebanana.com/apiv11/Game/21179/ProfilePage
[API] Fetching Categories URL: https://gamebanana.com/apiv11/Game/21179/ProfilePage
[API] Fetching Categories URL: https://gamebanana.com/apiv11/Game/21179/ProfilePage
[API] Fetching Categories URL: https://gamebanana.com/apiv11/Game/21179/ProfilePage
[API] Fetching Categories URL: https://gamebanana.com/apiv11/Game/21179/ProfilePage
[API] Fetching Categories URL: https://gamebanana.com/apiv11/Game/21179/ProfilePage
[API] Fetching Categories URL: https://gamebanana.com/apiv11/Game/21179/ProfilePage
[API] Fetching Categories URL: https://gamebanana.com/apiv11/Game/21179/ProfilePage
[API] Fetching Categories URL: https://gamebanana.com/apiv11/Game/21179/ProfilePage
[API] Fetching Categories URL: https://gamebanana.com/apiv11/Game/21179/ProfilePage
[API] Fetching Categories URL: https://gamebanana.com/apiv11/Game/21179/ProfilePage
[API] Fetching Categories URL: https://gamebanana.com/apiv11/Game/21179/ProfilePage
[API] Fetching Categories URL: https://gamebanana.com/apiv11/Game/21179/ProfilePage
[API] Fetching Categories URL: https://gamebanana.com/apiv11/Game/21179/ProfilePage
[API] Fetching Categories URL: https://gamebanana.com/apiv11/Game/21179/ProfilePage
[API] Fetching Categories URL: https://gamebanana.com/apiv11/Game/21179/ProfilePage
[API] Fetching Categories URL: https://gamebanana.com/apiv11/Game/21179/ProfilePage
[API] Fetching Categories URL: https://gamebanana.com/apiv11/Game/21179/ProfilePage
[API] Fetching Categories URL: https://gamebanana.com/apiv11/Game/21179/ProfilePage
[API] Fetching Categories URL: https://gamebanana.com/apiv11/Game/21179/ProfilePage
[API] Fetching Categories URL: https://gamebanana.com/apiv11/Game/21179/ProfilePage
[API] Fetching Categories URL: https://gamebanana.com/apiv11/Game/21179/ProfilePage
[API] Fetching Categories URL: https://gamebanana.com/apiv11/Game/21179/ProfilePage
[API] Fetching Categories URL: https://gamebanana.com/apiv11/Game/21179/ProfilePage
[API] Fetching Categories URL: https://gamebanana.com/apiv11/Game/21179/ProfilePage
[API] Fetching Categories URL: https://gamebanana.com/apiv11/Game/21179/ProfilePage
[API] Fetching Categories URL: https://gamebanana.com/apiv11/Game/21179/ProfilePage
[API] Fetching Categories URL: https://gamebanana.com/apiv11/Game/21179/ProfilePage
[API] Fetching Categories URL: https://gamebanana.com/apiv11/Game/21179/ProfilePage
[API] Fetching Categories URL: https://gamebanana.com/apiv11/Game/21179/ProfilePage
[API] Fetching Categories URL: https://gamebanana.com/apiv11/Game/21179/ProfilePage
[API] Fetching Categories URL: https://gamebanana.com/apiv11/Game/21179/ProfilePage
[API] Fetching Categories URL: https://gamebanana.com/apiv11/Game/21179/ProfilePage

[90mstdout[2m | tests/unit/gamebanana-complete.test.ts[2m > [22m[2mGameBanana Complete Coverage[2m > [22m[2mRate Limiting[2m > [22m[2mshould wait if rate limit exceeded
[22m[39m[API] Fetch Categories Status: undefined
[API] Fetch Categories Status: undefined
[API] Fetch Categories Status: undefined
[API] Fetch Categories Status: undefined
[API] Fetch Categories Status: undefined
[API] Fetch Categories Status: undefined
[API] Fetch Categories Status: undefined
[API] Fetch Categories Status: undefined
[API] Fetch Categories Status: undefined
[API] Fetch Categories Status: undefined
[API] Fetched Categories: {}
[API] Fetched Categories: {}
[API] Fetched Categories: {}
[API] Fetched Categories: {}
[API] Fetched Categories: {}
[API] Fetched Categories: {}
[API] Fetched Categories: {}
[API] Fetched Categories: {}
[API] Fetched Categories: {}
[API] Fetched Categories: {}

[90mstdout[2m | tests/unit/gamebanana-complete.test.ts[2m > [22m[2mGameBanana Complete Coverage[2m > [22m[2mRate Limiting[2m > [22m[2mshould wait if rate limit exceeded
[22m[39m[API] Fetch Categories Status: undefined
[API] Fetch Categories Status: undefined
[API] Fetch Categories Status: undefined
[API] Fetch Categories Status: undefined
[API] Fetch Categories Status: undefined
[API] Fetch Categories Status: undefined
[API] Fetch Categories Status: undefined
[API] Fetch Categories Status: undefined
[API] Fetch Categories Status: undefined
[API] Fetch Categories Status: undefined
[API] Fetched Categories: {}
[API] Fetched Categories: {}
[API] Fetched Categories: {}
[API] Fetched Categories: {}
[API] Fetched Categories: {}
[API] Fetched Categories: {}
[API] Fetched Categories: {}
[API] Fetched Categories: {}
[API] Fetched Categories: {}
[API] Fetched Categories: {}

[90mstdout[2m | tests/unit/gamebanana-complete.test.ts[2m > [22m[2mGameBanana Complete Coverage[2m > [22m[2mRate Limiting[2m > [22m[2mshould wait if rate limit exceeded
[22m[39m[API] Fetch Categories Status: undefined
[API] Fetch Categories Status: undefined
[API] Fetch Categories Status: undefined
[API] Fetch Categories Status: undefined
[API] Fetch Categories Status: undefined
[API] Fetch Categories Status: undefined
[API] Fetch Categories Status: undefined
[API] Fetch Categories Status: undefined
[API] Fetch Categories Status: undefined
[API] Fetch Categories Status: undefined
[API] Fetched Categories: {}
[API] Fetched Categories: {}
[API] Fetched Categories: {}
[API] Fetched Categories: {}
[API] Fetched Categories: {}
[API] Fetched Categories: {}
[API] Fetched Categories: {}
[API] Fetched Categories: {}
[API] Fetched Categories: {}
[API] Fetched Categories: {}

[90mstdout[2m | tests/unit/gamebanana-complete.test.ts[2m > [22m[2mGameBanana Complete Coverage[2m > [22m[2mRate Limiting[2m > [22m[2mshould wait if rate limit exceeded
[22m[39m[API] Fetch Categories Status: undefined
[API] Fetch Categories Status: undefined
[API] Fetch Categories Status: undefined
[API] Fetch Categories Status: undefined
[API] Fetch Categories Status: undefined
[API] Fetch Categories Status: undefined
[API] Fetch Categories Status: undefined
[API] Fetch Categories Status: undefined
[API] Fetch Categories Status: undefined
[API] Fetch Categories Status: undefined
[API] Fetched Categories: {}
[API] Fetched Categories: {}
[API] Fetched Categories: {}
[API] Fetched Categories: {}
[API] Fetched Categories: {}
[API] Fetched Categories: {}
[API] Fetched Categories: {}
[API] Fetched Categories: {}
[API] Fetched Categories: {}
[API] Fetched Categories: {}

[90mstdout[2m | tests/unit/gamebanana-complete.test.ts[2m > [22m[2mGameBanana Complete Coverage[2m > [22m[2mRate Limiting[2m > [22m[2mshould wait if rate limit exceeded
[22m[39m[API] Fetch Categories Status: undefined
[API] Fetch Categories Status: undefined
[API] Fetch Categories Status: undefined
[API] Fetch Categories Status: undefined
[API] Fetch Categories Status: undefined
[API] Fetch Categories Status: undefined
[API] Fetch Categories Status: undefined
[API] Fetch Categories Status: undefined
[API] Fetch Categories Status: undefined
[API] Fetch Categories Status: undefined
[API] Fetched Categories: {}
[API] Fetched Categories: {}
[API] Fetched Categories: {}
[API] Fetched Categories: {}
[API] Fetched Categories: {}
[API] Fetched Categories: {}
[API] Fetched Categories: {}
[API] Fetched Categories: {}
[API] Fetched Categories: {}
[API] Fetched Categories: {}

[90mstdout[2m | tests/unit/gamebanana-complete.test.ts[2m > [22m[2mGameBanana Complete Coverage[2m > [22m[2mRate Limiting[2m > [22m[2mshould wait if rate limit exceeded
[22m[39m[API] Fetch Categories Status: undefined
[API] Fetch Categories Status: undefined
[API] Fetch Categories Status: undefined
[API] Fetch Categories Status: undefined
[API] Fetch Categories Status: undefined
[API] Fetched Categories: {}
[API] Fetched Categories: {}
[API] Fetched Categories: {}
[API] Fetched Categories: {}
[API] Fetched Categories: {}

[90mstdout[2m | tests/unit/gamebanana-complete.test.ts[2m > [22m[2mGameBanana Complete Coverage[2m > [22m[2mRate Limiting[2m > [22m[2mshould wait if rate limit exceeded
[22m[39m[API] Fetching Categories URL: https://gamebanana.com/apiv11/Game/21179/ProfilePage

[90mstdout[2m | tests/unit/gamebanana-complete.test.ts[2m > [22m[2mGameBanana Complete Coverage[2m > [22m[2mRate Limiting[2m > [22m[2mshould wait if rate limit exceeded
[22m[39m[API] Fetch Categories Status: undefined

[90mstdout[2m | tests/unit/gamebanana-complete.test.ts[2m > [22m[2mGameBanana Complete Coverage[2m > [22m[2mRate Limiting[2m > [22m[2mshould wait if rate limit exceeded
[22m[39m[API] Fetched Categories: {}

[90mstdout[2m | tests/unit/gamebanana-complete.test.ts[2m > [22m[2mGameBanana Complete Coverage[2m > [22m[2mRate Limiting[2m > [22m[2mshould wait if rate limit exceeded
[22m[39m[API] Fetching Categories URL: https://gamebanana.com/apiv11/Game/21179/ProfilePage

[90mstdout[2m | tests/unit/gamebanana-complete.test.ts[2m > [22m[2mGameBanana Complete Coverage[2m > [22m[2mRate Limiting[2m > [22m[2mshould wait if rate limit exceeded
[22m[39m[API] Fetch Categories Status: undefined

[90mstdout[2m | tests/unit/gamebanana-complete.test.ts[2m > [22m[2mGameBanana Complete Coverage[2m > [22m[2mRate Limiting[2m > [22m[2mshould wait if rate limit exceeded
[22m[39m[API] Fetched Categories: {}

[90mstdout[2m | tests/unit/gamebanana-complete.test.ts[2m > [22m[2mGameBanana Complete Coverage[2m > [22m[2mRate Limiting[2m > [22m[2mshould wait if rate limit exceeded
[22m[39m[API] Fetching Categories URL: https://gamebanana.com/apiv11/Game/21179/ProfilePage

[90mstdout[2m | tests/unit/gamebanana-complete.test.ts[2m > [22m[2mGameBanana Complete Coverage[2m > [22m[2mRate Limiting[2m > [22m[2mshould wait if rate limit exceeded
[22m[39m[API] Fetch Categories Status: undefined

[90mstdout[2m | tests/unit/gamebanana-complete.test.ts[2m > [22m[2mGameBanana Complete Coverage[2m > [22m[2mRate Limiting[2m > [22m[2mshould wait if rate limit exceeded
[22m[39m[API] Fetched Categories: {}

[90mstdout[2m | tests/unit/gamebanana-complete.test.ts[2m > [22m[2mGameBanana Complete Coverage[2m > [22m[2mRate Limiting[2m > [22m[2mshould wait if rate limit exceeded
[22m[39m[API] Fetching Categories URL: https://gamebanana.com/apiv11/Game/21179/ProfilePage

[90mstdout[2m | tests/unit/gamebanana-complete.test.ts[2m > [22m[2mGameBanana Complete Coverage[2m > [22m[2mRate Limiting[2m > [22m[2mshould wait if rate limit exceeded
[22m[39m[API] Fetch Categories Status: undefined

[90mstdout[2m | tests/unit/gamebanana-complete.test.ts[2m > [22m[2mGameBanana Complete Coverage[2m > [22m[2mRate Limiting[2m > [22m[2mshould wait if rate limit exceeded
[22m[39m[API] Fetched Categories: {}

[90mstdout[2m | tests/unit/gamebanana-complete.test.ts[2m > [22m[2mGameBanana Complete Coverage[2m > [22m[2mRate Limiting[2m > [22m[2mshould wait if rate limit exceeded
[22m[39m[API] Fetching Categories URL: https://gamebanana.com/apiv11/Game/21179/ProfilePage

[90mstdout[2m | tests/unit/gamebanana-complete.test.ts[2m > [22m[2mGameBanana Complete Coverage[2m > [22m[2mRate Limiting[2m > [22m[2mshould wait if rate limit exceeded
[22m[39m[API] Fetch Categories Status: undefined

[90mstdout[2m | tests/unit/gamebanana-complete.test.ts[2m > [22m[2mGameBanana Complete Coverage[2m > [22m[2mRate Limiting[2m > [22m[2mshould wait if rate limit exceeded
[22m[39m[API] Fetched Categories: {}

[90mstdout[2m | tests/unit/gamebanana-complete.test.ts[2m > [22m[2mGameBanana Complete Coverage[2m > [22m[2mRate Limiting[2m > [22m[2mshould wait if rate limit exceeded
[22m[39m[API] Fetching Categories URL: https://gamebanana.com/apiv11/Game/21179/ProfilePage

[90mstdout[2m | tests/unit/gamebanana-complete.test.ts[2m > [22m[2mGameBanana Complete Coverage[2m > [22m[2mRate Limiting[2m > [22m[2mshould wait if rate limit exceeded
[22m[39m[API] Fetch Categories Status: undefined

[90mstdout[2m | tests/unit/gamebanana-complete.test.ts[2m > [22m[2mGameBanana Complete Coverage[2m > [22m[2mRate Limiting[2m > [22m[2mshould wait if rate limit exceeded
[22m[39m[API] Fetched Categories: {}

[90mstdout[2m | tests/unit/gamebanana-complete.test.ts[2m > [22m[2mGameBanana Complete Coverage[2m > [22m[2mRate Limiting[2m > [22m[2mshould wait if rate limit exceeded
[22m[39m[API] Fetching Categories URL: https://gamebanana.com/apiv11/Game/21179/ProfilePage

[90mstdout[2m | tests/unit/gamebanana-complete.test.ts[2m > [22m[2mGameBanana Complete Coverage[2m > [22m[2mRate Limiting[2m > [22m[2mshould wait if rate limit exceeded
[22m[39m[API] Fetch Categories Status: undefined

[90mstdout[2m | tests/unit/gamebanana-complete.test.ts[2m > [22m[2mGameBanana Complete Coverage[2m > [22m[2mRate Limiting[2m > [22m[2mshould wait if rate limit exceeded
[22m[39m[API] Fetched Categories: {}

[90mstdout[2m | tests/unit/gamebanana-complete.test.ts[2m > [22m[2mGameBanana Complete Coverage[2m > [22m[2mRate Limiting[2m > [22m[2mshould wait if rate limit exceeded
[22m[39m[API] Fetching Categories URL: https://gamebanana.com/apiv11/Game/21179/ProfilePage

[90mstdout[2m | tests/unit/gamebanana-complete.test.ts[2m > [22m[2mGameBanana Complete Coverage[2m > [22m[2mRate Limiting[2m > [22m[2mshould wait if rate limit exceeded
[22m[39m[API] Fetch Categories Status: undefined

[90mstdout[2m | tests/unit/gamebanana-complete.test.ts[2m > [22m[2mGameBanana Complete Coverage[2m > [22m[2mRate Limiting[2m > [22m[2mshould wait if rate limit exceeded
[22m[39m[API] Fetched Categories: {}

[90mstdout[2m | tests/unit/gamebanana-complete.test.ts[2m > [22m[2mGameBanana Complete Coverage[2m > [22m[2mRate Limiting[2m > [22m[2mshould wait if rate limit exceeded
[22m[39m[API] Fetching Categories URL: https://gamebanana.com/apiv11/Game/21179/ProfilePage

[90mstdout[2m | tests/unit/gamebanana-complete.test.ts[2m > [22m[2mGameBanana Complete Coverage[2m > [22m[2mRate Limiting[2m > [22m[2mshould wait if rate limit exceeded
[22m[39m[API] Fetch Categories Status: undefined

[90mstdout[2m | tests/unit/gamebanana-complete.test.ts[2m > [22m[2mGameBanana Complete Coverage[2m > [22m[2mRate Limiting[2m > [22m[2mshould wait if rate limit exceeded
[22m[39m[API] Fetched Categories: {}

[90mstdout[2m | tests/unit/gamebanana-complete.test.ts[2m > [22m[2mGameBanana Complete Coverage[2m > [22m[2mRate Limiting[2m > [22m[2mshould wait if rate limit exceeded
[22m[39m[API] Fetching Categories URL: https://gamebanana.com/apiv11/Game/21179/ProfilePage

[90mstdout[2m | tests/unit/gamebanana-complete.test.ts[2m > [22m[2mGameBanana Complete Coverage[2m > [22m[2mRate Limiting[2m > [22m[2mshould wait if rate limit exceeded
[22m[39m[API] Fetch Categories Status: undefined

[90mstdout[2m | tests/unit/gamebanana-complete.test.ts[2m > [22m[2mGameBanana Complete Coverage[2m > [22m[2mRate Limiting[2m > [22m[2mshould wait if rate limit exceeded
[22m[39m[API] Fetched Categories: {}

[90mstdout[2m | tests/unit/gamebanana-complete.test.ts[2m > [22m[2mGameBanana Complete Coverage[2m > [22m[2mError Handling[2m > [22m[2mshould handle fetchCategories failure (500)
[22m[39m[API] Rate limit reached, waiting 59957ms

[90mstdout[2m | tests/unit/gamebanana-complete.test.ts[2m > [22m[2mGameBanana Complete Coverage[2m > [22m[2mError Handling[2m > [22m[2mshould handle fetchCategories failure (500)
[22m[39m[API] Fetching Categories URL: https://gamebanana.com/apiv11/Game/21179/ProfilePage

[90mstdout[2m | tests/unit/gamebanana-complete.test.ts[2m > [22m[2mGameBanana Complete Coverage[2m > [22m[2mError Handling[2m > [22m[2mshould handle fetchCategories failure (500)
[22m[39m[API] Fetch Categories Status: 500

[90mstdout[2m | tests/unit/gamebanana-complete.test.ts[2m > [22m[2mGameBanana Complete Coverage[2m > [22m[2mError Handling[2m > [22m[2mshould handle fetchCategories exception
[22m[39m[API] Rate limit reached, waiting 59954ms

[90mstdout[2m | tests/unit/gamebanana-complete.test.ts[2m > [22m[2mGameBanana Complete Coverage[2m > [22m[2mError Handling[2m > [22m[2mshould handle fetchCategories exception
[22m[39m[API] Fetching Categories URL: https://gamebanana.com/apiv11/Game/21179/ProfilePage

[90mstderr[2m | tests/unit/gamebanana-complete.test.ts[2m > [22m[2mGameBanana Complete Coverage[2m > [22m[2mError Handling[2m > [22m[2mshould handle fetchCategories exception
[22m[39mError fetching categories: Error: Network
    at [90m/app/[39mtests/unit/gamebanana-complete.test.ts:161:54
    at [90mfile:///app/[39mnode_modules/[4m.pnpm[24m/@vitest+runner@4.0.18/node_modules/[4m@vitest/runner[24m/dist/index.js:145:11
    at [90mfile:///app/[39mnode_modules/[4m.pnpm[24m/@vitest+runner@4.0.18/node_modules/[4m@vitest/runner[24m/dist/index.js:915:26
    at [90mfile:///app/[39mnode_modules/[4m.pnpm[24m/@vitest+runner@4.0.18/node_modules/[4m@vitest/runner[24m/dist/index.js:1243:20
    at new Promise (<anonymous>)
    at runWithTimeout [90m(file:///app/[39mnode_modules/[4m.pnpm[24m/@vitest+runner@4.0.18/node_modules/[4m@vitest/runner[24m/dist/index.js:1209:10[90m)[39m
    at [90mfile:///app/[39mnode_modules/[4m.pnpm[24m/@vitest+runner@4.0.18/node_modules/[4m@vitest/runner[24m/dist/index.js:1653:37
    at Traces.$ [90m(file:///app/[39mnode_modules/[4m.pnpm[24m/vitest@4.0.18_@types+node@24.10.9_happy-dom@20.3.3/node_modules/[4mvitest[24m/dist/chunks/traces.CCmnQaNT.js:142:27[90m)[39m
    at trace [90m(file:///app/[39mnode_modules/[4m.pnpm[24m/vitest@4.0.18_@types+node@24.10.9_happy-dom@20.3.3/node_modules/[4mvitest[24m/dist/chunks/test.B8ej_ZHS.js:239:21[90m)[39m
    at runTest [90m(file:///app/[39mnode_modules/[4m.pnpm[24m/@vitest+runner@4.0.18/node_modules/[4m@vitest/runner[24m/dist/index.js:1653:12[90m)[39m

[90mstdout[2m | tests/unit/gamebanana-complete.test.ts[2m > [22m[2mGameBanana Complete Coverage[2m > [22m[2mError Handling[2m > [22m[2mshould handle fetchFeaturedMods exception
[22m[39m[API] Rate limit reached, waiting 59944ms

[90mstdout[2m | tests/unit/gamebanana-complete.test.ts[2m > [22m[2mGameBanana Complete Coverage[2m > [22m[2mError Handling[2m > [22m[2mshould handle fetchFeaturedMods exception
[22m[39m[API] Rate limit reached, waiting 0ms

[90mstdout[2m | tests/unit/gamebanana-complete.test.ts[2m > [22m[2mGameBanana Complete Coverage[2m > [22m[2mError Handling[2m > [22m[2mshould handle fetchFeaturedMods exception
[22m[39m[API] Fetching: https://gamebanana.com/apiv11/Game/21179/Subfeed?_nPage=1&_nPerpage=40&_aModelFilter[]=Mod

[90mstderr[2m | tests/unit/gamebanana-complete.test.ts[2m > [22m[2mGameBanana Complete Coverage[2m > [22m[2mError Handling[2m > [22m[2mshould handle fetchFeaturedMods exception
[22m[39mError searching mods: Error: Network
    at [90m/app/[39mtests/unit/gamebanana-complete.test.ts:169:54
    at [90mfile:///app/[39mnode_modules/[4m.pnpm[24m/@vitest+runner@4.0.18/node_modules/[4m@vitest/runner[24m/dist/index.js:145:11
    at [90mfile:///app/[39mnode_modules/[4m.pnpm[24m/@vitest+runner@4.0.18/node_modules/[4m@vitest/runner[24m/dist/index.js:915:26
    at [90mfile:///app/[39mnode_modules/[4m.pnpm[24m/@vitest+runner@4.0.18/node_modules/[4m@vitest/runner[24m/dist/index.js:1243:20
    at new Promise (<anonymous>)
    at runWithTimeout [90m(file:///app/[39mnode_modules/[4m.pnpm[24m/@vitest+runner@4.0.18/node_modules/[4m@vitest/runner[24m/dist/index.js:1209:10[90m)[39m
    at [90mfile:///app/[39mnode_modules/[4m.pnpm[24m/@vitest+runner@4.0.18/node_modules/[4m@vitest/runner[24m/dist/index.js:1653:37
    at Traces.$ [90m(file:///app/[39mnode_modules/[4m.pnpm[24m/vitest@4.0.18_@types+node@24.10.9_happy-dom@20.3.3/node_modules/[4mvitest[24m/dist/chunks/traces.CCmnQaNT.js:142:27[90m)[39m
    at trace [90m(file:///app/[39mnode_modules/[4m.pnpm[24m/vitest@4.0.18_@types+node@24.10.9_happy-dom@20.3.3/node_modules/[4mvitest[24m/dist/chunks/test.B8ej_ZHS.js:239:21[90m)[39m
    at runTest [90m(file:///app/[39mnode_modules/[4m.pnpm[24m/@vitest+runner@4.0.18/node_modules/[4m@vitest/runner[24m/dist/index.js:1653:12[90m)[39m

[90mstdout[2m | tests/unit/gamebanana-complete.test.ts[2m > [22m[2mGameBanana Complete Coverage[2m > [22m[2mError Handling[2m > [22m[2mshould handle fetchAllMods page failure
[22m[39m[API] Starting Fetch All Mods (Limit: 1 pages)
[API] Fetching batch 1: Pages 1 - 1

[90mstdout[2m | tests/unit/gamebanana-complete.test.ts[2m > [22m[2mGameBanana Complete Coverage[2m > [22m[2mError Handling[2m > [22m[2mshould handle fetchAllMods page failure
[22m[39m[API] Rate limit reached, waiting 59940ms

[90mstdout[2m | tests/unit/gamebanana-complete.test.ts[2m > [22m[2mGameBanana Complete Coverage[2m > [22m[2mError Handling[2m > [22m[2mshould handle fetchAllMods page failure
[22m[39m[API] Fetching: https://gamebanana.com/apiv11/Game/21179/Subfeed?_nPage=1&_nPerpage=40&_aModelFilter[]=Mod

[90mstdout[2m | tests/unit/gamebanana-complete.test.ts[2m > [22m[2mGameBanana Complete Coverage[2m > [22m[2mError Handling[2m > [22m[2mshould handle fetchAllMods page failure
[22m[39m[API] Found empty page, stopping fetch.
[API] Fetched total 0 mods.

[90mstdout[2m | tests/unit/gamebanana-complete.test.ts[2m > [22m[2mGameBanana Complete Coverage[2m > [22m[2mfetchItemData[2m > [22m[2mshould return data on success
[22m[39m[API] Fetching Item Data: Mod / 1

[90mstdout[2m | tests/unit/gamebanana-complete.test.ts[2m > [22m[2mGameBanana Complete Coverage[2m > [22m[2mfetchItemData[2m > [22m[2mshould return data on success
[22m[39m[API] Rate limit reached, waiting 59937ms

[90mstdout[2m | tests/unit/gamebanana-complete.test.ts[2m > [22m[2mGameBanana Complete Coverage[2m > [22m[2mfetchItemData[2m > [22m[2mshould return data on success
[22m[39m[API] Request Info: https://gamebanana.com/apiv11/Mod/1/ProfilePage

[90mstdout[2m | tests/unit/gamebanana-complete.test.ts[2m > [22m[2mGameBanana Complete Coverage[2m > [22m[2mfetchItemData[2m > [22m[2mshould return data on success
[22m[39m[API] Response Item Data status: 200

 [32m✓[39m tests/unit/gamebanana-complete.test.ts [2m([22m[2m11 tests[22m[2m)[22m[32m 57[2mms[22m[39m
 [32m✓[39m tests/unit/coverage-backend-gaps.test.ts [2m([22m[2m16 tests[22m[2m)[22m[32m 40[2mms[22m[39m
 [32m✓[39m tests/unit/final-gaps-layout.test.tsx [2m([22m[2m1 test[22m[2m)[22m[32m 59[2mms[22m[39m
 [32m✓[39m tests/unit/components/TitleBar.test.tsx [2m([22m[2m1 test[22m[2m)[22m[32m 65[2mms[22m[39m
[90mstdout[2m | tests/unit/mod-manager-coverage.test.ts[2m > [22m[2mModManager Coverage Gaps[2m > [22m[2mshould redeploy enabled mods when priorities are fixed and changed
[22m[39m[ModManager] Fixed/Normalized mod priorities.
[ModManager] Redeploying 2 mods due to priority fix...
Undeploying mod: Mod A

[90mstdout[2m | tests/unit/mod-manager-coverage.test.ts[2m > [22m[2mModManager Coverage Gaps[2m > [22m[2mshould redeploy enabled mods when priorities are fixed and changed
[22m[39mDeploying mod (Non-destructive): Mod A

[90mstdout[2m | tests/unit/mod-manager-coverage.test.ts[2m > [22m[2mModManager Coverage Gaps[2m > [22m[2mshould redeploy enabled mods when priorities are fixed and changed
[22m[39mUndeploying mod: Mod B

[90mstdout[2m | tests/unit/mod-manager-coverage.test.ts[2m > [22m[2mModManager Coverage Gaps[2m > [22m[2mshould redeploy enabled mods when priorities are fixed and changed
[22m[39mDeploying mod (Non-destructive): Mod B

[90mstdout[2m | tests/unit/mod-manager-coverage.test.ts[2m > [22m[2mModManager Coverage Gaps[2m > [22m[2mshould deploy Movies files correctly
[22m[39mDeploying mod (Non-destructive): Movie Mod

[90mstdout[2m | tests/unit/mod-manager-coverage.test.ts[2m > [22m[2mModManager Coverage Gaps[2m > [22m[2mshould warn about conflicts when enabling a mod of same category
[22m[39mDeploying mod (Non-destructive): Goku SSJ

[90mstderr[2m | tests/unit/mod-manager-coverage.test.ts[2m > [22m[2mModManager Coverage Gaps[2m > [22m[2mshould warn about conflicts when enabling a mod of same category
[22m[39mError in deployModFiles internal loop TypeError: Cannot read properties of undefined (reading 'includes')
    at ModManager.isPosixLikePath [90m(/app/[39melectron/mod-manager.ts:222:22[90m)[39m
    at ModManager.joinPath [90m(/app/[39melectron/mod-manager.ts:226:21[90m)[39m
    at ModManager.deployModFiles [90m(/app/[39melectron/mod-manager.ts:485:35[90m)[39m
[90m    at processTicksAndRejections (node:internal/process/task_queues:103:5)[39m
    at ModManager.deployMod [90m(/app/[39melectron/mod-manager.ts:572:53[90m)[39m
    at ModManager.toggleMod [90m(/app/[39melectron/mod-manager.ts:745:21[90m)[39m
    at [90m/app/[39mtests/unit/mod-manager-coverage.test.ts:140:24
    at [90mfile:///app/[39mnode_modules/[4m.pnpm[24m/@vitest+runner@4.0.18/node_modules/[4m@vitest/runner[24m/dist/index.js:915:20

[90mstdout[2m | tests/unit/mod-manager-coverage.test.ts[2m > [22m[2mModManager Coverage Gaps[2m > [22m[2mshould handle unlink errors in deployFile gracefully
[22m[39mDeploying mod (Non-destructive): Test

[90mstdout[2m | tests/unit/mod-manager-coverage.test.ts[2m > [22m[2mModManager Coverage Gaps[2m > [22m[2mshould handle copy fallback in deployFile
[22m[39mDeploying mod (Non-destructive): Test

[90mstdout[2m | tests/unit/mod-manager-coverage.test.ts[2m > [22m[2mModManager Coverage Gaps[2m > [22m[2mshould handle copy fallback in deployFile
[22m[39m[Deploy] Linking failed, falling back to copy for: file.pak

 [32m✓[39m tests/unit/mod-manager-coverage.test.ts [2m([22m[2m6 tests[22m[2m)[22m[32m 50[2mms[22m[39m
[90mstdout[2m | tests/unit/final-coverage-backend.test.ts[2m > [22m[2mFinal Backend Coverage[2m > [22m[2mGameBanana API - Extended[2m > [22m[2msearchBySection should handle dateRange filtering correctly
[22m[39m[Cache] No persistent cache found, starting fresh

[90mstdout[2m | tests/unit/final-coverage-backend.test.ts[2m > [22m[2mFinal Backend Coverage[2m > [22m[2mGameBanana API - Extended[2m > [22m[2msearchBySection should handle dateRange filtering correctly
[22m[39m[Cache] Miss for key: search_{"dateRange":"24h","search":"test"}

[90mstdout[2m | tests/unit/final-coverage-backend.test.ts[2m > [22m[2mFinal Backend Coverage[2m > [22m[2mGameBanana API - Extended[2m > [22m[2msearchBySection should handle dateRange filtering correctly
[22m[39m[API] Fetching: https://gamebanana.com/apiv11/Util/Search/Results?_sSearchString=test&_nPage=1&_nPerpage=20&_aFilters[Generic_Game]=21179&_aFilters[Generic_DateAdded_Min]=1778678395

[90mstdout[2m | tests/unit/final-coverage-backend.test.ts[2m > [22m[2mFinal Backend Coverage[2m > [22m[2mGameBanana API - Extended[2m > [22m[2msearchBySection should handle dateRange filtering correctly
[22m[39m[Cache] Set key: search_{"dateRange":"24h","search":"test"} with TTL: 300000ms

[90mstdout[2m | tests/unit/final-coverage-backend.test.ts[2m > [22m[2mFinal Backend Coverage[2m > [22m[2mGameBanana API - Extended[2m > [22m[2msearchBySection should handle dateRange filtering correctly
[22m[39m[Cache] Miss for key: search_{"dateRange":"week","search":"test"}

[90mstdout[2m | tests/unit/final-coverage-backend.test.ts[2m > [22m[2mFinal Backend Coverage[2m > [22m[2mGameBanana API - Extended[2m > [22m[2msearchBySection should handle dateRange filtering correctly
[22m[39m[API] Fetching: https://gamebanana.com/apiv11/Util/Search/Results?_sSearchString=test&_nPage=1&_nPerpage=20&_aFilters[Generic_Game]=21179&_aFilters[Generic_DateAdded_Min]=1778159995

[90mstdout[2m | tests/unit/final-coverage-backend.test.ts[2m > [22m[2mFinal Backend Coverage[2m > [22m[2mGameBanana API - Extended[2m > [22m[2msearchBySection should handle dateRange filtering correctly
[22m[39m[Cache] Set key: search_{"dateRange":"week","search":"test"} with TTL: 300000ms

[90mstdout[2m | tests/unit/final-coverage-backend.test.ts[2m > [22m[2mFinal Backend Coverage[2m > [22m[2mGameBanana API - Extended[2m > [22m[2msearchBySection should handle dateRange filtering correctly
[22m[39m[Cache] Miss for key: search_{"dateRange":"month","search":"test"}

[90mstdout[2m | tests/unit/final-coverage-backend.test.ts[2m > [22m[2mFinal Backend Coverage[2m > [22m[2mGameBanana API - Extended[2m > [22m[2msearchBySection should handle dateRange filtering correctly
[22m[39m[API] Fetching: https://gamebanana.com/apiv11/Util/Search/Results?_sSearchString=test&_nPage=1&_nPerpage=20&_aFilters[Generic_Game]=21179&_aFilters[Generic_DateAdded_Min]=1776172795

[90mstdout[2m | tests/unit/final-coverage-backend.test.ts[2m > [22m[2mFinal Backend Coverage[2m > [22m[2mGameBanana API - Extended[2m > [22m[2msearchBySection should handle dateRange filtering correctly
[22m[39m[Cache] Set key: search_{"dateRange":"month","search":"test"} with TTL: 300000ms

[90mstdout[2m | tests/unit/final-coverage-backend.test.ts[2m > [22m[2mFinal Backend Coverage[2m > [22m[2mGameBanana API - Extended[2m > [22m[2msearchBySection should handle dateRange filtering correctly
[22m[39m[Cache] Miss for key: search_{"dateRange":"year","search":"test"}

[90mstdout[2m | tests/unit/final-coverage-backend.test.ts[2m > [22m[2mFinal Backend Coverage[2m > [22m[2mGameBanana API - Extended[2m > [22m[2msearchBySection should handle dateRange filtering correctly
[22m[39m[API] Fetching: https://gamebanana.com/apiv11/Util/Search/Results?_sSearchString=test&_nPage=1&_nPerpage=20&_aFilters[Generic_Game]=21179&_aFilters[Generic_DateAdded_Min]=1747228795

[90mstdout[2m | tests/unit/final-coverage-backend.test.ts[2m > [22m[2mFinal Backend Coverage[2m > [22m[2mGameBanana API - Extended[2m > [22m[2msearchBySection should handle dateRange filtering correctly
[22m[39m[Cache] Set key: search_{"dateRange":"year","search":"test"} with TTL: 300000ms

[90mstdout[2m | tests/unit/final-coverage-backend.test.ts[2m > [22m[2mFinal Backend Coverage[2m > [22m[2mGameBanana API - Extended[2m > [22m[2mfetchAllMods should handle partial batch failures
[22m[39m[API] Starting Fetch All Mods (Limit: 2 pages)
[API] Fetching batch 1: Pages 1 - 2

[90mstdout[2m | tests/unit/final-coverage-backend.test.ts[2m > [22m[2mFinal Backend Coverage[2m > [22m[2mGameBanana API - Extended[2m > [22m[2mfetchAllMods should handle partial batch failures
[22m[39m[API] Fetching: https://gamebanana.com/apiv11/Game/21179/Subfeed?_nPage=1&_nPerpage=40&_aModelFilter[]=Mod
[API] Fetching: https://gamebanana.com/apiv11/Game/21179/Subfeed?_nPage=2&_nPerpage=40&_aModelFilter[]=Mod

[90mstdout[2m | tests/unit/final-coverage-backend.test.ts[2m > [22m[2mFinal Backend Coverage[2m > [22m[2mGameBanana API - Extended[2m > [22m[2mfetchAllMods should handle partial batch failures
[22m[39m[API] Found empty page, stopping fetch.
[API] Fetched total 1 mods.

[90mstdout[2m | tests/unit/final-coverage-backend.test.ts[2m > [22m[2mFinal Backend Coverage[2m > [22m[2mGameBanana API - Extended[2m > [22m[2mfetchCategories should return empty array on API failure
[22m[39m[Cache] Miss for key: categories_21179

[90mstdout[2m | tests/unit/final-coverage-backend.test.ts[2m > [22m[2mFinal Backend Coverage[2m > [22m[2mGameBanana API - Extended[2m > [22m[2mfetchCategories should return empty array on API failure
[22m[39m[API] Fetching Categories URL: https://gamebanana.com/apiv11/Game/21179/ProfilePage

[90mstdout[2m | tests/unit/final-coverage-backend.test.ts[2m > [22m[2mFinal Backend Coverage[2m > [22m[2mGameBanana API - Extended[2m > [22m[2mfetchCategories should return empty array on API failure
[22m[39m[API] Fetch Categories Status: 500

[90mstdout[2m | tests/unit/final-coverage-backend.test.ts[2m > [22m[2mFinal Backend Coverage[2m > [22m[2mModManager - Extended Deployment Logic[2m > [22m[2mdeployFile should fallback to copy if link fails with EXDEV
[22m[39m[Deploy] Linking failed, falling back to copy for: file.pak

[90mstdout[2m | tests/unit/final-coverage-backend.test.ts[2m > [22m[2mFinal Backend Coverage[2m > [22m[2mModManager - Extended Deployment Logic[2m > [22m[2mfixPriorities should tie-break by name if priorities are equal
[22m[39m[ModManager] Fixed/Normalized mod priorities.
[ModManager] Redeploying 2 mods due to priority fix...

 [32m✓[39m tests/unit/final-coverage-backend.test.ts [2m([22m[2m5 tests[22m[2m)[22m[32m 51[2mms[22m[39m
[90mstdout[2m | tests/unit/coverage-backend-final.test.ts[2m > [22m[2mModManager Backend Final Coverage[2m > [22m[2mloadProfile[2m > [22m[2mshould correctly enable/disable mods based on profile
[22m[39mLoading Profile: Disabling 1, Enabling 1

[90mstderr[2m | tests/unit/coverage-backend-final.test.ts[2m > [22m[2mModManager Backend Final Coverage[2m > [22m[2mloadProfile[2m > [22m[2mshould handle exception during load
[22m[39mFailed to load profile Error: Fail
    at [90m/app/[39mtests/unit/coverage-backend-final.test.ts:84:67
    at [90mfile:///app/[39mnode_modules/[4m.pnpm[24m/@vitest+runner@4.0.18/node_modules/[4m@vitest/runner[24m/dist/index.js:145:11
    at [90mfile:///app/[39mnode_modules/[4m.pnpm[24m/@vitest+runner@4.0.18/node_modules/[4m@vitest/runner[24m/dist/index.js:915:26
    at [90mfile:///app/[39mnode_modules/[4m.pnpm[24m/@vitest+runner@4.0.18/node_modules/[4m@vitest/runner[24m/dist/index.js:1243:20
    at new Promise (<anonymous>)
    at runWithTimeout [90m(file:///app/[39mnode_modules/[4m.pnpm[24m/@vitest+runner@4.0.18/node_modules/[4m@vitest/runner[24m/dist/index.js:1209:10[90m)[39m
    at [90mfile:///app/[39mnode_modules/[4m.pnpm[24m/@vitest+runner@4.0.18/node_modules/[4m@vitest/runner[24m/dist/index.js:1653:37
    at Traces.$ [90m(file:///app/[39mnode_modules/[4m.pnpm[24m/vitest@4.0.18_@types+node@24.10.9_happy-dom@20.3.3/node_modules/[4mvitest[24m/dist/chunks/traces.CCmnQaNT.js:142:27[90m)[39m
    at trace [90m(file:///app/[39mnode_modules/[4m.pnpm[24m/vitest@4.0.18_@types+node@24.10.9_happy-dom@20.3.3/node_modules/[4mvitest[24m/dist/chunks/test.B8ej_ZHS.js:239:21[90m)[39m
    at runTest [90m(file:///app/[39mnode_modules/[4m.pnpm[24m/@vitest+runner@4.0.18/node_modules/[4m@vitest/runner[24m/dist/index.js:1653:12[90m)[39m

[90mstdout[2m | tests/unit/coverage-backend-final.test.ts[2m > [22m[2mModManager Backend Final Coverage[2m > [22m[2mlaunchGame Error Handling[2m > [22m[2mshould log error if execFile fails
[22m[39mLaunching game with 0 mods enabled
Launching game at: /game.exe

 [32m✓[39m tests/unit/coverage-backend-final.test.ts [2m([22m[2m5 tests[22m[2m)[22m[32m 46[2mms[22m[39m
 [32m✓[39m tests/unit/coverage-sweeper-final-frontend.test.tsx [2m([22m[2m4 tests[22m[2m)[22m[32m 69[2mms[22m[39m
[90mstderr[2m | tests/unit/coverage-backend-final-v2.test.ts[2m > [22m[2mModManager Final Backend Coverage[2m > [22m[2mdeleteProfile[2m > [22m[2mshould return false on exception
[22m[39mFailed to delete profile Error: Fail
    at [90m/app/[39mtests/unit/coverage-backend-final-v2.test.ts:79:53
    at [90mfile:///app/[39mnode_modules/[4m.pnpm[24m/@vitest+runner@4.0.18/node_modules/[4m@vitest/runner[24m/dist/index.js:145:11
    at [90mfile:///app/[39mnode_modules/[4m.pnpm[24m/@vitest+runner@4.0.18/node_modules/[4m@vitest/runner[24m/dist/index.js:915:26
    at [90mfile:///app/[39mnode_modules/[4m.pnpm[24m/@vitest+runner@4.0.18/node_modules/[4m@vitest/runner[24m/dist/index.js:1243:20
    at new Promise (<anonymous>)
    at runWithTimeout [90m(file:///app/[39mnode_modules/[4m.pnpm[24m/@vitest+runner@4.0.18/node_modules/[4m@vitest/runner[24m/dist/index.js:1209:10[90m)[39m
    at [90mfile:///app/[39mnode_modules/[4m.pnpm[24m/@vitest+runner@4.0.18/node_modules/[4m@vitest/runner[24m/dist/index.js:1653:37
    at Traces.$ [90m(file:///app/[39mnode_modules/[4m.pnpm[24m/vitest@4.0.18_@types+node@24.10.9_happy-dom@20.3.3/node_modules/[4mvitest[24m/dist/chunks/traces.CCmnQaNT.js:142:27[90m)[39m
    at trace [90m(file:///app/[39mnode_modules/[4m.pnpm[24m/vitest@4.0.18_@types+node@24.10.9_happy-dom@20.3.3/node_modules/[4mvitest[24m/dist/chunks/test.B8ej_ZHS.js:239:21[90m)[39m
    at runTest [90m(file:///app/[39mnode_modules/[4m.pnpm[24m/@vitest+runner@4.0.18/node_modules/[4m@vitest/runner[24m/dist/index.js:1653:12[90m)[39m

[90mstdout[2m | tests/unit/coverage-backend-final-v2.test.ts[2m > [22m[2mModManager Final Backend Coverage[2m > [22m[2msyncActiveProfile[2m > [22m[2mshould do nothing if no active profile is set
[22m[39mDeploying mod (Non-destructive): Mod1

[90mstderr[2m | tests/unit/coverage-backend-final-v2.test.ts[2m > [22m[2mModManager Final Backend Coverage[2m > [22m[2msyncActiveProfile[2m > [22m[2mshould do nothing if no active profile is set
[22m[39mGame path not set

[90mstdout[2m | tests/unit/coverage-backend-final-v2.test.ts[2m > [22m[2mModManager Final Backend Coverage[2m > [22m[2msyncActiveProfile[2m > [22m[2mshould sync if active profile is set
[22m[39mDeploying mod (Non-destructive): Mod1

[90mstderr[2m | tests/unit/coverage-backend-final-v2.test.ts[2m > [22m[2mModManager Final Backend Coverage[2m > [22m[2msyncActiveProfile[2m > [22m[2mshould sync if active profile is set
[22m[39mGame path not set

[90mstdout[2m | tests/unit/coverage-backend-final-v2.test.ts[2m > [22m[2mModManager Final Backend Coverage[2m > [22m[2mlaunchGame[2m > [22m[2mshould search for SparkingZERO.exe if directory is provided
[22m[39mLaunching game with 0 mods enabled
Launching game at: /game/dir/SparkingZERO/Binaries/Win64/SparkingZERO-Win64-Shipping.exe

[90mstdout[2m | tests/unit/coverage-backend-final-v2.test.ts[2m > [22m[2mModManager Final Backend Coverage[2m > [22m[2minstallOnlineMod[2m > [22m[2mshould return failure if profile has no files
[22m[39mInstalling mod: 123

[90mstdout[2m | tests/unit/coverage-backend-final-v2.test.ts[2m > [22m[2mModManager Final Backend Coverage[2m > [22m[2minstallOnlineMod[2m > [22m[2mshould return failure if profile fetch fails (returns null)
[22m[39mInstalling mod: 123

 [32m✓[39m tests/unit/coverage-backend-final-v2.test.ts [2m([22m[2m13 tests[22m[2m)[22m[32m 34[2mms[22m[39m
 [32m✓[39m tests/unit/download-manager.test.ts [2m([22m[2m11 tests[22m[2m)[22m[32m 38[2mms[22m[39m
[90mstdout[2m | tests/unit/final-gaps-backend.test.ts[2m > [22m[2mGameBanana API Final Gaps[2m > [22m[2mshould handle fetchItemData error
[22m[39m[API] Fetching Item Data: Mod / 1

[90mstdout[2m | tests/unit/final-gaps-backend.test.ts[2m > [22m[2mGameBanana API Final Gaps[2m > [22m[2mshould handle fetchItemData error
[22m[39m[API] Request Info: https://gamebanana.com/apiv11/Mod/1/ProfilePage

[90mstderr[2m | tests/unit/final-gaps-backend.test.ts[2m > [22m[2mGameBanana API Final Gaps[2m > [22m[2mshould handle fetchItemData error
[22m[39m[API] Failed to fetch item data: 500

[90mstdout[2m | tests/unit/final-gaps-backend.test.ts[2m > [22m[2mGameBanana API Final Gaps[2m > [22m[2mshould handle fetchItemData error
[22m[39m[API] Response Item Data status: 500

[90mstdout[2m | tests/unit/final-gaps-backend.test.ts[2m > [22m[2mGameBanana API Final Gaps[2m > [22m[2mshould handle fetchItemData exception
[22m[39m[API] Fetching Item Data: Mod / 1

[90mstdout[2m | tests/unit/final-gaps-backend.test.ts[2m > [22m[2mGameBanana API Final Gaps[2m > [22m[2mshould handle fetchItemData exception
[22m[39m[API] Request Info: https://gamebanana.com/apiv11/Mod/1/ProfilePage

[90mstderr[2m | tests/unit/final-gaps-backend.test.ts[2m > [22m[2mGameBanana API Final Gaps[2m > [22m[2mshould handle fetchItemData exception
[22m[39mError fetching item data: Error: Network
    at [90m/app/[39mtests/unit/final-gaps-backend.test.ts:52:49
    at [90mfile:///app/[39mnode_modules/[4m.pnpm[24m/@vitest+runner@4.0.18/node_modules/[4m@vitest/runner[24m/dist/index.js:145:11
    at [90mfile:///app/[39mnode_modules/[4m.pnpm[24m/@vitest+runner@4.0.18/node_modules/[4m@vitest/runner[24m/dist/index.js:915:26
    at [90mfile:///app/[39mnode_modules/[4m.pnpm[24m/@vitest+runner@4.0.18/node_modules/[4m@vitest/runner[24m/dist/index.js:1243:20
    at new Promise (<anonymous>)
    at runWithTimeout [90m(file:///app/[39mnode_modules/[4m.pnpm[24m/@vitest+runner@4.0.18/node_modules/[4m@vitest/runner[24m/dist/index.js:1209:10[90m)[39m
    at [90mfile:///app/[39mnode_modules/[4m.pnpm[24m/@vitest+runner@4.0.18/node_modules/[4m@vitest/runner[24m/dist/index.js:1653:37
    at Traces.$ [90m(file:///app/[39mnode_modules/[4m.pnpm[24m/vitest@4.0.18_@types+node@24.10.9_happy-dom@20.3.3/node_modules/[4mvitest[24m/dist/chunks/traces.CCmnQaNT.js:142:27[90m)[39m
    at trace [90m(file:///app/[39mnode_modules/[4m.pnpm[24m/vitest@4.0.18_@types+node@24.10.9_happy-dom@20.3.3/node_modules/[4mvitest[24m/dist/chunks/test.B8ej_ZHS.js:239:21[90m)[39m
    at runTest [90m(file:///app/[39mnode_modules/[4m.pnpm[24m/@vitest+runner@4.0.18/node_modules/[4m@vitest/runner[24m/dist/index.js:1653:12[90m)[39m

[90mstdout[2m | tests/unit/final-gaps-backend.test.ts[2m > [22m[2mGameBanana API Final Gaps[2m > [22m[2mshould handle searchBySection error text
[22m[39m[API] Fetching: https://gamebanana.com/apiv11/Game/21179/Subfeed?_nPage=1&_nPerpage=20&_aModelFilter[]=Mod

[90mstderr[2m | tests/unit/final-gaps-backend.test.ts[2m > [22m[2mGameBanana API Final Gaps[2m > [22m[2mshould handle searchBySection error text
[22m[39m[API] Search failed: 400 - undefined

[90mstderr[2m | tests/unit/final-gaps-backend.test.ts[2m > [22m[2mGameBanana API Final Gaps[2m > [22m[2mshould handle searchBySection error text
[22m[39m[API] Error body: Bad Request

[90mstdout[2m | tests/unit/final-gaps-backend.test.ts[2m > [22m[2mModManager Backend Final Gaps[2m > [22m[2mshould handle installUE4SS download failure
[22m[39mInstalling UE4SS...

 [32m✓[39m tests/unit/final-gaps-backend.test.ts [2m([22m[2m5 tests[22m[2m)[22m[32m 25[2mms[22m[39m
 [32m✓[39m tests/unit/components/Skeleton.test.tsx [2m([22m[2m1 test[22m[2m)[22m[32m 35[2mms[22m[39m
[90mstdout[2m | tests/unit/coverage-backend.test.ts[2m > [22m[2mBackend Coverage Fill[2m > [22m[2mModManager - deployModFiles[2m > [22m[2mshould catch error in internal loop
[22m[39mDeploying mod (Non-destructive): Test

[90mstdout[2m | tests/unit/coverage-backend.test.ts[2m > [22m[2mBackend Coverage Fill[2m > [22m[2mModManager - getModChangelog[2m > [22m[2mshould return null if mod not found by ID string
[22m[39m[ModManager] Getting changelog for modId: invalid-id

[90mstdout[2m | tests/unit/coverage-backend.test.ts[2m > [22m[2mBackend Coverage Fill[2m > [22m[2mModManager - getModChangelog[2m > [22m[2mshould return null if mod found but no gameBananaId
[22m[39m[ModManager] Getting changelog for gameBananaId: 1

[90mstdout[2m | tests/unit/coverage-backend.test.ts[2m > [22m[2mBackend Coverage Fill[2m > [22m[2mModManager - installOnlineMod[2m > [22m[2mshould fail if profile fetch fails (missing files)
[22m[39mInstalling mod: 1

 [32m✓[39m tests/unit/coverage-backend.test.ts [2m([22m[2m16 tests[22m[2m)[22m[32m 35[2mms[22m[39m
[90mstdout[2m | tests/unit/gamebanana.test.ts[2m > [22m[2mGameBanana API[2m > [22m[2msearchOnlineMods[2m > [22m[2mshould fetch and return mods
[22m[39m[API] Fetching: https://gamebanana.com/apiv11/Util/Search/Results?_sSearchString=Test&_nPage=1&_nPerpage=20&_aFilters[Generic_Game]=21179

[90mstdout[2m | tests/unit/gamebanana.test.ts[2m > [22m[2mGameBanana API[2m > [22m[2msearchOnlineMods[2m > [22m[2mshould use cache if available
[22m[39m[API] Cache hit for search

[90mstdout[2m | tests/unit/gamebanana.test.ts[2m > [22m[2mGameBanana API[2m > [22m[2msearchOnlineMods[2m > [22m[2mshould handle API errors
[22m[39m[API] Fetching: https://gamebanana.com/apiv11/Util/Search/Results?_sSearchString=Test&_nPage=1&_nPerpage=20&_aFilters[Generic_Game]=21179

[90mstderr[2m | tests/unit/gamebanana.test.ts[2m > [22m[2mGameBanana API[2m > [22m[2msearchOnlineMods[2m > [22m[2mshould handle API errors
[22m[39m[API] Search failed: 500 - Server Error

[90mstderr[2m | tests/unit/gamebanana.test.ts[2m > [22m[2mGameBanana API[2m > [22m[2msearchOnlineMods[2m > [22m[2mshould handle API errors
[22m[39m[API] Error body: Error

[90mstdout[2m | tests/unit/gamebanana.test.ts[2m > [22m[2mGameBanana API[2m > [22m[2msearchOnlineMods[2m > [22m[2mshould handle category filter
[22m[39m[API] Fetching: https://gamebanana.com/apiv11/Game/21179/Subfeed?_nPage=1&_nPerpage=20&_aModelFilter[]=Mod

[90mstdout[2m | tests/unit/gamebanana.test.ts[2m > [22m[2mGameBanana API[2m > [22m[2msearchBySection[2m > [22m[2mshould construct correct URL for search
[22m[39m[API] Fetching: https://gamebanana.com/apiv11/Util/Search/Results?_sSearchString=Goku&_nPage=1&_nPerpage=20&_aFilters[Generic_Game]=21179&_aFilters[Generic_Category]=10

[90mstdout[2m | tests/unit/gamebanana.test.ts[2m > [22m[2mGameBanana API[2m > [22m[2msearchBySection[2m > [22m[2mshould construct correct URL for browsing (Subfeed)
[22m[39m[API] Fetching: https://gamebanana.com/apiv11/Game/21179/Subfeed?_nPage=2&_nPerpage=20&_aModelFilter[]=Mod&_sSort=new

[90mstdout[2m | tests/unit/gamebanana.test.ts[2m > [22m[2mGameBanana API[2m > [22m[2msearchBySection[2m > [22m[2mshould handle date ranges
[22m[39m[API] Fetching: https://gamebanana.com/apiv11/Game/21179/Subfeed?_nPage=1&_nPerpage=20&_aModelFilter[]=Mod&_aFilters[Generic_DateAdded_Min]=1778678397

[90mstdout[2m | tests/unit/gamebanana.test.ts[2m > [22m[2mGameBanana API[2m > [22m[2mfetchItemData[2m > [22m[2mshould fetch item data
[22m[39m[API] Fetching Item Data: Mod / 1

[90mstdout[2m | tests/unit/gamebanana.test.ts[2m > [22m[2mGameBanana API[2m > [22m[2mfetchItemData[2m > [22m[2mshould fetch item data
[22m[39m[API] Request Info: https://gamebanana.com/apiv11/Mod/1/ProfilePage

[90mstdout[2m | tests/unit/gamebanana.test.ts[2m > [22m[2mGameBanana API[2m > [22m[2mfetchItemData[2m > [22m[2mshould fetch item data
[22m[39m[API] Response Item Data status: undefined

[90mstdout[2m | tests/unit/gamebanana.test.ts[2m > [22m[2mGameBanana API[2m > [22m[2mfetchItemData[2m > [22m[2mshould return null on error
[22m[39m[API] Fetching Item Data: Mod / 1

[90mstdout[2m | tests/unit/gamebanana.test.ts[2m > [22m[2mGameBanana API[2m > [22m[2mfetchItemData[2m > [22m[2mshould return null on error
[22m[39m[API] Request Info: https://gamebanana.com/apiv11/Mod/1/ProfilePage

[90mstdout[2m | tests/unit/gamebanana.test.ts[2m > [22m[2mGameBanana API[2m > [22m[2mfetchItemData[2m > [22m[2mshould return null on error
[22m[39m[API] Response Item Data status: 404

[90mstderr[2m | tests/unit/gamebanana.test.ts[2m > [22m[2mGameBanana API[2m > [22m[2mfetchItemData[2m > [22m[2mshould return null on error
[22m[39m[API] Failed to fetch item data: 404

[90mstdout[2m | tests/unit/gamebanana.test.ts[2m > [22m[2mGameBanana API[2m > [22m[2mfetchAllMods[2m > [22m[2mshould fetch multiple pages
[22m[39m[API] Starting Fetch All Mods (Limit: 2 pages)
[API] Fetching batch 1: Pages 1 - 2

[90mstdout[2m | tests/unit/gamebanana.test.ts[2m > [22m[2mGameBanana API[2m > [22m[2mfetchAllMods[2m > [22m[2mshould fetch multiple pages
[22m[39m[API] Fetching: https://gamebanana.com/apiv11/Game/21179/Subfeed?_nPage=1&_nPerpage=40&_aModelFilter[]=Mod
[API] Fetching: https://gamebanana.com/apiv11/Game/21179/Subfeed?_nPage=2&_nPerpage=40&_aModelFilter[]=Mod

[90mstdout[2m | tests/unit/gamebanana.test.ts[2m > [22m[2mGameBanana API[2m > [22m[2mfetchAllMods[2m > [22m[2mshould fetch multiple pages
[22m[39m[API] Found empty page, stopping fetch.
[API] Fetched total 1 mods.

[90mstdout[2m | tests/unit/gamebanana.test.ts[2m > [22m[2mGameBanana API[2m > [22m[2mfetchNewMods[2m > [22m[2mshould call searchBySection with date sort
[22m[39m[API] Fetching: https://gamebanana.com/apiv11/Game/21179/Subfeed?_nPage=1&_nPerpage=20&_aModelFilter[]=Mod&_sSort=new

[90mstdout[2m | tests/unit/gamebanana.test.ts[2m > [22m[2mGameBanana API[2m > [22m[2mfetchFeaturedMods[2m > [22m[2mshould fetch and sort locally
[22m[39m[API] Fetching: https://gamebanana.com/apiv11/Game/21179/Subfeed?_nPage=1&_nPerpage=40&_aModelFilter[]=Mod

[90mstdout[2m | tests/unit/gamebanana.test.ts[2m > [22m[2mGameBanana API[2m > [22m[2mfetchCategories[2m > [22m[2mshould return categories
[22m[39m[API] Fetching Categories URL: https://gamebanana.com/apiv11/Game/21179/ProfilePage

[90mstdout[2m | tests/unit/gamebanana.test.ts[2m > [22m[2mGameBanana API[2m > [22m[2mfetchCategories[2m > [22m[2mshould return categories
[22m[39m[API] Fetch Categories Status: undefined

[90mstdout[2m | tests/unit/gamebanana.test.ts[2m > [22m[2mGameBanana API[2m > [22m[2mfetchCategories[2m > [22m[2mshould return categories
[22m[39m[API] Fetched Categories: {"_idRow":1,"_sName":"Cat"}

[90mstdout[2m | tests/unit/gamebanana.test.ts[2m > [22m[2mGameBanana API[2m > [22m[2mfetchModProfile[2m > [22m[2mshould return profile data
[22m[39m[API] Fetching Mod Profile ID: 1
[API] Profile URL: https://gamebanana.com/apiv11/Mod/1/ProfilePage

[90mstdout[2m | tests/unit/gamebanana.test.ts[2m > [22m[2mGameBanana API[2m > [22m[2mfetchModProfile[2m > [22m[2mshould return profile data
[22m[39m[API] Mod Profile Status: undefined

[90mstdout[2m | tests/unit/gamebanana.test.ts[2m > [22m[2mGameBanana API[2m > [22m[2mfetchModProfile[2m > [22m[2mshould return profile data
[22m[39m[API] Successfully fetched mod profile for 1

[90mstdout[2m | tests/unit/gamebanana.test.ts[2m > [22m[2mGameBanana API[2m > [22m[2mfetchModProfile[2m > [22m[2mshould return null on error
[22m[39m[API] Fetching Mod Profile ID: 1
[API] Profile URL: https://gamebanana.com/apiv11/Mod/1/ProfilePage

[90mstdout[2m | tests/unit/gamebanana.test.ts[2m > [22m[2mGameBanana API[2m > [22m[2mfetchModProfile[2m > [22m[2mshould return null on error
[22m[39m[API] Mod Profile Status: 404

[90mstderr[2m | tests/unit/gamebanana.test.ts[2m > [22m[2mGameBanana API[2m > [22m[2mfetchModProfile[2m > [22m[2mshould return null on error
[22m[39m[API] Failed to fetch mod profile: 404 - Not Found

[90mstdout[2m | tests/unit/gamebanana.test.ts[2m > [22m[2mGameBanana API[2m > [22m[2mfetchModUpdates[2m > [22m[2mshould return update info
[22m[39m[API] Fetching Mod Updates ID: 1

[90mstdout[2m | tests/unit/gamebanana.test.ts[2m > [22m[2mGameBanana API[2m > [22m[2mfetchModUpdates[2m > [22m[2mshould return update info
[22m[39m[API] Update Info Status: undefined

[90mstdout[2m | tests/unit/gamebanana.test.ts[2m > [22m[2mGameBanana API[2m > [22m[2mfetchModUpdates[2m > [22m[2mshould return update info
[22m[39m[API] Successfully fetched mod updates for 1

[90mstdout[2m | tests/unit/gamebanana.test.ts[2m > [22m[2mGameBanana API[2m > [22m[2mfetchModUpdates[2m > [22m[2mshould return null if empty
[22m[39m[API] Fetching Mod Updates ID: 1

[90mstdout[2m | tests/unit/gamebanana.test.ts[2m > [22m[2mGameBanana API[2m > [22m[2mfetchModUpdates[2m > [22m[2mshould return null if empty
[22m[39m[API] Update Info Status: undefined

[90mstdout[2m | tests/unit/gamebanana.test.ts[2m > [22m[2mGameBanana API[2m > [22m[2mfetchModUpdates[2m > [22m[2mshould return null if empty
[22m[39m[API] No updates found for mod 1

[90mstdout[2m | tests/unit/gamebanana.test.ts[2m > [22m[2mGameBanana API[2m > [22m[2mgetModChangelog[2m > [22m[2mshould return mapped changelog
[22m[39m[API] Successfully fetched changelog for 1

[90mstdout[2m | tests/unit/gamebanana.test.ts[2m > [22m[2mGameBanana API[2m > [22m[2mfetchModDetails[2m > [22m[2mshould return details with images
[22m[39m[API] Fetching Mod Details ID: 1
[API] Fetching Mod Profile ID: 1
[API] Profile URL: https://gamebanana.com/apiv11/Mod/1/ProfilePage

[90mstdout[2m | tests/unit/gamebanana.test.ts[2m > [22m[2mGameBanana API[2m > [22m[2mfetchModDetails[2m > [22m[2mshould return details with images
[22m[39m[API] Mod Profile Status: undefined

[90mstdout[2m | tests/unit/gamebanana.test.ts[2m > [22m[2mGameBanana API[2m > [22m[2mfetchModDetails[2m > [22m[2mshould return details with images
[22m[39m[API] Successfully fetched mod profile for 1

[90mstdout[2m | tests/unit/gamebanana.test.ts[2m > [22m[2mGameBanana API[2m > [22m[2mfetchModDetails[2m > [22m[2mshould return details with images
[22m[39m[API] Found 1 images for 1
[API] Successfully fetched mod details for 1

[90mstdout[2m | tests/unit/gamebanana.test.ts[2m > [22m[2mGameBanana API[2m > [22m[2mfetchModDetails[2m > [22m[2mshould return null if profile fetch fails
[22m[39m[API] Fetching Mod Details ID: 1
[API] Fetching Mod Profile ID: 1
[API] Profile URL: https://gamebanana.com/apiv11/Mod/1/ProfilePage

[90mstderr[2m | tests/unit/gamebanana.test.ts[2m > [22m[2mGameBanana API[2m > [22m[2mfetchModDetails[2m > [22m[2mshould return null if profile fetch fails
[22m[39m[API] Failed to fetch mod profile: undefined - undefined

[90mstdout[2m | tests/unit/gamebanana.test.ts[2m > [22m[2mGameBanana API[2m > [22m[2mfetchModDetails[2m > [22m[2mshould return null if profile fetch fails
[22m[39m[API] Mod Profile Status: undefined

[90mstderr[2m | tests/unit/gamebanana.test.ts[2m > [22m[2mGameBanana API[2m > [22m[2mfetchModDetails[2m > [22m[2mshould return null if profile fetch fails
[22m[39m[API] Mod Profile not found for 1

 [32m✓[39m tests/unit/gamebanana.test.ts [2m([22m[2m20 tests[22m[2m)[22m[32m 35[2mms[22m[39m
[90mstdout[2m | tests/unit/backend-gap.test.ts[2m > [22m[2mModManager Backend Gaps[2m > [22m[2mshould return false if deployMod fails (e.g. mkdir fails)
[22m[39mDeploying mod (Non-destructive): Test

[90mstderr[2m | tests/unit/backend-gap.test.ts[2m > [22m[2mModManager Backend Gaps[2m > [22m[2mshould return false if deployMod fails (e.g. mkdir fails)
[22m[39mDeployment failed Error: mkdir failed
    at [90m/app/[39mtests/unit/backend-gap.test.ts:39:45
    at [90mfile:///app/[39mnode_modules/[4m.pnpm[24m/@vitest+runner@4.0.18/node_modules/[4m@vitest/runner[24m/dist/index.js:145:11
    at [90mfile:///app/[39mnode_modules/[4m.pnpm[24m/@vitest+runner@4.0.18/node_modules/[4m@vitest/runner[24m/dist/index.js:915:26
    at [90mfile:///app/[39mnode_modules/[4m.pnpm[24m/@vitest+runner@4.0.18/node_modules/[4m@vitest/runner[24m/dist/index.js:1243:20
    at new Promise (<anonymous>)
    at runWithTimeout [90m(file:///app/[39mnode_modules/[4m.pnpm[24m/@vitest+runner@4.0.18/node_modules/[4m@vitest/runner[24m/dist/index.js:1209:10[90m)[39m
    at [90mfile:///app/[39mnode_modules/[4m.pnpm[24m/@vitest+runner@4.0.18/node_modules/[4m@vitest/runner[24m/dist/index.js:1653:37
    at Traces.$ [90m(file:///app/[39mnode_modules/[4m.pnpm[24m/vitest@4.0.18_@types+node@24.10.9_happy-dom@20.3.3/node_modules/[4mvitest[24m/dist/chunks/traces.CCmnQaNT.js:142:27[90m)[39m
    at trace [90m(file:///app/[39mnode_modules/[4m.pnpm[24m/vitest@4.0.18_@types+node@24.10.9_happy-dom@20.3.3/node_modules/[4mvitest[24m/dist/chunks/test.B8ej_ZHS.js:239:21[90m)[39m
    at runTest [90m(file:///app/[39mnode_modules/[4m.pnpm[24m/@vitest+runner@4.0.18/node_modules/[4m@vitest/runner[24m/dist/index.js:1653:12[90m)[39m

[90mstdout[2m | tests/unit/backend-gap.test.ts[2m > [22m[2mModManager Backend Gaps[2m > [22m[2mshould handle undeployMod gracefully when deployedFiles is missing
[22m[39mUndeploying mod: undefined

[90mstdout[2m | tests/unit/backend-gap.test.ts[2m > [22m[2mModManager Backend Gaps[2m > [22m[2mshould handle undeployMod error propagation if something catastrophic happens
[22m[39mUndeploying mod: undefined

[90mstderr[2m | tests/unit/backend-gap.test.ts[2m > [22m[2mModManager Backend Gaps[2m > [22m[2mshould handle undeployMod error propagation if something catastrophic happens
[22m[39mFailed to disable UE4SS mod in mods.txt Error: Settings failed
    at [90m/app/[39mtests/unit/backend-gap.test.ts:59:59
    at [90mfile:///app/[39mnode_modules/[4m.pnpm[24m/@vitest+runner@4.0.18/node_modules/[4m@vitest/runner[24m/dist/index.js:145:11
    at [90mfile:///app/[39mnode_modules/[4m.pnpm[24m/@vitest+runner@4.0.18/node_modules/[4m@vitest/runner[24m/dist/index.js:915:26
    at [90mfile:///app/[39mnode_modules/[4m.pnpm[24m/@vitest+runner@4.0.18/node_modules/[4m@vitest/runner[24m/dist/index.js:1243:20
    at new Promise (<anonymous>)
    at runWithTimeout [90m(file:///app/[39mnode_modules/[4m.pnpm[24m/@vitest+runner@4.0.18/node_modules/[4m@vitest/runner[24m/dist/index.js:1209:10[90m)[39m
    at [90mfile:///app/[39mnode_modules/[4m.pnpm[24m/@vitest+runner@4.0.18/node_modules/[4m@vitest/runner[24m/dist/index.js:1653:37
    at Traces.$ [90m(file:///app/[39mnode_modules/[4m.pnpm[24m/vitest@4.0.18_@types+node@24.10.9_happy-dom@20.3.3/node_modules/[4mvitest[24m/dist/chunks/traces.CCmnQaNT.js:142:27[90m)[39m
    at trace [90m(file:///app/[39mnode_modules/[4m.pnpm[24m/vitest@4.0.18_@types+node@24.10.9_happy-dom@20.3.3/node_modules/[4mvitest[24m/dist/chunks/test.B8ej_ZHS.js:239:21[90m)[39m
    at runTest [90m(file:///app/[39mnode_modules/[4m.pnpm[24m/@vitest+runner@4.0.18/node_modules/[4m@vitest/runner[24m/dist/index.js:1653:12[90m)[39m

[90mstdout[2m | tests/unit/backend-gap.test.ts[2m > [22m[2mModManager Backend Gaps[2m > [22m[2mshould return null if getModDetails fails
[22m[39m[ModManager] Getting details for gameBananaId: 123

[90mstderr[2m | tests/unit/backend-gap.test.ts[2m > [22m[2mModManager Backend Gaps[2m > [22m[2mshould return null if getModDetails fails
[22m[39m[ModManager] Error in getModDetails for gameBananaId: 123 Error: Fetch failed
    at [90m/app/[39mtests/unit/backend-gap.test.ts:73:59
    at [90mfile:///app/[39mnode_modules/[4m.pnpm[24m/@vitest+runner@4.0.18/node_modules/[4m@vitest/runner[24m/dist/index.js:145:11
    at [90mfile:///app/[39mnode_modules/[4m.pnpm[24m/@vitest+runner@4.0.18/node_modules/[4m@vitest/runner[24m/dist/index.js:915:26
    at [90mfile:///app/[39mnode_modules/[4m.pnpm[24m/@vitest+runner@4.0.18/node_modules/[4m@vitest/runner[24m/dist/index.js:1243:20
    at new Promise (<anonymous>)
    at runWithTimeout [90m(file:///app/[39mnode_modules/[4m.pnpm[24m/@vitest+runner@4.0.18/node_modules/[4m@vitest/runner[24m/dist/index.js:1209:10[90m)[39m
    at [90mfile:///app/[39mnode_modules/[4m.pnpm[24m/@vitest+runner@4.0.18/node_modules/[4m@vitest/runner[24m/dist/index.js:1653:37
    at Traces.$ [90m(file:///app/[39mnode_modules/[4m.pnpm[24m/vitest@4.0.18_@types+node@24.10.9_happy-dom@20.3.3/node_modules/[4mvitest[24m/dist/chunks/traces.CCmnQaNT.js:142:27[90m)[39m
    at trace [90m(file:///app/[39mnode_modules/[4m.pnpm[24m/vitest@4.0.18_@types+node@24.10.9_happy-dom@20.3.3/node_modules/[4mvitest[24m/dist/chunks/test.B8ej_ZHS.js:239:21[90m)[39m
    at runTest [90m(file:///app/[39mnode_modules/[4m.pnpm[24m/@vitest+runner@4.0.18/node_modules/[4m@vitest/runner[24m/dist/index.js:1653:12[90m)[39m

[90mstderr[2m | tests/unit/backend-gap.test.ts[2m > [22m[2mModManager Backend Gaps[2m > [22m[2mshould return false if setModPriority fails
[22m[39mError: Path failed
    at [90m/app/[39mtests/unit/backend-gap.test.ts:79:63
    at [90mfile:///app/[39mnode_modules/[4m.pnpm[24m/@vitest+runner@4.0.18/node_modules/[4m@vitest/runner[24m/dist/index.js:145:11
    at [90mfile:///app/[39mnode_modules/[4m.pnpm[24m/@vitest+runner@4.0.18/node_modules/[4m@vitest/runner[24m/dist/index.js:915:26
    at [90mfile:///app/[39mnode_modules/[4m.pnpm[24m/@vitest+runner@4.0.18/node_modules/[4m@vitest/runner[24m/dist/index.js:1243:20
    at new Promise (<anonymous>)
    at runWithTimeout [90m(file:///app/[39mnode_modules/[4m.pnpm[24m/@vitest+runner@4.0.18/node_modules/[4m@vitest/runner[24m/dist/index.js:1209:10[90m)[39m
    at [90mfile:///app/[39mnode_modules/[4m.pnpm[24m/@vitest+runner@4.0.18/node_modules/[4m@vitest/runner[24m/dist/index.js:1653:37
    at Traces.$ [90m(file:///app/[39mnode_modules/[4m.pnpm[24m/vitest@4.0.18_@types+node@24.10.9_happy-dom@20.3.3/node_modules/[4mvitest[24m/dist/chunks/traces.CCmnQaNT.js:142:27[90m)[39m
    at trace [90m(file:///app/[39mnode_modules/[4m.pnpm[24m/vitest@4.0.18_@types+node@24.10.9_happy-dom@20.3.3/node_modules/[4mvitest[24m/dist/chunks/test.B8ej_ZHS.js:239:21[90m)[39m
    at runTest [90m(file:///app/[39mnode_modules/[4m.pnpm[24m/@vitest+runner@4.0.18/node_modules/[4m@vitest/runner[24m/dist/index.js:1653:12[90m)[39m

 [32m✓[39m tests/unit/backend-gap.test.ts [2m([22m[2m6 tests[22m[2m)[22m[32m 26[2mms[22m[39m
[90mstderr[2m | tests/unit/cloud-sync.test.ts[2m > [22m[2mCloud Sync (Export / Import)[2m > [22m[2mshould handle export failures gracefully
[22m[39mExport failed: Error: path error
    at [90m/app/[39mtests/unit/cloud-sync.test.ts:62:76
    at [90mfile:///app/[39mnode_modules/[4m.pnpm[24m/@vitest+runner@4.0.18/node_modules/[4m@vitest/runner[24m/dist/index.js:145:11
    at [90mfile:///app/[39mnode_modules/[4m.pnpm[24m/@vitest+runner@4.0.18/node_modules/[4m@vitest/runner[24m/dist/index.js:915:26
    at [90mfile:///app/[39mnode_modules/[4m.pnpm[24m/@vitest+runner@4.0.18/node_modules/[4m@vitest/runner[24m/dist/index.js:1243:20
    at new Promise (<anonymous>)
    at runWithTimeout [90m(file:///app/[39mnode_modules/[4m.pnpm[24m/@vitest+runner@4.0.18/node_modules/[4m@vitest/runner[24m/dist/index.js:1209:10[90m)[39m
    at [90mfile:///app/[39mnode_modules/[4m.pnpm[24m/@vitest+runner@4.0.18/node_modules/[4m@vitest/runner[24m/dist/index.js:1653:37
    at Traces.$ [90m(file:///app/[39mnode_modules/[4m.pnpm[24m/vitest@4.0.18_@types+node@24.10.9_happy-dom@20.3.3/node_modules/[4mvitest[24m/dist/chunks/traces.CCmnQaNT.js:142:27[90m)[39m
    at trace [90m(file:///app/[39mnode_modules/[4m.pnpm[24m/vitest@4.0.18_@types+node@24.10.9_happy-dom@20.3.3/node_modules/[4mvitest[24m/dist/chunks/test.B8ej_ZHS.js:239:21[90m)[39m
    at runTest [90m(file:///app/[39mnode_modules/[4m.pnpm[24m/@vitest+runner@4.0.18/node_modules/[4m@vitest/runner[24m/dist/index.js:1653:12[90m)[39m

[90mstderr[2m | tests/unit/cloud-sync.test.ts[2m > [22m[2mCloud Sync (Export / Import)[2m > [22m[2mshould handle import extraction failure
[22m[39mImport failed: Error: extract fail
    at new <anonymous> [90m(/app/[39mtests/unit/cloud-sync.test.ts:83:15[90m)[39m
    at new Mock [90m(file:///app/[39mnode_modules/[4m.pnpm[24m/@vitest+spy@4.0.18/node_modules/[4m@vitest/spy[24m/dist/index.js:262:27[90m)[39m
    at ModManager.importCloudSync [90m(/app/[39melectron/mod-manager.ts:1291:25[90m)[39m
    at [90m/app/[39mtests/unit/cloud-sync.test.ts:85:37
    at [90mfile:///app/[39mnode_modules/[4m.pnpm[24m/@vitest+runner@4.0.18/node_modules/[4m@vitest/runner[24m/dist/index.js:145:11
    at [90mfile:///app/[39mnode_modules/[4m.pnpm[24m/@vitest+runner@4.0.18/node_modules/[4m@vitest/runner[24m/dist/index.js:915:26
    at [90mfile:///app/[39mnode_modules/[4m.pnpm[24m/@vitest+runner@4.0.18/node_modules/[4m@vitest/runner[24m/dist/index.js:1243:20
    at new Promise (<anonymous>)
    at runWithTimeout [90m(file:///app/[39mnode_modules/[4m.pnpm[24m/@vitest+runner@4.0.18/node_modules/[4m@vitest/runner[24m/dist/index.js:1209:10[90m)[39m
    at [90mfile:///app/[39mnode_modules/[4m.pnpm[24m/@vitest+runner@4.0.18/node_modules/[4m@vitest/runner[24m/dist/index.js:1653:37

 [32m✓[39m tests/unit/cloud-sync.test.ts [2m([22m[2m4 tests[22m[2m)[22m[32m 39[2mms[22m[39m
[90mstdout[2m | tests/unit/coverage-backend-extended.test.ts[2m > [22m[2mModManager Edge Cases Extended[2m > [22m[2minstallOnlineMod[2m > [22m[2mshould use default values if profile data missing
[22m[39mInstalling mod: 123

[90mstderr[2m | tests/unit/coverage-backend-extended.test.ts[2m > [22m[2mModManager Edge Cases Extended[2m > [22m[2mfinalizeUpdate[2m > [22m[2mshould handle extraction errors
[22m[39mError: Zip Error
    at Object.<anonymous> [90m(/app/[39mtests/unit/coverage-backend-extended.test.ts:150:78[90m)[39m
    at Object.Mock [as extractAllToAsync] [90m(file:///app/[39mnode_modules/[4m.pnpm[24m/@vitest+spy@4.0.18/node_modules/[4m@vitest/spy[24m/dist/index.js:285:34[90m)[39m
    at [90m/app/[39melectron/mod-manager.ts:416:17
    at new Promise (<anonymous>)
    at ModManager.extractZip [90m(/app/[39melectron/mod-manager.ts:415:16[90m)[39m
[90m    at processTicksAndRejections (node:internal/process/task_queues:103:5)[39m
    at ModManager.finalizeUpdate [90m(/app/[39melectron/mod-manager.ts:912:13[90m)[39m
    at [90m/app/[39mtests/unit/coverage-backend-extended.test.ts:156:26
    at [90mfile:///app/[39mnode_modules/[4m.pnpm[24m/@vitest+runner@4.0.18/node_modules/[4m@vitest/runner[24m/dist/index.js:915:20

 [32m✓[39m tests/unit/coverage-backend-extended.test.ts [2m([22m[2m5 tests[22m[2m)[22m[32m 28[2mms[22m[39m
[90mstdout[2m | tests/unit/mod-manager-strict.test.ts[2m > [22m[2mModManager Strict Coverage[2m > [22m[2mlaunchGame[2m > [22m[2mshould handle launchArgs with empty strings
[22m[39mLaunching game with 0 mods enabled
Launching game at: /game.exe

[90mstdout[2m | tests/unit/mod-manager-strict.test.ts[2m > [22m[2mModManager Strict Coverage[2m > [22m[2mlaunchGame[2m > [22m[2mshould succeed if game path is directory and binary exe exists
[22m[39mLaunching game with 0 mods enabled
Launching game at: /dir/SparkingZERO/Binaries/Win64/SparkingZERO-Win64-Shipping.exe

[90mstdout[2m | tests/unit/mod-manager-strict.test.ts[2m > [22m[2mModManager Strict Coverage[2m > [22m[2minstallUE4SS[2m > [22m[2mshould handle extraction failure
[22m[39mInstalling UE4SS...

[90mstderr[2m | tests/unit/mod-manager-strict.test.ts[2m > [22m[2mModManager Strict Coverage[2m > [22m[2minstallUE4SS[2m > [22m[2mshould handle extraction failure
[22m[39mError: Copy Fail
    at [90m/app/[39mtests/unit/mod-manager-strict.test.ts:126:42
[90m    at processTicksAndRejections (node:internal/process/task_queues:103:5)[39m
    at [90mfile:///app/[39mnode_modules/[4m.pnpm[24m/@vitest+runner@4.0.18/node_modules/[4m@vitest/runner[24m/dist/index.js:915:20

[90mstdout[2m | tests/unit/mod-manager-strict.test.ts[2m > [22m[2mModManager Strict Coverage[2m > [22m[2minstallUE4SS[2m > [22m[2mshould handle clean up failure gracefully
[22m[39mInstalling UE4SS...

[90mstderr[2m | tests/unit/mod-manager-strict.test.ts[2m > [22m[2mModManager Strict Coverage[2m > [22m[2minstallUE4SS[2m > [22m[2mshould handle clean up failure gracefully
[22m[39mError: Unlink Fail
    at [90m/app/[39mtests/unit/mod-manager-strict.test.ts:149:46
[90m    at processTicksAndRejections (node:internal/process/task_queues:103:5)[39m
    at [90mfile:///app/[39mnode_modules/[4m.pnpm[24m/@vitest+runner@4.0.18/node_modules/[4m@vitest/runner[24m/dist/index.js:915:20

 [32m✓[39m tests/unit/mod-manager-strict.test.ts [2m([22m[2m5 tests[22m[2m)[22m[32m 27[2mms[22m[39m
 [32m✓[39m tests/unit/rate-limit.test.ts [2m([22m[2m1 test[22m[2m)[22m[32m 19[2mms[22m[39m
[90mstdout[2m | tests/unit/coverage-sweeper-final.test.tsx[2m > [22m[2mAPICache remaining coverage[2m > [22m[2mshould evict nothing if keys are somehow undefined
[22m[39m[Cache] Set key: test2 with TTL: 100ms

[90mstdout[2m | tests/unit/coverage-sweeper-final.test.tsx[2m > [22m[2mAPICache remaining coverage[2m > [22m[2mshould catch error in setPersistent execution
[22m[39m[Cache] Set key: test with TTL: 100ms

[90mstdout[2m | tests/unit/coverage-sweeper-final.test.tsx[2m > [22m[2mAPICache remaining coverage[2m > [22m[2mshould catch error in setPersistent execution
[22m[39m[Cache] No persistent cache found, starting fresh

[90mstdout[2m | tests/unit/coverage-sweeper-final.test.tsx[2m > [22m[2mAPICache remaining coverage[2m > [22m[2mshould catch error in setPersistent execution
[22m[39m[Cache] No persistent cache found, starting fresh

 [32m✓[39m tests/unit/coverage-sweeper-final.test.tsx [2m([22m[2m2 tests[22m[2m)[22m[32m 28[2mms[22m[39m
[90mstdout[2m | tests/unit/gamebanana-extra.test.ts[2m > [22m[2mGameBanana Extra Coverage[2m > [22m[2mfetchItemData should return null on fetch error
[22m[39m[API] Fetching Item Data: Mod / 1

[90mstdout[2m | tests/unit/gamebanana-extra.test.ts[2m > [22m[2mGameBanana Extra Coverage[2m > [22m[2mfetchItemData should return null on fetch error
[22m[39m[Cache] Loaded 1 entries from disk

[90mstdout[2m | tests/unit/gamebanana-extra.test.ts[2m > [22m[2mGameBanana Extra Coverage[2m > [22m[2mfetchItemData should return null on fetch error
[22m[39m[Cache] Miss for key: item_Mod_1_

[90mstdout[2m | tests/unit/gamebanana-extra.test.ts[2m > [22m[2mGameBanana Extra Coverage[2m > [22m[2mfetchItemData should return null on fetch error
[22m[39m[API] Request Info: https://gamebanana.com/apiv11/Mod/1/ProfilePage

[90mstderr[2m | tests/unit/gamebanana-extra.test.ts[2m > [22m[2mGameBanana Extra Coverage[2m > [22m[2mfetchItemData should return null on fetch error
[22m[39mError fetching item data: Error: Network
    at [90m/app/[39mtests/unit/gamebanana-extra.test.ts:38:50
    at [90mfile:///app/[39mnode_modules/[4m.pnpm[24m/@vitest+runner@4.0.18/node_modules/[4m@vitest/runner[24m/dist/index.js:145:11
    at [90mfile:///app/[39mnode_modules/[4m.pnpm[24m/@vitest+runner@4.0.18/node_modules/[4m@vitest/runner[24m/dist/index.js:915:26
    at [90mfile:///app/[39mnode_modules/[4m.pnpm[24m/@vitest+runner@4.0.18/node_modules/[4m@vitest/runner[24m/dist/index.js:1243:20
    at new Promise (<anonymous>)
    at runWithTimeout [90m(file:///app/[39mnode_modules/[4m.pnpm[24m/@vitest+runner@4.0.18/node_modules/[4m@vitest/runner[24m/dist/index.js:1209:10[90m)[39m
    at [90mfile:///app/[39mnode_modules/[4m.pnpm[24m/@vitest+runner@4.0.18/node_modules/[4m@vitest/runner[24m/dist/index.js:1653:37
    at Traces.$ [90m(file:///app/[39mnode_modules/[4m.pnpm[24m/vitest@4.0.18_@types+node@24.10.9_happy-dom@20.3.3/node_modules/[4mvitest[24m/dist/chunks/traces.CCmnQaNT.js:142:27[90m)[39m
    at trace [90m(file:///app/[39mnode_modules/[4m.pnpm[24m/vitest@4.0.18_@types+node@24.10.9_happy-dom@20.3.3/node_modules/[4mvitest[24m/dist/chunks/test.B8ej_ZHS.js:239:21[90m)[39m
    at runTest [90m(file:///app/[39mnode_modules/[4m.pnpm[24m/@vitest+runner@4.0.18/node_modules/[4m@vitest/runner[24m/dist/index.js:1653:12[90m)[39m

[90mstdout[2m | tests/unit/gamebanana-extra.test.ts[2m > [22m[2mGameBanana Extra Coverage[2m > [22m[2mfetchItemData should return null on non-ok response
[22m[39m[API] Fetching Item Data: Mod / 1

[90mstdout[2m | tests/unit/gamebanana-extra.test.ts[2m > [22m[2mGameBanana Extra Coverage[2m > [22m[2mfetchItemData should return null on non-ok response
[22m[39m[Cache] Miss for key: item_Mod_1_

[90mstdout[2m | tests/unit/gamebanana-extra.test.ts[2m > [22m[2mGameBanana Extra Coverage[2m > [22m[2mfetchItemData should return null on non-ok response
[22m[39m[API] Request Info: https://gamebanana.com/apiv11/Mod/1/ProfilePage

[90mstderr[2m | tests/unit/gamebanana-extra.test.ts[2m > [22m[2mGameBanana Extra Coverage[2m > [22m[2mfetchItemData should return null on non-ok response
[22m[39m[API] Failed to fetch item data: 404

[90mstdout[2m | tests/unit/gamebanana-extra.test.ts[2m > [22m[2mGameBanana Extra Coverage[2m > [22m[2mfetchItemData should return null on non-ok response
[22m[39m[API] Response Item Data status: 404

[90mstdout[2m | tests/unit/gamebanana-extra.test.ts[2m > [22m[2mGameBanana Extra Coverage[2m > [22m[2mfetchAllMods should handle fetch error gracefully
[22m[39m[API] Starting Fetch All Mods (Limit: 1 pages)
[API] Fetching batch 1: Pages 1 - 1

[90mstdout[2m | tests/unit/gamebanana-extra.test.ts[2m > [22m[2mGameBanana Extra Coverage[2m > [22m[2mfetchAllMods should handle fetch error gracefully
[22m[39m[API] Fetching: https://gamebanana.com/apiv11/Game/1/Subfeed?_nPage=1&_nPerpage=40&_aModelFilter[]=Mod

[90mstderr[2m | tests/unit/gamebanana-extra.test.ts[2m > [22m[2mGameBanana Extra Coverage[2m > [22m[2mfetchAllMods should handle fetch error gracefully
[22m[39m[API] Failed to fetch page 1 Error: Network
    at [90m/app/[39mtests/unit/gamebanana-extra.test.ts:53:50
    at [90mfile:///app/[39mnode_modules/[4m.pnpm[24m/@vitest+runner@4.0.18/node_modules/[4m@vitest/runner[24m/dist/index.js:145:11
    at [90mfile:///app/[39mnode_modules/[4m.pnpm[24m/@vitest+runner@4.0.18/node_modules/[4m@vitest/runner[24m/dist/index.js:915:26
    at [90mfile:///app/[39mnode_modules/[4m.pnpm[24m/@vitest+runner@4.0.18/node_modules/[4m@vitest/runner[24m/dist/index.js:1243:20
    at new Promise (<anonymous>)
    at runWithTimeout [90m(file:///app/[39mnode_modules/[4m.pnpm[24m/@vitest+runner@4.0.18/node_modules/[4m@vitest/runner[24m/dist/index.js:1209:10[90m)[39m
    at [90mfile:///app/[39mnode_modules/[4m.pnpm[24m/@vitest+runner@4.0.18/node_modules/[4m@vitest/runner[24m/dist/index.js:1653:37
    at Traces.$ [90m(file:///app/[39mnode_modules/[4m.pnpm[24m/vitest@4.0.18_@types+node@24.10.9_happy-dom@20.3.3/node_modules/[4mvitest[24m/dist/chunks/traces.CCmnQaNT.js:142:27[90m)[39m
    at trace [90m(file:///app/[39mnode_modules/[4m.pnpm[24m/vitest@4.0.18_@types+node@24.10.9_happy-dom@20.3.3/node_modules/[4mvitest[24m/dist/chunks/test.B8ej_ZHS.js:239:21[90m)[39m
    at runTest [90m(file:///app/[39mnode_modules/[4m.pnpm[24m/@vitest+runner@4.0.18/node_modules/[4m@vitest/runner[24m/dist/index.js:1653:12[90m)[39m

[90mstdout[2m | tests/unit/gamebanana-extra.test.ts[2m > [22m[2mGameBanana Extra Coverage[2m > [22m[2mfetchAllMods should handle fetch error gracefully
[22m[39m[API] Found empty page, stopping fetch.
[API] Fetched total 0 mods.

[90mstdout[2m | tests/unit/gamebanana-extra.test.ts[2m > [22m[2mGameBanana Extra Coverage[2m > [22m[2mfetchAllMods should handle non-ok response
[22m[39m[API] Starting Fetch All Mods (Limit: 1 pages)
[API] Fetching batch 1: Pages 1 - 1

[90mstdout[2m | tests/unit/gamebanana-extra.test.ts[2m > [22m[2mGameBanana Extra Coverage[2m > [22m[2mfetchAllMods should handle non-ok response
[22m[39m[API] Fetching: https://gamebanana.com/apiv11/Game/1/Subfeed?_nPage=1&_nPerpage=40&_aModelFilter[]=Mod

[90mstdout[2m | tests/unit/gamebanana-extra.test.ts[2m > [22m[2mGameBanana Extra Coverage[2m > [22m[2mfetchAllMods should handle non-ok response
[22m[39m[API] Found empty page, stopping fetch.
[API] Fetched total 0 mods.

[90mstdout[2m | tests/unit/gamebanana-extra.test.ts[2m > [22m[2mGameBanana Extra Coverage[2m > [22m[2mfetchFeaturedMods should handle error gracefully
[22m[39m[Cache] Hit (memory) for key: featured_21179

 [32m✓[39m tests/unit/gamebanana-extra.test.ts [2m([22m[2m5 tests[22m[2m)[22m[32m 21[2mms[22m[39m
[90mstdout[2m | tests/unit/backend-coverage-fill.test.ts[2m > [22m[2mBackend Coverage Fill[2m > [22m[2mModManager - Deploy Mod[2m > [22m[2mshould handle internal loop error in deployModFiles
[22m[39mDeploying mod (Non-destructive): Test

[90mstdout[2m | tests/unit/backend-coverage-fill.test.ts[2m > [22m[2mBackend Coverage Fill[2m > [22m[2mModManager - Install Online/Uninstall Gaps[2m > [22m[2mshould handle installOnlineMod failure when profile fetch fails
[22m[39mInstalling mod: 1

[90mstdout[2m | tests/unit/backend-coverage-fill.test.ts[2m > [22m[2mBackend Coverage Fill[2m > [22m[2mModManager - Install Online/Uninstall Gaps[2m > [22m[2mshould handle getModChangelog error
[22m[39m[ModManager] Getting changelog for modId: invalid-id

 [32m✓[39m tests/unit/backend-coverage-fill.test.ts [2m([22m[2m8 tests[22m[2m)[22m[32m 42[2mms[22m[39m
[90mstdout[2m | tests/unit/github.test.ts[2m > [22m[2mGitHub API[2m > [22m[2mshould fetch latest release and find UE4SS zip
[22m[39m[GitHub] Fetching latest release for owner/repo

[90mstdout[2m | tests/unit/final-coverage-mod-manager.test.ts[2m > [22m[2mModManager Final Coverage[2m > [22m[2mshould log error when launchGame fails via execFile
[22m[39mLaunching game with 0 mods enabled
Launching game at: /game/exe.exe

[90mstdout[2m | tests/unit/github.test.ts[2m > [22m[2mGitHub API[2m > [22m[2mshould fetch latest release and find UE4SS zip
[22m[39m[GitHub] Found asset: zUE4SS_v3.0.0.zip

[90mstdout[2m | tests/unit/github.test.ts[2m > [22m[2mGitHub API[2m > [22m[2mshould fallback to first zip if no UE4SS zip found
[22m[39m[GitHub] Fetching latest release for owner/repo

[90mstdout[2m | tests/unit/github.test.ts[2m > [22m[2mGitHub API[2m > [22m[2mshould fallback to first zip if no UE4SS zip found
[22m[39m[GitHub] Found asset: release.zip

[90mstdout[2m | tests/unit/github.test.ts[2m > [22m[2mGitHub API[2m > [22m[2mshould return null if fetch fails
[22m[39m[GitHub] Fetching latest release for owner/repo

[90mstderr[2m | tests/unit/github.test.ts[2m > [22m[2mGitHub API[2m > [22m[2mshould return null if fetch fails
[22m[39m[GitHub] Failed to fetch release: 404 Not Found

[90mstdout[2m | tests/unit/github.test.ts[2m > [22m[2mGitHub API[2m > [22m[2mshould return null if no assets found
[22m[39m[GitHub] Fetching latest release for owner/repo

[90mstderr[2m | tests/unit/github.test.ts[2m > [22m[2mGitHub API[2m > [22m[2mshould return null if no assets found
[22m[39m[GitHub] No assets found in release

[90mstdout[2m | tests/unit/github.test.ts[2m > [22m[2mGitHub API[2m > [22m[2mshould return null if no suitable zip found
[22m[39m[GitHub] Fetching latest release for owner/repo

[90mstderr[2m | tests/unit/github.test.ts[2m > [22m[2mGitHub API[2m > [22m[2mshould return null if no suitable zip found
[22m[39m[GitHub] No suitable asset found

[90mstdout[2m | tests/unit/github.test.ts[2m > [22m[2mGitHub API[2m > [22m[2mshould return null on exception
[22m[39m[GitHub] Fetching latest release for owner/repo

[90mstderr[2m | tests/unit/github.test.ts[2m > [22m[2mGitHub API[2m > [22m[2mshould return null on exception
[22m[39m[GitHub] Error fetching release: Error: Network Error
    at [90m/app/[39mtests/unit/github.test.ts:69:49
    at [90mfile:///app/[39mnode_modules/[4m.pnpm[24m/@vitest+runner@4.0.18/node_modules/[4m@vitest/runner[24m/dist/index.js:145:11
    at [90mfile:///app/[39mnode_modules/[4m.pnpm[24m/@vitest+runner@4.0.18/node_modules/[4m@vitest/runner[24m/dist/index.js:915:26
    at [90mfile:///app/[39mnode_modules/[4m.pnpm[24m/@vitest+runner@4.0.18/node_modules/[4m@vitest/runner[24m/dist/index.js:1243:20
    at new Promise (<anonymous>)
    at runWithTimeout [90m(file:///app/[39mnode_modules/[4m.pnpm[24m/@vitest+runner@4.0.18/node_modules/[4m@vitest/runner[24m/dist/index.js:1209:10[90m)[39m
    at [90mfile:///app/[39mnode_modules/[4m.pnpm[24m/@vitest+runner@4.0.18/node_modules/[4m@vitest/runner[24m/dist/index.js:1653:37
    at Traces.$ [90m(file:///app/[39mnode_modules/[4m.pnpm[24m/vitest@4.0.18_@types+node@24.10.9_happy-dom@20.3.3/node_modules/[4mvitest[24m/dist/chunks/traces.CCmnQaNT.js:142:27[90m)[39m
    at trace [90m(file:///app/[39mnode_modules/[4m.pnpm[24m/vitest@4.0.18_@types+node@24.10.9_happy-dom@20.3.3/node_modules/[4mvitest[24m/dist/chunks/test.B8ej_ZHS.js:239:21[90m)[39m
    at runTest [90m(file:///app/[39mnode_modules/[4m.pnpm[24m/@vitest+runner@4.0.18/node_modules/[4m@vitest/runner[24m/dist/index.js:1653:12[90m)[39m

 [32m✓[39m tests/unit/github.test.ts [2m([22m[2m6 tests[22m[2m)[22m[32m 33[2mms[22m[39m
 [32m✓[39m tests/unit/final-coverage-mod-manager.test.ts [2m([22m[2m4 tests[22m[2m)[22m[32m 14[2mms[22m[39m
[90mstdout[2m | tests/unit/simulation-installer.test.ts[2m > [22m[2mFull Installer Lifecycle Simulation[2m > [22m[2mshould complete a full install, launch, and uninstall cycle
[22m[39mDeploying mod (Non-destructive): MyMod

[90mstdout[2m | tests/unit/simulation-installer.test.ts[2m > [22m[2mFull Installer Lifecycle Simulation[2m > [22m[2mshould complete a full install, launch, and uninstall cycle
[22m[39mLaunching game with 1 mods enabled
Launching game at: /game/SparkingZERO.exe

[90mstdout[2m | tests/unit/simulation-installer.test.ts[2m > [22m[2mFull Installer Lifecycle Simulation[2m > [22m[2mshould complete a full install, launch, and uninstall cycle
[22m[39mUndeploying mod: MyMod

[90mstdout[2m | tests/unit/simulation-installer.test.ts[2m > [22m[2mFull Installer Lifecycle Simulation[2m > [22m[2mshould complete a full install, launch, and uninstall cycle
[22m[39mDeploying mod (Non-destructive): MyMod

[90mstdout[2m | tests/unit/simulation-installer.test.ts[2m > [22m[2mFull Installer Lifecycle Simulation[2m > [22m[2mshould complete a full install, launch, and uninstall cycle
[22m[39mUndeploying mod: MyMod

[90mstdout[2m | tests/unit/simulation-installer.test.ts[2m > [22m[2mFull Installer Lifecycle Simulation[2m > [22m[2mshould install and manage UE4SS correctly
[22m[39mInstalling UE4SS...

 [32m✓[39m tests/unit/simulation-installer.test.ts [2m([22m[2m2 tests[22m[2m)[22m[32m 24[2mms[22m[39m
[90mstdout[2m | tests/unit/mod-manager-final-gaps.test.ts[2m > [22m[2mModManager Final Gaps[2m > [22m[2mshould fallback to copyFile when fs.link fails with EXDEV
[22m[39mDeploying mod (Non-destructive): TestMod

[90mstdout[2m | tests/unit/mod-manager-final-gaps.test.ts[2m > [22m[2mModManager Final Gaps[2m > [22m[2mshould fallback to copyFile when fs.link fails with EXDEV
[22m[39m[Deploy] Linking failed, falling back to copy for: file.pak

[90mstdout[2m | tests/unit/mod-manager-final-gaps.test.ts[2m > [22m[2mModManager Final Gaps[2m > [22m[2mshould fallback to copyFile when fs.link fails with EPERM
[22m[39mDeploying mod (Non-destructive): TestMod

[90mstdout[2m | tests/unit/mod-manager-final-gaps.test.ts[2m > [22m[2mModManager Final Gaps[2m > [22m[2mshould fallback to copyFile when fs.link fails with EPERM
[22m[39m[Deploy] Linking failed, falling back to copy for: file.pak

[90mstdout[2m | tests/unit/mod-manager-final-gaps.test.ts[2m > [22m[2mModManager Final Gaps[2m > [22m[2mshould fail deployment if copyFile also fails
[22m[39mDeploying mod (Non-destructive): TestMod

[90mstdout[2m | tests/unit/mod-manager-final-gaps.test.ts[2m > [22m[2mModManager Final Gaps[2m > [22m[2mshould fail deployment if copyFile also fails
[22m[39m[Deploy] Linking failed, falling back to copy for: file.pak

[90mstdout[2m | tests/unit/final-gaps-v3.test.ts[2m > [22m[2mModManager Final Gaps V3[2m > [22m[2mlaunchGame[2m > [22m[2mshould split launch arguments correctly
[22m[39mLaunching game with 0 mods enabled
Launching game at: /game/exe.exe

[90mstdout[2m | tests/unit/mod-manager-final-gaps.test.ts[2m > [22m[2mModManager Final Gaps[2m > [22m[2mshould correctly resolve game path when given a deep nested exe
[22m[39mDeploying mod (Non-destructive): TestMod

[90mstdout[2m | tests/unit/final-gaps-v3.test.ts[2m > [22m[2mModManager Final Gaps V3[2m > [22m[2mlaunchGame[2m > [22m[2mshould handle missing launch arguments
[22m[39mLaunching game with 0 mods enabled
Launching game at: /game/exe.exe

[90mstdout[2m | tests/unit/mod-manager-final-gaps.test.ts[2m > [22m[2mModManager Final Gaps[2m > [22m[2mshould fallback to downloadFile in installUE4SS if downloadManager is missing
[22m[39mInstalling UE4SS...

[90mstdout[2m | tests/unit/final-gaps-v3.test.ts[2m > [22m[2mModManager Final Gaps V3[2m > [22m[2mlaunchGame[2m > [22m[2mshould handle execution error in callback
[22m[39mLaunching game with 0 mods enabled
Launching game at: /game/exe.exe

[90mstdout[2m | tests/unit/final-gaps-v3.test.ts[2m > [22m[2mModManager Final Gaps V3[2m > [22m[2mdeployMod[2m > [22m[2mshould return false if game path not set
[22m[39mDeploying mod (Non-destructive): Mod

[90mstdout[2m | tests/unit/final-gaps-v3.test.ts[2m > [22m[2mModManager Final Gaps V3[2m > [22m[2minstallUE4SS[2m > [22m[2mshould return failure if game path not set
[22m[39mInstalling UE4SS...

 [32m✓[39m tests/unit/mod-manager-final-gaps.test.ts [2m([22m[2m7 tests[22m[2m)[22m[32m 30[2mms[22m[39m
 [32m✓[39m tests/unit/final-gaps-v3.test.ts [2m([22m[2m5 tests[22m[2m)[22m[32m 20[2mms[22m[39m
[90mstdout[2m | tests/unit/mod-manager-launch.test.ts[2m > [22m[2mModManager Launch Gaps[2m > [22m[2mshould launch game without launch arguments
[22m[39mLaunching game with 0 mods enabled
Launching game at: /game.exe

[90mstdout[2m | tests/unit/mod-manager-launch.test.ts[2m > [22m[2mModManager Launch Gaps[2m > [22m[2mshould handle execution error in callback
[22m[39mLaunching game with 0 mods enabled
Launching game at: /game/exe.exe

 [32m✓[39m tests/unit/mod-manager-launch.test.ts [2m([22m[2m2 tests[22m[2m)[22m[32m 16[2mms[22m[39m
[90mstdout[2m | tests/unit/final-push-backend.test.ts[2m > [22m[2mFinal Push Backend[2m > [22m[2mPriority Normalization[2m > [22m[2mshould normalize non-sequential priorities
[22m[39m[ModManager] Fixed/Normalized mod priorities.
[ModManager] Redeploying 2 mods due to priority fix...
Undeploying mod: A

[90mstdout[2m | tests/unit/final-push-backend.test.ts[2m > [22m[2mFinal Push Backend[2m > [22m[2mPriority Normalization[2m > [22m[2mshould normalize non-sequential priorities
[22m[39mDeploying mod (Non-destructive): A

[90mstdout[2m | tests/unit/final-push-backend.test.ts[2m > [22m[2mFinal Push Backend[2m > [22m[2mPriority Normalization[2m > [22m[2mshould normalize non-sequential priorities
[22m[39mUndeploying mod: B

[90mstdout[2m | tests/unit/final-push-backend.test.ts[2m > [22m[2mFinal Push Backend[2m > [22m[2mPriority Normalization[2m > [22m[2mshould normalize non-sequential priorities
[22m[39mDeploying mod (Non-destructive): B

[90mstdout[2m | tests/unit/final-push-backend.test.ts[2m > [22m[2mFinal Push Backend[2m > [22m[2mToggle Conflict Check[2m > [22m[2mshould detect category conflict
[22m[39mDeploying mod (Non-destructive): Mod2

[90mstdout[2m | tests/unit/final-push-backend.test.ts[2m > [22m[2mFinal Push Backend[2m > [22m[2mToggle Conflict Check[2m > [22m[2mshould ignore conflict for generic categories
[22m[39mDeploying mod (Non-destructive): Mod2

 [32m✓[39m tests/unit/final-push-backend.test.ts [2m([22m[2m3 tests[22m[2m)[22m[32m 25[2mms[22m[39m
 [32m✓[39m tests/unit/final-coverage-download-manager.test.ts [2m([22m[2m5 tests[22m[2m)[22m[32m 19[2mms[22m[39m
[90mstdout[2m | tests/unit/deployment.test.ts[2m > [22m[2mDeployment Logic (Non-Destructive)[2m > [22m[2mshould use hardlinks (fs.link) to deploy files
[22m[39mDeploying mod (Non-destructive): ModA

[90mstdout[2m | tests/unit/deployment.test.ts[2m > [22m[2mDeployment Logic (Non-Destructive)[2m > [22m[2mshould NOT delete existing files in ~mods that belong to other mods
[22m[39mDeploying mod (Non-destructive): ModA

[90mstdout[2m | tests/unit/deployment.test.ts[2m > [22m[2mDeployment Logic (Non-Destructive)[2m > [22m[2mshould fallback to copyFile if link fails (Cross-Drive support)
[22m[39mDeploying mod (Non-destructive): ModA

[90mstdout[2m | tests/unit/deployment.test.ts[2m > [22m[2mDeployment Logic (Non-Destructive)[2m > [22m[2mshould fallback to copyFile if link fails (Cross-Drive support)
[22m[39m[Deploy] Linking failed, falling back to copy for: ModA.pak

[90mstdout[2m | tests/unit/deployment.test.ts[2m > [22m[2mDeployment Logic (Non-Destructive)[2m > [22m[2mshould support .pak, .utoc, .ucas, .sig extensions (IoStore support)
[22m[39mDeploying mod (Non-destructive): ComplexMod

[90mstdout[2m | tests/unit/deployment.test.ts[2m > [22m[2mDeployment Logic (Non-Destructive)[2m > [22m[2mshould support .pak, .utoc, .ucas, .sig extensions (IoStore support)
[22m[39m[Deploy] Linking failed, falling back to copy for: data.pak

[90mstdout[2m | tests/unit/deployment.test.ts[2m > [22m[2mDeployment Logic (Non-Destructive)[2m > [22m[2mshould support .pak, .utoc, .ucas, .sig extensions (IoStore support)
[22m[39m[Deploy] Linking failed, falling back to copy for: data.utoc

[90mstdout[2m | tests/unit/deployment.test.ts[2m > [22m[2mDeployment Logic (Non-Destructive)[2m > [22m[2mshould support .pak, .utoc, .ucas, .sig extensions (IoStore support)
[22m[39m[Deploy] Linking failed, falling back to copy for: data.ucas

[90mstdout[2m | tests/unit/deployment.test.ts[2m > [22m[2mDeployment Logic (Non-Destructive)[2m > [22m[2mshould support .pak, .utoc, .ucas, .sig extensions (IoStore support)
[22m[39m[Deploy] Linking failed, falling back to copy for: data.sig

 [32m✓[39m tests/unit/deployment.test.ts [2m([22m[2m4 tests[22m[2m)[22m[32m 19[2mms[22m[39m
 [32m✓[39m tests/unit/download-manager.test.tsx [2m([22m[2m8 tests[22m[2m)[22m[32m 27[2mms[22m[39m
[90mstdout[2m | tests/unit/coverage-sweeper-api-cache.test.ts[2m > [22m[2mAPICache[2m > [22m[2mshould ignore entries without ttl
[22m[39m[Cache] Loaded 0 entries from disk

[90mstdout[2m | tests/unit/coverage-sweeper-api-cache.test.ts
[22m[39m[Cache] No persistent cache found, starting fresh

 [32m✓[39m tests/unit/coverage-sweeper-api-cache.test.ts [2m([22m[2m1 test[22m[2m)[22m[32m 23[2mms[22m[39m
[90mstdout[2m | tests/unit/api-cache-gaps.test.ts[2m > [22m[2mAPICache Gaps[2m > [22m[2mshould evict oldest entry when maxMemorySize is exceeded
[22m[39m[Cache] Set key: 1 with TTL: 300000ms
[Cache] Loaded 1 entries from disk
[Cache] Set key: 2 with TTL: 300000ms

[90mstdout[2m | tests/unit/api-cache-gaps.test.ts[2m > [22m[2mAPICache Gaps[2m > [22m[2mshould evict oldest entry when maxMemorySize is exceeded
[22m[39m[Cache] Evicted oldest entry: 1
[Cache] Set key: 3 with TTL: 300000ms

[90mstdout[2m | tests/unit/api-cache-gaps.test.ts[2m > [22m[2mAPICache Gaps[2m > [22m[2mshould evict oldest entry when maxMemorySize is exceeded
[22m[39m[Cache] Miss for key: 1

[90mstdout[2m | tests/unit/api-cache-gaps.test.ts[2m > [22m[2mAPICache Gaps[2m > [22m[2mshould evict oldest entry when maxMemorySize is exceeded
[22m[39m[Cache] Hit (memory) for key: 2

[90mstdout[2m | tests/unit/api-cache-gaps.test.ts[2m > [22m[2mAPICache Gaps[2m > [22m[2mshould evict oldest entry when maxMemorySize is exceeded
[22m[39m[Cache] Hit (memory) for key: 3

[90mstdout[2m | tests/unit/api-cache-gaps.test.ts[2m > [22m[2mAPICache Gaps[2m > [22m[2mshould handle persistent write failure gracefully
[22m[39m[Cache] Set key: 1 with TTL: 300000ms
[Cache] Loaded 1 entries from disk

[90mstdout[2m | tests/unit/api-cache-gaps.test.ts[2m > [22m[2mAPICache Gaps[2m > [22m[2mshould handle persistent directory creation failure
[22m[39m[Cache] Set key: 1 with TTL: 300000ms
[Cache] Loaded 1 entries from disk

[90mstdout[2m | tests/unit/api-cache-gaps.test.ts[2m > [22m[2mAPICache Gaps[2m > [22m[2mshould handle persistent read failure during load
[22m[39m[Cache] No persistent cache found, starting fresh

[90mstdout[2m | tests/unit/api-cache-gaps.test.ts[2m > [22m[2mAPICache Gaps[2m > [22m[2mshould invalidate persistent cache matching regex
[22m[39m[Cache] Loaded 0 entries from disk
[Cache] Invalidated (disk): mod_1
[Cache] Invalidated (disk): mod_2

[90mstdout[2m | tests/unit/api-cache-gaps.test.ts[2m > [22m[2mAPICache Gaps[2m > [22m[2mshould handle invalidate persistent failure
[22m[39m[Cache] Loaded 0 entries from disk

 [32m✓[39m tests/unit/api-cache-gaps.test.ts [2m([22m[2m6 tests[22m[2m)[22m[32m 33[2mms[22m[39m
 [32m✓[39m tests/unit/mod-manager-ue4ss.test.ts [2m([22m[2m3 tests[22m[2m)[22m[32m 15[2mms[22m[39m
[90mstdout[2m | tests/unit/mod-manager-final.test.ts[2m > [22m[2mModManager Final Gaps[2m > [22m[2mlaunchGame[2m > [22m[2mshould handle execFile error callback
[22m[39mLaunching game with 0 mods enabled
Launching game at: /game/SparkingZERO.exe

[90mstdout[2m | tests/unit/mod-manager-final.test.ts[2m > [22m[2mModManager Final Gaps[2m > [22m[2minstallUE4SS[2m > [22m[2mshould return failure if fetchLatestRelease returns null
[22m[39mInstalling UE4SS...

 [32m✓[39m tests/unit/mod-manager-final.test.ts [2m([22m[2m2 tests[22m[2m)[22m[32m 21[2mms[22m[39m
[90mstdout[2m | tests/unit/final-coverage-all.test.ts[2m > [22m[2mFinal Coverage Sweeper[2m > [22m[2mshould install .pak file directly
[22m[39mDeploying mod (Non-destructive): mod

[90mstderr[2m | tests/unit/final-coverage-all.test.ts[2m > [22m[2mFinal Coverage Sweeper[2m > [22m[2mshould install .pak file directly
[22m[39mGame path not set

[90mstdout[2m | tests/unit/final-coverage-all.test.ts[2m > [22m[2mFinal Coverage Sweeper[2m > [22m[2mshould install .zip file via extraction
[22m[39mDeploying mod (Non-destructive): mod

[90mstderr[2m | tests/unit/final-coverage-all.test.ts[2m > [22m[2mFinal Coverage Sweeper[2m > [22m[2mshould install .zip file via extraction
[22m[39mGame path not set

 [32m✓[39m tests/unit/final-coverage-all.test.ts [2m([22m[2m4 tests[22m[2m)[22m[32m 29[2mms[22m[39m
[90mstdout[2m | tests/unit/update-all.test.ts[2m > [22m[2mModManager - updateAllMods[2m > [22m[2mshould update all mods successfully
[22m[39m[ModManager] Updating 3 mods...

[90mstdout[2m | tests/unit/update-all.test.ts[2m > [22m[2mModManager - updateAllMods[2m > [22m[2mshould handle partial failures
[22m[39m[ModManager] Updating 3 mods...

[90mstdout[2m | tests/unit/update-all.test.ts[2m > [22m[2mModManager - updateAllMods[2m > [22m[2mshould handle exceptions in updateMod
[22m[39m[ModManager] Updating 1 mods...

[90mstdout[2m | tests/unit/update-all.test.ts[2m > [22m[2mModManager - updateAllMods[2m > [22m[2mshould respect concurrency (implicitly checked via p-limit usage)
[22m[39m[ModManager] Updating 10 mods...

 [32m✓[39m tests/unit/update-all.test.ts [2m([22m[2m4 tests[22m[2m)[22m[32m 16[2mms[22m[39m
 [32m✓[39m tests/unit/final-gaps-download.test.ts [2m([22m[2m8 tests[22m[2m)[22m[32m 30[2mms[22m[39m
[90mstdout[2m | tests/unit/gamebanana-gaps.test.ts[2m > [22m[2mGameBanana API Gaps[2m > [22m[2mshould return null if fetchModProfile API fails
[22m[39m[API] Fetching Mod Profile ID: 1
[API] Profile URL: https://gamebanana.com/apiv11/Mod/1/ProfilePage

[90mstderr[2m | tests/unit/gamebanana-gaps.test.ts[2m > [22m[2mGameBanana API Gaps[2m > [22m[2mshould return null if fetchModProfile API fails
[22m[39m[API] Failed to fetch mod profile: 500 - Server Error

[90mstdout[2m | tests/unit/gamebanana-gaps.test.ts[2m > [22m[2mGameBanana API Gaps[2m > [22m[2mshould return null if fetchModProfile API fails
[22m[39m[API] Mod Profile Status: 500

[90mstdout[2m | tests/unit/gamebanana-gaps.test.ts[2m > [22m[2mGameBanana API Gaps[2m > [22m[2mshould return null if fetchModUpdates API fails
[22m[39m[API] Fetching Mod Updates ID: 1

[90mstdout[2m | tests/unit/gamebanana-gaps.test.ts[2m > [22m[2mGameBanana API Gaps[2m > [22m[2mshould return null if fetchModUpdates API fails
[22m[39m[API] Update Info Status: 500

[90mstderr[2m | tests/unit/gamebanana-gaps.test.ts[2m > [22m[2mGameBanana API Gaps[2m > [22m[2mshould return null if fetchModUpdates API fails
[22m[39m[API] Failed to fetch mod updates: 500 - Server Error

[90mstderr[2m | tests/unit/gamebanana-gaps.test.ts[2m > [22m[2mGameBanana API Gaps[2m > [22m[2mshould return empty array if getModChangelog API fails
[22m[39m[API] Failed to fetch changelog: 500 - Server Error

 [32m✓[39m tests/unit/download-manager-coverage.test.ts [2m([22m[2m5 tests[22m[2m)[22m[32m 14[2mms[22m[39m
 [32m✓[39m tests/unit/gamebanana-gaps.test.ts [2m([22m[2m3 tests[22m[2m)[22m[32m 11[2mms[22m[39m
[90mstdout[2m | tests/unit/coverage-sweeper-final-api-cache-full.test.ts[2m > [22m[2mAPICache complete coverage[2m > [22m[2mshould ignore entries without ttl
[22m[39m[Cache] Loaded 0 entries from disk

[90mstdout[2m | tests/unit/coverage-sweeper-final-api-cache-full.test.ts[2m > [22m[2mAPICache complete coverage[2m > [22m[2mshould ignore expired entries when loading persistent cache
[22m[39m[Cache] Loaded 0 entries from disk

[90mstdout[2m | tests/unit/coverage-sweeper-final-api-cache-full.test.ts
[22m[39m[Cache] No persistent cache found, starting fresh

[90mstdout[2m | tests/unit/coverage-sweeper-final-api-cache-full.test.ts
[22m[39m[Cache] No persistent cache found, starting fresh

[90mstdout[2m | tests/unit/coverage-sweeper-final-api-cache-full.test.ts
[22m[39m[Cache] No persistent cache found, starting fresh

[90mstdout[2m | tests/unit/coverage-sweeper-final-api-cache-full.test.ts
[22m[39m[Cache] No persistent cache found, starting fresh

[90mstdout[2m | tests/unit/coverage-sweeper-final-api-cache-full.test.ts
[22m[39m[Cache] No persistent cache found, starting fresh

[90mstdout[2m | tests/unit/coverage-sweeper-final-api-cache-full.test.ts
[22m[39m[Cache] No persistent cache found, starting fresh

 [32m✓[39m tests/unit/coverage-sweeper-final-api-cache-full.test.ts [2m([22m[2m5 tests[22m[2m)[22m[32m 11[2mms[22m[39m
[90mstdout[2m | tests/unit/gamebanana-final.test.ts[2m > [22m[2mGameBanana API Final Gaps[2m > [22m[2mshould return empty array if fetchCategories returns non-ok response
[22m[39m[API] Fetching Categories URL: https://gamebanana.com/apiv11/Game/12345/ProfilePage

[90mstdout[2m | tests/unit/gamebanana-final.test.ts[2m > [22m[2mGameBanana API Final Gaps[2m > [22m[2mshould return empty array if fetchCategories returns non-ok response
[22m[39m[API] Fetch Categories Status: 404

[90mstdout[2m | tests/unit/gamebanana-final.test.ts[2m > [22m[2mGameBanana API Final Gaps[2m > [22m[2mshould return empty array if fetchCategories throws an error
[22m[39m[API] Fetching Categories URL: https://gamebanana.com/apiv11/Game/12345/ProfilePage

 [32m✓[39m tests/unit/gamebanana-final.test.ts [2m([22m[2m2 tests[22m[2m)[22m[32m 13[2mms[22m[39m
[90mstdout[2m | tests/unit/logic-mods.test.ts[2m > [22m[2mModManager - LogicMods[2m > [22m[2mshould deploy LogicMods to the correct directory
[22m[39mDeploying mod (Non-destructive): Test Logic Mod

 [32m✓[39m tests/unit/logic-mods.test.ts [2m([22m[2m1 test[22m[2m)[22m[32m 10[2mms[22m[39m
[90mstdout[2m | tests/unit/coverage-backend-final-v4.test.ts[2m > [22m[2mModManager Error Branches[2m > [22m[2mshould catch error in installOnlineMod
[22m[39mInstalling mod: 123

 [32m✓[39m tests/unit/coverage-backend-final-v4.test.ts [2m([22m[2m1 test[22m[2m)[22m[32m 12[2mms[22m[39m
[90mstdout[2m | tests/unit/coverage-sweeper-final-api-cache-4.test.ts[2m > [22m[2mAPICache remaining coverage[2m > [22m[2mshould ignore expired entries when loading persistent cache
[22m[39m[Cache] Loaded 0 entries from disk

[90mstdout[2m | tests/unit/coverage-sweeper-final-api-cache-4.test.ts
[22m[39m[Cache] No persistent cache found, starting fresh

 [32m✓[39m tests/unit/coverage-sweeper-final-api-cache-4.test.ts [2m([22m[2m1 test[22m[2m)[22m[32m 8[2mms[22m[39m
[90mstdout[2m | tests/unit/coverage-sweeper-final-api-cache-3.test.ts
[22m[39m[Cache] No persistent cache found, starting fresh

 [32m✓[39m tests/unit/coverage-sweeper-final-api-cache-3.test.ts [2m([22m[2m1 test[22m[2m)[22m[32m 12[2mms[22m[39m
[90mstdout[2m | tests/unit/coverage-sweeper-final-api-cache-2.test.ts
[22m[39m[Cache] No persistent cache found, starting fresh

 [32m✓[39m tests/unit/coverage-sweeper-final-api-cache-2.test.ts [2m([22m[2m1 test[22m[2m)[22m[32m 6[2mms[22m[39m
[90mstdout[2m | tests/unit/test-utils-format.test.ts[2m > [22m[2mformatBytes gaps[2m > [22m[2mshould format all sizes
[22m[39m1.37 TB

 [32m✓[39m tests/unit/test-utils-format.test.ts [2m([22m[2m1 test[22m[2m)[22m[32m 6[2mms[22m[39m

[2m Test Files [22m [1m[32m109 passed[39m[22m[90m (109)[39m
[2m      Tests [22m [1m[32m716 passed[39m[22m[90m (716)[39m
[2m   Start at [22m 13:19:10
[2m   Duration [22m 53.96s[2m (transform 3.80s, setup 22.42s, import 56.47s, tests 23.32s, environment 23.68s)[22m

[34m % [39m[2mCoverage report from [22m[33mv8[39m
-------------------|---------|----------|---------|---------|-------------------
File               | % Stmts | % Branch | % Funcs | % Lines | Uncovered Line #s
-------------------|---------|----------|---------|---------|-------------------
All files          |   94.64 |    87.42 |   95.53 |   95.38 |
 electron          |   93.79 |    83.57 |    93.9 |   94.96 |
  api-cache.ts     |     100 |      100 |     100 |     100 |
  ...ad-manager.ts |   99.13 |    79.71 |     100 |     100 | ...03,123-195,217
  gamebanana.ts    |   92.18 |    90.14 |   96.77 |   92.67 | ...76-480,508-509
  github.ts        |     100 |      100 |     100 |     100 |
  mod-manager.ts   |   92.63 |     77.7 |      91 |   94.11 | ...1087-1088,1307
 src               |     100 |      100 |     100 |     100 |
  App.tsx          |     100 |      100 |     100 |     100 |
 src/components    |   97.81 |    96.76 |   96.94 |   97.84 |
  ...rySidebar.tsx |     100 |      100 |     100 |     100 |
  ...loadsList.tsx |     100 |      100 |     100 |     100 |
  FilterBar.tsx    |     100 |    94.11 |     100 |     100 | 178-184
  ...ailsModal.tsx |   96.96 |    93.15 |    90.9 |   96.29 | 62,200
  ...leManager.tsx |   94.02 |    97.61 |    87.5 |   95.31 | 93,111,183
  ...gsContext.tsx |   95.45 |       90 |     100 |   95.45 | 54,90
  Skeleton.tsx     |     100 |      100 |     100 |     100 |
  TitleBar.tsx     |     100 |      100 |     100 |     100 |
  Toast.tsx        |     100 |      100 |     100 |     100 |
  ToastContext.tsx |     100 |      100 |     100 |     100 |
  UpdateDialog.tsx |     100 |      100 |     100 |     100 |
 ...omponents/mods |   97.14 |     97.1 |     100 |     100 |
  ModCard.tsx      |     100 |    98.18 |     100 |     100 | 132
  ModGrid.tsx      |   94.11 |    92.85 |     100 |     100 | 36
 src/components/ui |     100 |      100 |     100 |     100 |
  Badge.tsx        |     100 |      100 |     100 |     100 |
  Button.tsx       |     100 |      100 |     100 |     100 |
  Card.tsx         |     100 |      100 |     100 |     100 |
  Switch.tsx       |     100 |      100 |     100 |     100 |
 src/layouts       |     100 |      100 |     100 |     100 |
  MainLayout.tsx   |     100 |      100 |     100 |     100 |
 src/lib           |     100 |      100 |     100 |     100 |
  utils.ts         |     100 |      100 |     100 |     100 |
 src/pages         |    93.5 |    82.68 |   94.94 |   93.35 |
  Dashboard.tsx    |     100 |      100 |     100 |     100 |
  Mods.tsx         |   92.28 |    79.48 |   93.67 |   91.98 | ...96,527,639-640
  Settings.tsx     |     100 |      100 |     100 |     100 |
-------------------|---------|----------|---------|---------|-------------------
